Component: ARM Compiler 5.06 update 6 (build 750) Tool: armlink [4d35ed]

==============================================================================

Section Cross References

    lcd.o(i.clear_screen) refers to lcd.o(i.transfer_command_lcd) for transfer_command_lcd
    lcd.o(i.clear_screen) refers to lcd.o(i.transfer_data_lcd) for transfer_data_lcd
    lcd.o(i.display_graphic_128x32) refers to lcd.o(i.lcd_address) for lcd_address
    lcd.o(i.display_graphic_128x32) refers to lcd.o(i.transfer_data_lcd) for transfer_data_lcd
    lcd.o(i.display_graphic_16x16) refers to lcd.o(i.lcd_address) for lcd_address
    lcd.o(i.display_graphic_16x16) refers to lcd.o(i.transfer_data_lcd) for transfer_data_lcd
    lcd.o(i.display_string_8x16) refers to lcd.o(i.lcd_address) for lcd_address
    lcd.o(i.display_string_8x16) refers to lcd.o(i.transfer_data_lcd) for transfer_data_lcd
    lcd.o(i.display_string_8x16) refers to lcd.o(.data) for ascii_table_8x16
    lcd.o(i.display_test) refers to lcd.o(i.lcd_address) for lcd_address
    lcd.o(i.display_test) refers to lcd.o(i.transfer_data_lcd) for transfer_data_lcd
    lcd.o(i.gpio_Init) refers to n32g45x_rcc.o(i.RCC_EnableAPB2PeriphClk) for RCC_EnableAPB2PeriphClk
    lcd.o(i.gpio_Init) refers to n32g45x_gpio.o(i.GPIO_InitPeripheral) for GPIO_InitPeripheral
    lcd.o(i.initial_lcd) refers to n32g45x_gpio.o(i.GPIO_ResetBits) for GPIO_ResetBits
    lcd.o(i.initial_lcd) refers to lcd.o(i.delay) for delay
    lcd.o(i.initial_lcd) refers to n32g45x_gpio.o(i.GPIO_SetBits) for GPIO_SetBits
    lcd.o(i.initial_lcd) refers to lcd.o(i.transfer_command_lcd) for transfer_command_lcd
    lcd.o(i.lcd_address) refers to lcd.o(i.transfer_command_lcd) for transfer_command_lcd
    lcd.o(i.transfer_command_lcd) refers to n32g45x_gpio.o(i.GPIO_ResetBits) for GPIO_ResetBits
    lcd.o(i.transfer_command_lcd) refers to spi.o(i.SPI_output) for SPI_output
    lcd.o(i.transfer_command_lcd) refers to n32g45x_gpio.o(i.GPIO_SetBits) for GPIO_SetBits
    lcd.o(i.transfer_data_lcd) refers to n32g45x_gpio.o(i.GPIO_ResetBits) for GPIO_ResetBits
    lcd.o(i.transfer_data_lcd) refers to n32g45x_gpio.o(i.GPIO_SetBits) for GPIO_SetBits
    lcd.o(i.transfer_data_lcd) refers to spi.o(i.SPI_output) for SPI_output
    spi.o(i.SPI_init) refers to kservice.o(i.rt_malloc) for rt_malloc
    spi.o(i.SPI_init) refers to kservice.o(i.rt_kprintf) for rt_kprintf
    spi.o(i.SPI_init) refers to drv_spi.o(i.rt_hw_spi_device_attach) for rt_hw_spi_device_attach
    spi.o(i.SPI_init) refers to device.o(i.rt_device_find) for rt_device_find
    spi.o(i.SPI_init) refers to kservice.o(i.rt_free) for rt_free
    spi.o(i.SPI_init) refers to dev_spi_core.o(i.rt_spi_configure) for rt_spi_configure
    spi.o(i.SPI_output) refers to device.o(i.rt_device_find) for rt_device_find
    spi.o(i.SPI_output) refers to kservice.o(i.rt_kprintf) for rt_kprintf
    spi.o(i.SPI_output) refers to dev_spi_core.o(i.rt_spi_transfer) for rt_spi_transfer
    main.o(i.main) refers to spi.o(i.SPI_init) for SPI_init
    main.o(i.main) refers to lcd.o(i.gpio_Init) for gpio_Init
    main.o(i.main) refers to n32g45x_gpio.o(i.GPIO_SetBits) for GPIO_SetBits
    main.o(i.main) refers to n32g45x_gpio.o(i.GPIO_ResetBits) for GPIO_ResetBits
    main.o(i.main) refers to lcd.o(i.initial_lcd) for initial_lcd
    main.o(i.main) refers to lcd.o(i.clear_screen) for clear_screen
    main.o(i.main) refers to lcd.o(i.display_graphic_16x16) for display_graphic_16x16
    main.o(i.main) refers to lcd.o(i.display_string_8x16) for display_string_8x16
    main.o(i.main) refers to main.o(.data) for tai
    syscall_mem.o(i.calloc) refers (Special) to hguard.o(.text) for __use_no_heap
    syscall_mem.o(i.calloc) refers to kservice.o(i.rt_calloc) for rt_calloc
    syscall_mem.o(i.free) refers (Special) to hguard.o(.text) for __use_no_heap
    syscall_mem.o(i.free) refers to kservice.o(i.rt_free) for rt_free
    syscall_mem.o(i.malloc) refers (Special) to hguard.o(.text) for __use_no_heap
    syscall_mem.o(i.malloc) refers to kservice.o(i.rt_malloc) for rt_malloc
    syscall_mem.o(i.realloc) refers (Special) to hguard.o(.text) for __use_no_heap
    syscall_mem.o(i.realloc) refers to kservice.o(i.rt_realloc) for rt_realloc
    syscalls.o(i._sys_close) refers (Special) to use_no_semi.o(.text) for __use_no_semihosting_swi
    syscalls.o(i._sys_close) refers to kservice.o(i.rt_kprintf) for rt_kprintf
    syscalls.o(i._sys_close) refers to syscalls.o(.constdata) for __func__
    syscalls.o(i._sys_command_string) refers (Special) to use_no_semi.o(.text) for __use_no_semihosting_swi
    syscalls.o(i._sys_ensure) refers (Special) to use_no_semi.o(.text) for __use_no_semihosting_swi
    syscalls.o(i._sys_ensure) refers to kservice.o(i.rt_kprintf) for rt_kprintf
    syscalls.o(i._sys_ensure) refers to syscalls.o(.constdata) for __func__
    syscalls.o(i._sys_exit) refers (Special) to use_no_semi.o(.text) for __use_no_semihosting_swi
[...]
    rt_object_detach                         0x08009ff1   Thumb Code    92  object.o(i.rt_object_detach)
    rt_object_find                           0x0800a081   Thumb Code    62  object.o(i.rt_object_find)
    rt_object_for_each                       0x0800a0f5   Thumb Code   134  object.o(i.rt_object_for_each)
    rt_object_get_information                0x0800a1ad   Thumb Code    44  object.o(i.rt_object_get_information)
    rt_object_get_type                       0x0800a1dd   Thumb Code    26  object.o(i.rt_object_get_type)
    rt_object_init                           0x0800a211   Thumb Code   152  object.o(i.rt_object_init)
    rt_object_is_systemobject                0x0800a2d9   Thumb Code    34  object.o(i.rt_object_is_systemobject)
    rt_pin_get                               0x0800a315   Thumb Code    46  dev_pin.o(i.rt_pin_get)
    rt_pin_mode                              0x0800a365   Thumb Code    38  dev_pin.o(i.rt_pin_mode)
    rt_pin_read                              0x0800a3ad   Thumb Code    34  dev_pin.o(i.rt_pin_read)
    rt_pin_write                             0x0800a3f1   Thumb Code    38  dev_pin.o(i.rt_pin_write)
    rt_sched_insert_thread                   0x0800a439   Thumb Code   156  scheduler_up.o(i.rt_sched_insert_thread)
    rt_sched_lock                            0x0800a4f5   Thumb Code    24  scheduler_up.o(i.rt_sched_lock)
    rt_sched_remove_thread                   0x0800a50d   Thumb Code    90  scheduler_up.o(i.rt_sched_remove_thread)
    rt_sched_thread_bind_cpu                 0x0800a589   Thumb Code     8  scheduler_up.o(i.rt_sched_thread_bind_cpu)
    rt_sched_thread_change_priority          0x0800a591   Thumb Code    84  scheduler_comm.o(i.rt_sched_thread_change_priority)
    rt_sched_thread_close                    0x0800a60d   Thumb Code    12  scheduler_comm.o(i.rt_sched_thread_close)
    rt_sched_thread_get_curr_prio            0x0800a619   Thumb Code     8  scheduler_comm.o(i.rt_sched_thread_get_curr_prio)
    rt_sched_thread_get_init_prio            0x0800a621   Thumb Code     8  scheduler_comm.o(i.rt_sched_thread_get_init_prio)
    rt_sched_thread_get_stat                 0x0800a629   Thumb Code    12  scheduler_comm.o(i.rt_sched_thread_get_stat)
    rt_sched_thread_init_ctx                 0x0800a635   Thumb Code    26  scheduler_comm.o(i.rt_sched_thread_init_ctx)
    rt_sched_thread_init_priv                0x0800a651   Thumb Code    50  scheduler_up.o(i.rt_sched_thread_init_priv)
    rt_sched_thread_is_suspended             0x0800a6ad   Thumb Code    12  scheduler_comm.o(i.rt_sched_thread_is_suspended)
    rt_sched_thread_ready                    0x0800a6b9   Thumb Code    74  scheduler_comm.o(i.rt_sched_thread_ready)
    rt_sched_thread_startup                  0x0800a703   Thumb Code    18  scheduler_up.o(i.rt_sched_thread_startup)
    rt_sched_thread_timer_start              0x0800a715   Thumb Code    20  scheduler_comm.o(i.rt_sched_thread_timer_start)
    rt_sched_thread_timer_stop               0x0800a729   Thumb Code    44  scheduler_comm.o(i.rt_sched_thread_timer_stop)
    rt_sched_thread_yield                    0x0800a755   Thumb Code    22  scheduler_comm.o(i.rt_sched_thread_yield)
    rt_sched_tick_increase                   0x0800a76b   Thumb Code    62  scheduler_comm.o(i.rt_sched_tick_increase)
    rt_sched_unlock                          0x0800a7a9   Thumb Code    14  scheduler_up.o(i.rt_sched_unlock)
    rt_sched_unlock_n_resched                0x0800a7b7   Thumb Code    24  scheduler_up.o(i.rt_sched_unlock_n_resched)
    rt_schedule                              0x0800a7d1   Thumb Code   302  scheduler_up.o(i.rt_schedule)
    rt_scheduler_stack_check                 0x0800a919   Thumb Code   114  scheduler_comm.o(i.rt_scheduler_stack_check)
    rt_sem_detach                            0x0800aa31   Thumb Code   100  ipc.o(i.rt_sem_detach)
    rt_sem_init                              0x0800aadd   Thumb Code    92  ipc.o(i.rt_sem_init)
    rt_sem_release                           0x0800ab9d   Thumb Code   148  ipc.o(i.rt_sem_release)
    rt_sem_take                              0x0800ac4d   Thumb Code    18  ipc.o(i.rt_sem_take)
    rt_sem_trytake                           0x0800ac5f   Thumb Code    14  ipc.o(i.rt_sem_trytake)
    rt_set_errno                             0x0800b2b5   Thumb Code    38  kerrno.o(i.rt_set_errno)
    rt_show_version                          0x0800b2e1   Thumb Code    42  kservice.o(i.rt_show_version)
    rt_smem_alloc                            0x0800b3a5   Thumb Code   424  mem.o(i.rt_smem_alloc)
    rt_smem_free                             0x0800b605   Thumb Code   202  mem.o(i.rt_smem_free)
    rt_smem_init                             0x0800b7a9   Thumb Code   172  mem.o(i.rt_smem_init)
    rt_snprintf                              0x0800b899   Thumb Code    40  kstdio.o(i.rt_snprintf)
    rt_spi_bus_attach_device                 0x0800b8c1   Thumb Code    28  dev_spi_core.o(i.rt_spi_bus_attach_device)
    rt_spi_bus_attach_device_cspin           0x0800b8dd   Thumb Code    92  dev_spi_core.o(i.rt_spi_bus_attach_device_cspin)
    rt_spi_bus_device_init                   0x0800b939   Thumb Code    56  dev_spi.o(i.rt_spi_bus_device_init)
    rt_spi_bus_register                      0x0800b98d   Thumb Code    58  dev_spi_core.o(i.rt_spi_bus_register)
    rt_spi_configure                         0x0800b9c9   Thumb Code   200  dev_spi_core.o(i.rt_spi_configure)
    rt_spi_transfer                          0x0800bae9   Thumb Code   228  dev_spi_core.o(i.rt_spi_transfer)
    rt_spidev_device_init                    0x0800bc5d   Thumb Code    56  dev_spi.o(i.rt_spidev_device_init)
    rt_spin_lock                             0x0800bcb5   Thumb Code    14  cpu_up.o(i.rt_spin_lock)
    rt_spin_lock_init                        0x0800bcc3   Thumb Code     2  cpu_up.o(i.rt_spin_lock_init)
    rt_spin_lock_irqsave                     0x0800bcc5   Thumb Code    22  cpu_up.o(i.rt_spin_lock_irqsave)
    rt_spin_unlock                           0x0800bcdb   Thumb Code    22  cpu_up.o(i.rt_spin_unlock)
    rt_spin_unlock_irqrestore                0x0800bcf1   Thumb Code    30  cpu_up.o(i.rt_spin_unlock_irqrestore)
    rt_strcmp                                0x0800bd0f   Thumb Code    28  kstring.o(i.rt_strcmp)
    rt_strerror                              0x0800bd2d   Thumb Code    44  kerrno.o(i.rt_strerror)
    rt_strlen                                0x0800bd65   Thumb Code    20  kstring.o(i.rt_strlen)
    rt_strncmp                               0x0800bd79   Thumb Code    40  kstring.o(i.rt_strncmp)
    rt_strncpy                               0x0800bda1   Thumb Code    52  kstring.o(i.rt_strncpy)
    rt_susp_list_dequeue                     0x0800bdd5   Thumb Code    72  ipc.o(i.rt_susp_list_dequeue)
    rt_susp_list_enqueue                     0x0800be39   Thumb Code   124  ipc.o(i.rt_susp_list_enqueue)
    rt_susp_list_print                       0x0800bebd   Thumb Code    56  ipc.o(i.rt_susp_list_print)
    rt_susp_list_resume_all                  0x0800bf01   Thumb Code    36  ipc.o(i.rt_susp_list_resume_all)
    rt_susp_list_resume_all_irq              0x0800bf25   Thumb Code    48  ipc.o(i.rt_susp_list_resume_all_irq)
    rt_system_heap_init                      0x0800bf55   Thumb Code    16  kservice.o(i.rt_system_heap_init)
    rt_system_heap_init_generic              0x0800bf65   Thumb Code    66  kservice.o(i.rt_system_heap_init_generic)
    rt_system_scheduler_init                 0x0800bfdd   Thumb Code    36  scheduler_up.o(i.rt_system_scheduler_init)
    rt_system_scheduler_start                0x0800c00d   Thumb Code    38  scheduler_up.o(i.rt_system_scheduler_start)
    rt_system_timer_init                     0x0800c035   Thumb Code    30  timer.o(i.rt_system_timer_init)
    rt_system_timer_thread_init              0x0800c05d   Thumb Code     2  timer.o(i.rt_system_timer_thread_init)
    rt_thread_close                          0x0800c061   Thumb Code    80  thread.o(i.rt_thread_close)
    rt_thread_control                        0x0800c0e9   Thumb Code   154  thread.o(i.rt_thread_control)
    rt_thread_create                         0x0800c1a1   Thumb Code    98  thread.o(i.rt_thread_create)
    rt_thread_defunct_dequeue                0x0800c215   Thumb Code    72  defunct.o(i.rt_thread_defunct_dequeue)
    rt_thread_defunct_enqueue                0x0800c265   Thumb Code    42  defunct.o(i.rt_thread_defunct_enqueue)
    rt_thread_defunct_init                   0x0800c299   Thumb Code    10  defunct.o(i.rt_thread_defunct_init)
    rt_thread_delete                         0x0800c2a9   Thumb Code    68  thread.o(i.rt_thread_delete)
    rt_thread_detach                         0x0800c345   Thumb Code    68  thread.o(i.rt_thread_detach)
    rt_thread_idle_init                      0x0800c3d5   Thumb Code   118  idle.o(i.rt_thread_idle_init)
    rt_thread_init                           0x0800c465   Thumb Code   106  thread.o(i.rt_thread_init)
    rt_thread_resume                         0x0800c50d   Thumb Code   102  thread.o(i.rt_thread_resume)
    rt_thread_self                           0x0800c595   Thumb Code    10  thread.o(i.rt_thread_self)
    rt_thread_startup                        0x0800c5a1   Thumb Code    78  thread.o(i.rt_thread_startup)
    rt_thread_suspend_to_list                0x0800c611   Thumb Code   188  thread.o(i.rt_thread_suspend_to_list)
    rt_thread_suspend_with_flag              0x0800c709   Thumb Code    20  thread.o(i.rt_thread_suspend_with_flag)
    rt_tick_get                              0x0800c71d   Thumb Code    10  clock.o(i.rt_tick_get)
    rt_tick_increase                         0x0800c72d   Thumb Code    56  clock.o(i.rt_tick_increase)
    rt_timer_check                           0x0800c78d   Thumb Code    32  timer.o(i.rt_timer_check)
    rt_timer_control                         0x0800c7d5   Thumb Code   218  timer.o(i.rt_timer_control)
    rt_timer_detach                          0x0800c931   Thumb Code   106  timer.o(i.rt_timer_detach)
    rt_timer_init                            0x0800ca21   Thumb Code    94  timer.o(i.rt_timer_init)
    rt_timer_start                           0x0800cac5   Thumb Code   138  timer.o(i.rt_timer_start)
    rt_timer_stop                            0x0800cbed   Thumb Code   120  timer.o(i.rt_timer_stop)
    rt_tz_get                                0x0800ccc1   Thumb Code     6  ctime.o(i.rt_tz_get)
    rt_tz_is_dst                             0x0800cccd   Thumb Code     4  ctime.o(i.rt_tz_is_dst)
    rt_vsnprintf                             0x0800ccd1   Thumb Code  1054  kstdio.o(i.rt_vsnprintf)
    rt_workqueue_create                      0x0800d245   Thumb Code   116  workqueue.o(i.rt_workqueue_create)
    rtthread_startup                         0x0800d2d5   Thumb Code    46  components.o(i.rtthread_startup)
    set_timestamp                            0x0800d305   Thumb Code    46  dev_rtc.o(i.set_timestamp)
    timegm                                   0x0800d4c5   Thumb Code   390  ctime.o(i.timegm)
    transfer_command_lcd                     0x0800d651   Thumb Code    40  lcd.o(i.transfer_command_lcd)
    transfer_data_lcd                        0x0800d681   Thumb Code    40  lcd.o(i.transfer_data_lcd)
    _get_lc_ctype                            0x0800d945   Thumb Code    44  lc_ctype_c.o(locale$$code)
    _fp_init                                 0x0800d971   Thumb Code    10  fpinit.o(x$fpl$fpinit)
    __fplib_config_fpu_vfp                   0x0800d979   Thumb Code     0  fpinit.o(x$fpl$fpinit)
    __fplib_config_pureend_doubles           0x0800d979   Thumb Code     0  fpinit.o(x$fpl$fpinit)
    __fsym_canstat_name                      0x0800f876   Data           8  dev_can.o(.rodata.name)
    __fsym_canstat_desc                      0x0800f87e   Data          23  dev_can.o(.rodata.name)
    __fsym_adc_name                          0x0800f895   Data           4  adc.o(.rodata.name)
    __fsym_adc_desc                          0x0800f899   Data          13  adc.o(.rodata.name)
    __fsym_dac_name                          0x0800f8a6   Data           4  dac.o(.rodata.name)
    __fsym_dac_desc                          0x0800f8aa   Data          13  dac.o(.rodata.name)
    __fsym_pin_name                          0x0800f8b7   Data           4  dev_pin.o(.rodata.name)
    __fsym_pin_desc                          0x0800f8bb   Data          13  dev_pin.o(.rodata.name)
    __fsym_date_name                         0x0800f8c8   Data           5  dev_rtc.o(.rodata.name)
    __fsym_date_desc                         0x0800f8cd   Data          72  dev_rtc.o(.rodata.name)
    __fsym_clear_name                        0x0800f915   Data           6  cmd.o(.rodata.name)
    __fsym_clear_desc                        0x0800f91b   Data          26  cmd.o(.rodata.name)
    __fsym_version_name                      0x0800f935   Data           8  cmd.o(.rodata.name)
    __fsym_version_desc                      0x0800f93d   Data          35  cmd.o(.rodata.name)
    __fsym_list_name                         0x0800f960   Data           5  cmd.o(.rodata.name)
    __fsym_list_desc                         0x0800f965   Data          13  cmd.o(.rodata.name)
    __fsym_help_name                         0x0800f972   Data           5  msh.o(.rodata.name)
    __fsym_help_desc                         0x0800f977   Data          21  msh.o(.rodata.name)
    __fsym_ps_name                           0x0800f98c   Data           3  msh.o(.rodata.name)
    __fsym_ps_desc                           0x0800f98f   Data          27  msh.o(.rodata.name)
    __fsym_free_name                         0x0800f9aa   Data           5  msh.o(.rodata.name)
    __fsym_free_desc                         0x0800f9af   Data          36  msh.o(.rodata.name)
    __fsym_backtrace_name                    0x0800f9d3   Data          10  kservice.o(.rodata.name)
    __fsym_backtrace_desc                    0x0800f9dd   Data          28  kservice.o(.rodata.name)
    __rt_init_rti_start                      0x0800f9fc   Data           4  components.o(.rti_fn.0)
    __rt_init_rti_board_start                0x0800fa00   Data           4  components.o(.rti_fn.0.end)
    __rt_init_rt_hw_pin_init                 0x0800fa04   Data           4  drv_gpio.o(.rti_fn.1)
    __rt_init_rt_hw_spi_init                 0x0800fa08   Data           4  drv_spi.o(.rti_fn.1)
    __rt_init_rt_hw_usart_init               0x0800fa0c   Data           4  drv_usart.o(.rti_fn.1)
    __rt_init_rti_board_end                  0x0800fa10   Data           4  components.o(.rti_fn.1.end)
    __rt_init_rt_work_sys_workqueue_init     0x0800fa14   Data           4  workqueue.o(.rti_fn.2)
    __rt_init_rt_hw_wdt_init                 0x0800fa18   Data           4  drv_wdt.o(.rti_fn.3)
    __rt_init_finsh_system_init              0x0800fa1c   Data           4  shell.o(.rti_fn.6)
    __rt_init_rti_end                        0x0800fa20   Data           4  components.o(.rti_fn.6.end)
    FSymTab$$Base                            0x0800fa24   Number         0  dev_can.o(FSymTab)
    __fsym_canstat                           0x0800fa24   Data          16  dev_can.o(FSymTab)
    __fsym_adc                               0x0800fa34   Data          16  adc.o(FSymTab)
    __fsym_dac                               0x0800fa44   Data          16  dac.o(FSymTab)
    __fsym_pin                               0x0800fa54   Data          16  dev_pin.o(FSymTab)
    __fsym_date                              0x0800fa64   Data          16  dev_rtc.o(FSymTab)
    __fsym_clear                             0x0800fa74   Data          16  cmd.o(FSymTab)
    __fsym_version                           0x0800fa84   Data          16  cmd.o(FSymTab)
    __fsym_list                              0x0800fa94   Data          16  cmd.o(FSymTab)
    __fsym_help                              0x0800faa4   Data          16  msh.o(FSymTab)
    __fsym_ps                                0x0800fab4   Data          16  msh.o(FSymTab)
    __fsym_free                              0x0800fac4   Data          16  msh.o(FSymTab)
    __fsym_backtrace                         0x0800fad4   Data          16  kservice.o(FSymTab)
    FSymTab$$Limit                           0x0800fae4   Number         0  kservice.o(FSymTab)
    Region$$Table$$Base                      0x0800fae4   Number         0  anon$$obj.o(Region$$Table)
    Region$$Table$$Limit                     0x0800fb04   Number         0  anon$$obj.o(Region$$Table)
    __ctype                                  0x0800fb11   Data           0  lc_ctype_c.o(locale$$data)
    ascii_table_8x16                         0x20000000   Data        1520  lcd.o(.data)
    code_test                                0x200005f0   Data        2048  main.o(.data)
    zhuang                                   0x20000df0   Data          32  main.o(.data)
    tai                                      0x20000e10   Data          32  main.o(.data)
    gImage_222                               0x20000e30   Data         166  main.o(.data)
    LsiFreq                                  0x20001018   Data           4  drv_wdt.o(.data)
    _syscall_table_begin                     0x200010ac   Data           4  shell.o(.data)
    _syscall_table_end                       0x200010b0   Data           4  shell.o(.data)
    shell                                    0x200010b4   Data           4  shell.o(.data)
    rt_interrupt_nest                        0x200010f0   Data           4  irq.o(.data)
    rt_assert_hook                           0x20001188   Data           4  kservice.o(.data)
    rt_object_trytake_hook                   0x200012b4   Data           4  object.o(.data)
    rt_object_take_hook                      0x200012b8   Data           4  object.o(.data)
    rt_object_put_hook                       0x200012bc   Data           4  object.o(.data)
    rt_thread_ready_priority_group           0x200012c0   Data           4  scheduler_up.o(.data)
    rt_current_priority                      0x200012c6   Data           1  scheduler_up.o(.data)
    rt_interrupt_from_thread                 0x200012f4   Data           4  cpuport.o(.data)
    rt_interrupt_to_thread                   0x200012f8   Data           4  cpuport.o(.data)
    rt_thread_switch_interrupt_flag          0x200012fc   Data           4  cpuport.o(.data)
    SystemCoreClock                          0x20001304   Data           4  system_n32g45x.o(.data)
    serial1                                  0x20001448   Data         104  drv_usart.o(.bss)
    serial2                                  0x200014b0   Data         104  drv_usart.o(.bss)
    rt_thread_priority_table                 0x20001844   Data         256  scheduler_up.o(.bss)
    __libspace_start                         0x20001944   Data          96  libspace.o(.bss)
    __temporary_stack_top$libspace           0x200019a4   Data           0  libspace.o(.bss)
    Image$$RW_IRAM1$$ZI$$Limit               0x200031a8   Number         0  anon$$obj.o ABSOLUTE



==============================================================================

Memory Map of the image

  Image Entry point : 0x08000199

  Load Region LR_IROM1 (Base: 0x08000000, Size: 0x00010f1c, Max: 0x00080000, ABSOLUTE, COMPRESSED[0x0001022c])

    Execution Region ER_IROM1 (Exec base: 0x08000000, Load base: 0x08000000, Size: 0x0000fc14, Max: 0x00080000, ABSOLUTE)

    Exec Addr    Load Addr    Size         Type   Attr      Idx    E Section Name        Object

    0x08000000   0x08000000   0x00000198   Data   RO         2849    RESET               startup_n32g45x.o
    0x08000198   0x08000198   0x00000008   Code   RO         8617  * !!!main             c_w.l(__main.o)
    0x080001a0   0x080001a0   0x00000034   Code   RO         8788    !!!scatter          c_w.l(__scatter.o)
    0x080001d4   0x080001d4   0x0000005a   Code   RO         8786    !!dczerorl2         c_w.l(__dczerorl2.o)
    0x0800022e   0x0800022e   0x00000002   PAD
    0x08000230   0x08000230   0x0000001c   Code   RO         8790    !!handler_zi        c_w.l(__scatter_zi.o)
    0x0800024c   0x0800024c   0x00000002   Code   RO         8715    .ARM.Collect$$libinit$$00000000  c_w.l(libinit.o)
    0x0800024e   0x0800024e   0x00000004   Code   RO         8659    .ARM.Collect$$libinit$$00000001  c_w.l(libinit2.o)
    0x08000252   0x08000252   0x00000000   Code   RO         8662    .ARM.Collect$$libinit$$00000004  c_w.l(libinit2.o)
    0x08000252   0x08000252   0x00000000   Code   RO         8665    .ARM.Collect$$libinit$$0000000A  c_w.l(libinit2.o)
    0x08000252   0x08000252   0x00000000   Code   RO         8667    .ARM.Collect$$libinit$$0000000C  c_w.l(libinit2.o)
    0x08000252   0x08000252   0x00000000   Code   RO         8669    .ARM.Collect$$libinit$$0000000E  c_w.l(libinit2.o)
    0x08000252   0x08000252   0x00000006   Code   RO         8670    .ARM.Collect$$libinit$$0000000F  c_w.l(libinit2.o)
    0x08000258   0x08000258   0x00000000   Code   RO         8672    .ARM.Collect$$libinit$$00000011  c_w.l(libinit2.o)
    0x08000258   0x08000258   0x0000000c   Code   RO         8673    .ARM.Collect$$libinit$$00000012  c_w.l(libinit2.o)
    0x08000264   0x08000264   0x00000000   Code   RO         8674    .ARM.Collect$$libinit$$00000013  c_w.l(libinit2.o)
    0x08000264   0x08000264   0x00000000   Code   RO         8676    .ARM.Collect$$libinit$$00000015  c_w.l(libinit2.o)
    0x08000264   0x08000264   0x00000000   Code   RO         8678    .ARM.Collect$$libinit$$00000017  c_w.l(libinit2.o)
    0x08000264   0x08000264   0x00000000   Code   RO         8680    .ARM.Collect$$libinit$$00000019  c_w.l(libinit2.o)
    0x08000264   0x08000264   0x00000000   Code   RO         8682    .ARM.Collect$$libinit$$0000001B  c_w.l(libinit2.o)
    0x08000264   0x08000264   0x00000000   Code   RO         8684    .ARM.Collect$$libinit$$0000001D  c_w.l(libinit2.o)
    0x08000264   0x08000264   0x00000000   Code   RO         8686    .ARM.Collect$$libinit$$0000001F  c_w.l(libinit2.o)
    0x08000264   0x08000264   0x00000000   Code   RO         8688    .ARM.Collect$$libinit$$00000021  c_w.l(libinit2.o)
    0x08000264   0x08000264   0x00000000   Code   RO         8690    .ARM.Collect$$libinit$$00000023  c_w.l(libinit2.o)
    0x08000264   0x08000264   0x00000000   Code   RO         8692    .ARM.Collect$$libinit$$00000025  c_w.l(libinit2.o)
    0x08000264   0x08000264   0x00000000   Code   RO         8696    .ARM.Collect$$libinit$$0000002C  c_w.l(libinit2.o)
    0x08000264   0x08000264   0x00000000   Code   RO         8698    .ARM.Collect$$libinit$$0000002E  c_w.l(libinit2.o)
    0x08000264   0x08000264   0x00000000   Code   RO         8700    .ARM.Collect$$libinit$$00000030  c_w.l(libinit2.o)
    0x08000264   0x08000264   0x00000000   Code   RO         8702    .ARM.Collect$$libinit$$00000032  c_w.l(libinit2.o)
    0x08000264   0x08000264   0x00000002   Code   RO         8703    .ARM.Collect$$libinit$$00000033  c_w.l(libinit2.o)
    0x08000266   0x08000266   0x00000002   Code   RO         8745    .ARM.Collect$$libshutdown$$00000000  c_w.l(libshutdown.o)
    0x08000268   0x08000268   0x00000000   Code   RO         8751    .ARM.Collect$$libshutdown$$00000002  c_w.l(libshutdown2.o)
    0x08000268   0x08000268   0x00000000   Code   RO         8753    .ARM.Collect$$libshutdown$$00000004  c_w.l(libshutdown2.o)
    0x08000268   0x08000268   0x00000000   Code   RO         8756    .ARM.Collect$$libshutdown$$00000007  c_w.l(libshutdown2.o)
    0x08000268   0x08000268   0x00000000   Code   RO         8759    .ARM.Collect$$libshutdown$$0000000A  c_w.l(libshutdown2.o)
    0x08000268   0x08000268   0x00000000   Code   RO         8761    .ARM.Collect$$libshutdown$$0000000C  c_w.l(libshutdown2.o)
    0x08000268   0x08000268   0x00000000   Code   RO         8764    .ARM.Collect$$libshutdown$$0000000F  c_w.l(libshutdown2.o)
    0x08000268   0x08000268   0x00000002   Code   RO         8765    .ARM.Collect$$libshutdown$$00000010  c_w.l(libshutdown2.o)
    0x0800026a   0x0800026a   0x00000000   Code   RO         8619    .ARM.Collect$$rtentry$$00000000  c_w.l(__rtentry.o)
    0x0800026a   0x0800026a   0x00000000   Code   RO         8643    .ARM.Collect$$rtentry$$00000002  c_w.l(__rtentry2.o)
    0x0800026a   0x0800026a   0x00000006   Code   RO         8655    .ARM.Collect$$rtentry$$00000004  c_w.l(__rtentry4.o)
    0x08000270   0x08000270   0x00000000   Code   RO         8645    .ARM.Collect$$rtentry$$00000009  c_w.l(__rtentry2.o)
    0x08000270   0x08000270   0x00000004   Code   RO         8646    .ARM.Collect$$rtentry$$0000000A  c_w.l(__rtentry2.o)
    0x08000274   0x08000274   0x00000000   Code   RO         8648    .ARM.Collect$$rtentry$$0000000C  c_w.l(__rtentry2.o)
    0x08000274   0x08000274   0x00000008   Code   RO         8649    .ARM.Collect$$rtentry$$0000000D  c_w.l(__rtentry2.o)
    0x0800027c   0x0800027c   0x00000002   Code   RO         8718    .ARM.Collect$$rtexit$$00000000  c_w.l(rtexit.o)
    0x0800027e   0x0800027e   0x00000000   Code   RO         8725    .ARM.Collect$$rtexit$$00000002  c_w.l(rtexit2.o)
    0x0800027e   0x0800027e   0x00000004   Code   RO         8726    .ARM.Collect$$rtexit$$00000003  c_w.l(rtexit2.o)
    0x08000282   0x08000282   0x00000006   Code   RO         8727    .ARM.Collect$$rtexit$$00000004  c_w.l(rtexit2.o)
    0x08000288   0x08000288   0x00000010   Code   RO         5727    .emb_text           cpuport.o
    0x08000298   0x08000298   0x00000040   Code   RO         2850    .text               startup_n32g45x.o
    0x080002d8   0x080002d8   0x00000144   Code   RO         5723    .text               context_rvds.o
    0x0800041c   0x0800041c   0x00000002   Code   RO         8583    .text               c_w.l(use_no_semi.o)
    0x0800041e   0x0800041e   0x00000002   PAD
    0x08000420   0x08000420   0x00000010   Code   RO         8585    .text               c_w.l(rt_ctype_table.o)
    0x08000430   0x08000430   0x0000001a   Code   RO         8591    .text               c_w.l(atoi.o)
    0x0800044a   0x0800044a   0x00000072   Code   RO         8593    .text               c_w.l(strtoul.o)
    0x080004bc   0x080004bc   0x00000014   Code   RO         8595    .text               c_w.l(strchr.o)
    0x080004d0   0x080004d0   0x00000058   Code   RO         8597    .text               c_w.l(memcmp.o)
    0x08000528   0x08000528   0x00000048   Code   RO         8599    .text               c_w.l(strcpy.o)
    0x08000570   0x08000570   0x0000003e   Code   RO         8603    .text               c_w.l(strlen.o)
    0x080005ae   0x080005ae   0x00000096   Code   RO         8605    .text               c_w.l(strncmp.o)
    0x08000644   0x08000644   0x0000004e   Code   RO         8609    .text               c_w.l(rt_memclr_w.o)
    0x08000692   0x08000692   0x00000056   Code   RO         8611    .text               c_w.l(strncpy.o)
    0x080006e8   0x080006e8   0x00000080   Code   RO         8613    .text               c_w.l(strcmpv7m.o)
    0x08000768   0x08000768   0x00000006   Code   RO         8615    .text               c_w.l(heapauxi.o)
    0x0800076e   0x0800076e   0x00000002   PAD
    0x08000770   0x08000770   0x00000008   Code   RO         8623    .text               c_w.l(rt_locale_intlibspace.o)
    0x08000778   0x08000778   0x00000008   Code   RO         8628    .text               c_w.l(rt_errno_addr_intlibspace.o)
    0x08000780   0x08000780   0x0000009e   Code   RO         8630    .text               c_w.l(_strtoul.o)
    0x0800081e   0x0800081e   0x00000070   Code   RO         8632    .text               c_w.l(strtol.o)
    0x0800088e   0x0800088e   0x00000044   Code   RO         8637    .text               c_w.l(rt_memclr.o)
    0x080008d2   0x080008d2   0x00000002   PAD
    0x080008d4   0x080008d4   0x00000008   Code   RO         8639    .text               c_w.l(libspace.o)
    0x080008dc   0x080008dc   0x0000001c   Code   RO         8657    .text               c_w.l(_chval.o)
    0x080008f8   0x080008f8   0x0000004a   Code   RO         8704    .text               c_w.l(sys_stackheap_outer.o)
    0x08000942   0x08000942   0x00000012   Code   RO         8706    .text               c_w.l(exit.o)
    0x08000954   0x08000954   0x0000000a   Code   RO         3689    i.$Sub$$main        components.o
    0x0800095e   0x0800095e   0x00000012   Code   RO         2923    i.EXTI0_IRQHandler  drv_gpio.o
    0x08000970   0x08000970   0x00000030   Code   RO         2924    i.EXTI15_10_IRQHandler  drv_gpio.o
    0x080009a0   0x080009a0   0x00000012   Code   RO         2925    i.EXTI1_IRQHandler  drv_gpio.o
    0x080009b2   0x080009b2   0x00000012   Code   RO         2926    i.EXTI2_IRQHandler  drv_gpio.o
    0x080009c4   0x080009c4   0x00000012   Code   RO         2927    i.EXTI3_IRQHandler  drv_gpio.o
    0x080009d6   0x080009d6   0x00000012   Code   RO         2928    i.EXTI4_IRQHandler  drv_gpio.o
    0x080009e8   0x080009e8   0x0000002a   Code   RO         2929    i.EXTI9_5_IRQHandler  drv_gpio.o
    0x08000a12   0x08000a12   0x00000002   PAD
    0x08000a14   0x08000a14   0x0000000c   Code   RO         7260    i.EXTI_ClrITPendBit  n32g45x_exti.o
    0x08000a20   0x08000a20   0x00000028   Code   RO         7263    i.EXTI_GetITStatus  n32g45x_exti.o
    0x08000a48   0x08000a48   0x00000094   Code   RO         7265    i.EXTI_InitPeripheral  n32g45x_exti.o
    0x08000adc   0x08000adc   0x00000040   Code   RO         7603    i.GPIO_ConfigEXTILine  n32g45x_gpio.o
    0x08000b1c   0x08000b1c   0x00000116   Code   RO         7610    i.GPIO_InitPeripheral  n32g45x_gpio.o
    0x08000c32   0x08000c32   0x00000010   Code   RO         7611    i.GPIO_InitStruct   n32g45x_gpio.o
    0x08000c42   0x08000c42   0x00000012   Code   RO         7613    i.GPIO_ReadInputDataBit  n32g45x_gpio.o
    0x08000c54   0x08000c54   0x00000004   Code   RO         7616    i.GPIO_ResetBits    n32g45x_gpio.o
    0x08000c58   0x08000c58   0x00000004   Code   RO         7617    i.GPIO_SetBits      n32g45x_gpio.o
    0x08000c5c   0x08000c5c   0x0000000a   Code   RO         7620    i.GPIO_WriteBit     n32g45x_gpio.o
    0x08000c66   0x08000c66   0x00000002   PAD
    0x08000c68   0x08000c68   0x0000000c   Code   RO         7206    i.IWDG_CntReload    n32g45x_iwdg.o
    0x08000c74   0x08000c74   0x00000010   Code   RO         7207    i.IWDG_Enable       n32g45x_iwdg.o
    0x08000c84   0x08000c84   0x00000010   Code   RO         7209    i.IWDG_ReloadKey    n32g45x_iwdg.o
    0x08000c94   0x08000c94   0x0000000c   Code   RO         7210    i.IWDG_SetPrescalerDiv  n32g45x_iwdg.o
    0x08000ca0   0x08000ca0   0x0000000c   Code   RO         7211    i.IWDG_WriteConfig  n32g45x_iwdg.o
    0x08000cac   0x08000cac   0x00000040   Code   RO         2930    i.N32_GPIO_EXTI_IRQHandler  drv_gpio.o
    0x08000cec   0x08000cec   0x0000000e   Code   RO         2810    i.NVIC_Configuration  board.o
    0x08000cfa   0x08000cfa   0x00000002   PAD
    0x08000cfc   0x08000cfc   0x00000070   Code   RO         7332    i.NVIC_Init         misc.o
    0x08000d6c   0x08000d6c   0x00000014   Code   RO         7333    i.NVIC_PriorityGroupConfig  misc.o
    0x08000d80   0x08000d80   0x00000014   Code   RO         7334    i.NVIC_SetVectorTable  misc.o
    0x08000d94   0x08000d94   0x00000018   Code   RO         6795    i.RCC_ConfigPclk1   n32g45x_rcc.o
    0x08000dac   0x08000dac   0x00000018   Code   RO         6796    i.RCC_ConfigPclk2   n32g45x_rcc.o
    0x08000dc4   0x08000dc4   0x00000020   Code   RO         6807    i.RCC_EnableAPB1PeriphClk  n32g45x_rcc.o
    0x08000de4   0x08000de4   0x00000020   Code   RO         6809    i.RCC_EnableAPB2PeriphClk  n32g45x_rcc.o
    0x08000e04   0x08000e04   0x0000000c   Code   RO         6815    i.RCC_EnableLsi     n32g45x_rcc.o
    0x08000e10   0x08000e10   0x0000010c   Code   RO         6819    i.RCC_GetClocksFreqValue  n32g45x_rcc.o
    0x08000f1c   0x08000f1c   0x0000003c   Code   RO         6820    i.RCC_GetFlagStatus  n32g45x_rcc.o
    0x08000f58   0x08000f58   0x00000018   Code   RO         5792    i.SPI_Enable        n32g45x_spi.o
    0x08000f70   0x08000f70   0x00000012   Code   RO         5802    i.SPI_I2S_GetStatus  n32g45x_spi.o
    0x08000f82   0x08000f82   0x00000006   Code   RO         5803    i.SPI_I2S_ReceiveData  n32g45x_spi.o
    0x08000f88   0x08000f88   0x00000004   Code   RO         5804    i.SPI_I2S_TransmitData  n32g45x_spi.o
    0x08000f8c   0x08000f8c   0x0000003c   Code   RO         5805    i.SPI_Init          n32g45x_spi.o
    0x08000fc8   0x08000fc8   0x0000012c   Code   RO          303    i.SPI_init          spi.o
    0x080010f4   0x080010f4   0x00000060   Code   RO          304    i.SPI_output        spi.o
    0x08001154   0x08001154   0x00000104   Code   RO         7560    i.SetSysClock       system_n32g45x.o
    0x08001258   0x08001258   0x00000010   Code   RO         2811    i.SysTick_Handler   board.o
    0x08001268   0x08001268   0x000000b4   Code   RO         7562    i.SystemInit        system_n32g45x.o
    0x0800131c   0x0800131c   0x00000018   Code   RO         3144    i.USART1_IRQHandler  drv_usart.o
    0x08001334   0x08001334   0x00000018   Code   RO         3145    i.USART2_IRQHandler  drv_usart.o
    0x0800134c   0x0800134c   0x0000004a   Code   RO         7384    i.USART_ConfigInt   n32g45x_usart.o
    0x08001396   0x08001396   0x00000018   Code   RO         7389    i.USART_Enable      n32g45x_usart.o
    0x080013ae   0x080013ae   0x0000001a   Code   RO         7396    i.USART_GetFlagStatus  n32g45x_usart.o
    0x080013c8   0x080013c8   0x00000054   Code   RO         7397    i.USART_GetIntStatus  n32g45x_usart.o
    0x0800141c   0x0800141c   0x000000c8   Code   RO         7398    i.USART_Init        n32g45x_usart.o
    0x080014e4   0x080014e4   0x0000000a   Code   RO         7399    i.USART_ReceiveData  n32g45x_usart.o
    0x080014ee   0x080014ee   0x00000008   Code   RO         7401    i.USART_SendData    n32g45x_usart.o
    0x080014f6   0x080014f6   0x00000002   PAD
    0x080014f8   0x080014f8   0x0000003c   Code   RO         2931    i.__NVIC_DisableIRQ  drv_gpio.o
    0x08001534   0x08001534   0x00000034   Code   RO          809    i.__isleap          ctime.o
    0x08001568   0x08001568   0x00000064   Code   RO          656    i.__rt_libc_exit    cstdlib.o
    0x080015cc   0x080015cc   0x00000038   Code   RO         3881    i._check_and_update_prio  ipc.o
    0x08001604   0x08001604   0x000000a0   Code   RO          810    i._control_rtc      ctime.o
    0x080016a4   0x080016a4   0x0000001c   Code   RO         4589    i._heap_lock        kservice.o
    0x080016c0   0x080016c0   0x00000038   Code   RO         4590    i._heap_unlock      kservice.o
    0x080016f8   0x080016f8   0x00000010   Code   RO         3882    i._ipc_object_init  ipc.o
    0x08001708   0x08001708   0x00000028   Code   RO         4591    i._kputs            kservice.o
    0x08001730   0x08001730   0x00000024   Code   RO         4971    i._match_name       object.o
    0x08001754   0x08001754   0x0000009c   Code   RO         3392    i._msh_exec_cmd     msh.o
    0x080017f0   0x080017f0   0x00000088   Code   RO         2252    i._pin_cmd          dev_pin.o
    0x08001878   0x08001878   0x0000000c   Code   RO         2253    i._pin_cmd_conv     dev_pin.o
    0x08001884   0x08001884   0x00000060   Code   RO         2254    i._pin_cmd_get      dev_pin.o
    0x080018e4   0x080018e4   0x000000f0   Code   RO         2255    i._pin_cmd_mode     dev_pin.o
    0x080019d4   0x080019d4   0x00000180   Code   RO         2256    i._pin_cmd_print_usage  dev_pin.o
    0x08001b54   0x08001b54   0x0000009c   Code   RO         2257    i._pin_cmd_read     dev_pin.o
    0x08001bf0   0x08001bf0   0x000000b0   Code   RO         2258    i._pin_cmd_write    dev_pin.o
    0x08001ca0   0x08001ca0   0x00000048   Code   RO         2259    i._pin_control      dev_pin.o
    0x08001ce8   0x08001ce8   0x00000054   Code   RO         2260    i._pin_read         dev_pin.o
    0x08001d3c   0x08001d3c   0x00000054   Code   RO         2261    i._pin_write        dev_pin.o
    0x08001d90   0x08001d90   0x00000360   Code   RO         3889    i._rt_mutex_take    ipc.o
    0x080020f0   0x080020f0   0x000001fc   Code   RO         3890    i._rt_sem_take      ipc.o
    0x080022ec   0x080022ec   0x00000028   Code   RO         5201    i._scheduler_get_highest_priority_thread  scheduler_up.o
    0x08002314   0x08002314   0x00000024   Code   RO         3891    i._sem_object_init  ipc.o
    0x08002338   0x08002338   0x00000048   Code   RO         2480    i._serial_check_buffer_size  dev_serial.o
    0x08002380   0x08002380   0x000001a0   Code   RO         2481    i._serial_dma_rx    dev_serial.o
    0x08002520   0x08002520   0x00000068   Code   RO         2482    i._serial_dma_tx    dev_serial.o
    0x08002588   0x08002588   0x00000064   Code   RO         2483    i._serial_fifo_calc_recved_len  dev_serial.o
    0x080025ec   0x080025ec   0x000000c4   Code   RO         2484    i._serial_int_rx    dev_serial.o
    0x080026b0   0x080026b0   0x0000009c   Code   RO         2485    i._serial_int_tx    dev_serial.o
    0x0800274c   0x0800274c   0x00000064   Code   RO         2486    i._serial_poll_rx   dev_serial.o
    0x080027b0   0x080027b0   0x0000005c   Code   RO         2487    i._serial_poll_tx   dev_serial.o
    0x0800280c   0x0800280c   0x00000068   Code   RO         2586    i._spi_bus_device_read  dev_spi.o
    0x08002874   0x08002874   0x00000068   Code   RO         2587    i._spi_bus_device_write  dev_spi.o
    0x080028dc   0x080028dc   0x00000014   Code   RO         2588    i._spidev_device_control  dev_spi.o
    0x080028f0   0x080028f0   0x00000068   Code   RO         2589    i._spidev_device_read  dev_spi.o
    0x08002958   0x08002958   0x00000068   Code   RO         2590    i._spidev_device_write  dev_spi.o
    0x080029c0   0x080029c0   0x0000000c   Code   RO          521    i._sys_exit         syscalls.o
    0x080029cc   0x080029cc   0x00000028   Code   RO         5328    i._thread_detach    thread.o
    0x080029f4   0x080029f4   0x00000062   Code   RO         5329    i._thread_detach_from_mutex  thread.o
    0x08002a56   0x08002a56   0x0000002c   Code   RO         5330    i._thread_exit      thread.o
    0x08002a82   0x08002a82   0x00000040   Code   RO         3892    i._thread_get_mutex_priority  ipc.o
    0x08002ac2   0x08002ac2   0x00000002   PAD
    0x08002ac4   0x08002ac4   0x00000090   Code   RO         5331    i._thread_init      thread.o
    0x08002b54   0x08002b54   0x0000006c   Code   RO         5332    i._thread_set_suspend_state  thread.o
    0x08002bc0   0x08002bc0   0x000000ac   Code   RO         5334    i._thread_timeout   thread.o
    0x08002c6c   0x08002c6c   0x000000ae   Code   RO         3893    i._thread_update_priority  ipc.o
    0x08002d1a   0x08002d1a   0x00000002   PAD
    0x08002d1c   0x08002d1c   0x000000e8   Code   RO         5496    i._timer_check      timer.o
    0x08002e04   0x08002e04   0x00000042   Code   RO         5497    i._timer_init       timer.o
    0x08002e46   0x08002e46   0x0000001c   Code   RO         5499    i._timer_remove     timer.o
    0x08002e62   0x08002e62   0x00000002   PAD
    0x08002e64   0x08002e64   0x000000ec   Code   RO         5500    i._timer_start      timer.o
    0x08002f50   0x08002f50   0x000000bc   Code   RO         2015    i._workqueue_thread_entry  workqueue.o
    0x0800300c   0x0800300c   0x00000500   Code   RO         2145    i.adc               adc.o
    0x0800350c   0x0800350c   0x00000014   Code   RO          811    i.asctime           ctime.o
    0x08003520   0x08003520   0x00000174   Code   RO          812    i.asctime_r         ctime.o
    0x08003694   0x08003694   0x0000001e   Code   RO         2932    i.bit2bitno         drv_gpio.o
    0x080036b2   0x080036b2   0x00000002   PAD
    0x080036b4   0x080036b4   0x000000fc   Code   RO         5728    i.bus_fault_track   cpuport.o
    0x080037b0   0x080037b0   0x00000014   Code   RO         3276    i.clear             cmd.o
    0x080037c4   0x080037c4   0x00000036   Code   RO            4    i.clear_screen      lcd.o
    0x080037fa   0x080037fa   0x00000002   PAD
    0x080037fc   0x080037fc   0x000000ec   Code   RO         4592    i.cmd_backtrace     kservice.o
    0x080038e8   0x080038e8   0x00000180   Code   RO          992    i.cmd_canstat       dev_can.o
    0x08003a68   0x08003a68   0x00000080   Code   RO         3393    i.cmd_free          msh.o
    0x08003ae8   0x08003ae8   0x000000ac   Code   RO         3277    i.cmd_list          cmd.o
    0x08003b94   0x08003b94   0x0000000e   Code   RO         3394    i.cmd_ps            msh.o
    0x08003ba2   0x08003ba2   0x00000002   PAD
    0x08003ba4   0x08003ba4   0x000001b4   Code   RO         3098    i.configure         drv_spi.o
    0x08003d58   0x08003d58   0x00000012   Code   RO          814    i.ctime             ctime.o
    0x08003d6a   0x08003d6a   0x00000002   PAD
    0x08003d6c   0x08003d6c   0x000003c0   Code   RO         2202    i.dac               dac.o
    0x0800412c   0x0800412c   0x0000036c   Code   RO         2369    i.date              dev_rtc.o
    0x08004498   0x08004498   0x00000018   Code   RO            5    i.delay             lcd.o
    0x080044b0   0x080044b0   0x0000004a   Code   RO            8    i.display_graphic_16x16  lcd.o
    0x080044fa   0x080044fa   0x00000002   PAD
    0x080044fc   0x080044fc   0x0000008c   Code   RO            9    i.display_string_8x16  lcd.o
    0x08004588   0x08004588   0x00000074   Code   RO         3496    i.finsh_get_prompt  shell.o
    0x080045fc   0x080045fc   0x00000084   Code   RO         3498    i.finsh_getchar     shell.o
    0x08004680   0x08004680   0x00000040   Code   RO         3499    i.finsh_rx_ind      shell.o
    0x080046c0   0x080046c0   0x000000e0   Code   RO         3500    i.finsh_set_device  shell.o
    0x080047a0   0x080047a0   0x00000048   Code   RO         3503    i.finsh_set_prompt_mode  shell.o
    0x080047e8   0x080047e8   0x00000014   Code   RO         3504    i.finsh_system_function_init  shell.o
    0x080047fc   0x080047fc   0x0000009c   Code   RO         3505    i.finsh_system_init  shell.o
    0x08004898   0x08004898   0x00000514   Code   RO         3506    i.finsh_thread_entry  shell.o
    0x08004dac   0x08004dac   0x00000024   Code   RO         2933    i.get_pin           drv_gpio.o
    0x08004dd0   0x08004dd0   0x00000038   Code   RO         2370    i.get_timestamp     dev_rtc.o
    0x08004e08   0x08004e08   0x0000004e   Code   RO          816    i.gettimeofday      ctime.o
    0x08004e56   0x08004e56   0x00000002   PAD
    0x08004e58   0x08004e58   0x000000ec   Code   RO          818    i.gmtime_r          ctime.o
    0x08004f44   0x08004f44   0x00000048   Code   RO           11    i.gpio_Init         lcd.o
    0x08004f8c   0x08004f8c   0x00000080   Code   RO         5729    i.hard_fault_track  cpuport.o
    0x0800500c   0x0800500c   0x00000024   Code   RO         3843    i.idle_thread_entry  idle.o
    0x08005030   0x08005030   0x00000084   Code   RO           12    i.initial_lcd       lcd.o
    0x080050b4   0x080050b4   0x0000002a   Code   RO           13    i.lcd_address       lcd.o
    0x080050de   0x080050de   0x00000002   PAD
    0x080050e0   0x080050e0   0x0000013c   Code   RO         3278    i.list_device       cmd.o
    0x0800521c   0x0800521c   0x00000160   Code   RO         3279    i.list_event        cmd.o
    0x0800537c   0x0800537c   0x0000002a   Code   RO         3280    i.list_find_init    cmd.o
    0x080053a6   0x080053a6   0x0000009a   Code   RO         3281    i.list_get_next     cmd.o
    0x08005440   0x08005440   0x00000170   Code   RO         3282    i.list_mailbox      cmd.o
    0x080055b0   0x080055b0   0x0000013c   Code   RO         3283    i.list_memheap      cmd.o
    0x080056ec   0x080056ec   0x0000018c   Code   RO         3284    i.list_mempool      cmd.o
    0x08005878   0x08005878   0x00000160   Code   RO         3285    i.list_msgqueue     cmd.o
    0x080059d8   0x080059d8   0x000001ac   Code   RO         3286    i.list_mutex        cmd.o
    0x08005b84   0x08005b84   0x00000154   Code   RO         3287    i.list_sem          cmd.o
    0x08005cd8   0x08005cd8   0x00000228   Code   RO         3288    i.list_thread       cmd.o
    0x08005f00   0x08005f00   0x000001c0   Code   RO         3289    i.list_timer        cmd.o
    0x080060c0   0x080060c0   0x00000014   Code   RO          819    i.localtime         ctime.o
    0x080060d4   0x080060d4   0x0000001a   Code   RO          820    i.localtime_r       ctime.o
    0x080060ee   0x080060ee   0x00000002   PAD
    0x080060f0   0x080060f0   0x00000048   Code   RO          455    i.main              main.o
    0x08006138   0x08006138   0x0000000e   Code   RO         3690    i.main_thread_entry  components.o
    0x08006146   0x08006146   0x00000002   PAD
    0x08006148   0x08006148   0x000000e8   Code   RO         5730    i.mem_manage_fault_track  cpuport.o
    0x08006230   0x08006230   0x00000016   Code   RO          821    i.mktime            ctime.o
    0x08006246   0x08006246   0x00000002   PAD
    0x08006248   0x08006248   0x00000084   Code   RO         3395    i.msh_auto_complete  msh.o
    0x080062cc   0x080062cc   0x00000038   Code   RO         3396    i.msh_cmd_opt_id_get  msh.o
    0x08006304   0x08006304   0x00000098   Code   RO         3397    i.msh_exec          msh.o
    0x0800639c   0x0800639c   0x0000002c   Code   RO         3398    i.msh_get_argc      msh.o
    0x080063c8   0x080063c8   0x00000040   Code   RO         3399    i.msh_get_cmd       msh.o
    0x08006408   0x08006408   0x0000005c   Code   RO         3400    i.msh_get_cmd_opt   msh.o
    0x08006464   0x08006464   0x00000064   Code   RO         3401    i.msh_help          msh.o
    0x080064c8   0x080064c8   0x0000003c   Code   RO         3612    i.msh_isint         msh_parse.o
    0x08006504   0x08006504   0x0000006e   Code   RO         3402    i.msh_opt_auto_complete  msh.o
    0x08006572   0x08006572   0x00000002   PAD
    0x08006574   0x08006574   0x00000074   Code   RO         3403    i.msh_opt_complete  msh.o
    0x080065e8   0x080065e8   0x00000034   Code   RO         3404    i.msh_opt_help      msh.o
    0x0800661c   0x0800661c   0x00000030   Code   RO         3405    i.msh_opt_list_dump  msh.o
    0x0800664c   0x0800664c   0x000000f0   Code   RO         3406    i.msh_split         msh.o
    0x0800673c   0x0800673c   0x00000130   Code   RO         3146    i.n32_configure     drv_usart.o
    0x0800686c   0x0800686c   0x00000094   Code   RO         3147    i.n32_control       drv_usart.o
    0x08006900   0x08006900   0x00000048   Code   RO         3148    i.n32_getc          drv_usart.o
    0x08006948   0x08006948   0x000000d0   Code   RO         2934    i.n32_gpio_clock_enable  drv_gpio.o
    0x08006a18   0x08006a18   0x000000cc   Code   RO         2935    i.n32_pin_attach_irq  drv_gpio.o
    0x08006ae4   0x08006ae4   0x00000084   Code   RO         2936    i.n32_pin_dettach_irq  drv_gpio.o
    0x08006b68   0x08006b68   0x000001dc   Code   RO         2937    i.n32_pin_irq_enable  drv_gpio.o
    0x08006d44   0x08006d44   0x00000072   Code   RO         2938    i.n32_pin_mode      drv_gpio.o
    0x08006db6   0x08006db6   0x0000002a   Code   RO         2939    i.n32_pin_read      drv_gpio.o
    0x08006de0   0x08006de0   0x00000028   Code   RO         2940    i.n32_pin_write     drv_gpio.o
    0x08006e08   0x08006e08   0x00000048   Code   RO         3149    i.n32_putc          drv_usart.o
    0x08006e50   0x08006e50   0x000000d0   Code   RO         3150    i.n32_uart_gpio_init  drv_usart.o
    0x08006f20   0x08006f20   0x0000001a   Code   RO         3224    i.n32_wdt_close     drv_wdt.o
    0x08006f3a   0x08006f3a   0x00000002   PAD
    0x08006f3c   0x08006f3c   0x000001a4   Code   RO         3225    i.n32_wdt_control   drv_wdt.o
    0x080070e0   0x080070e0   0x00000006   Code   RO         3226    i.n32_wdt_init      drv_wdt.o
    0x080070e6   0x080070e6   0x00000030   Code   RO         3227    i.n32_wdt_open      drv_wdt.o
    0x08007116   0x08007116   0x00000018   Code   RO         3228    i.n32_wdt_refresh   drv_wdt.o
    0x0800712e   0x0800712e   0x0000001a   Code   RO          822    i.num2str           ctime.o
    0x08007148   0x08007148   0x0000001c   Code   RO         3290    i.object_split      cmd.o
    0x08007164   0x08007164   0x000000e8   Code   RO         4818    i.plug_holes        mem.o
    0x0800724c   0x0800724c   0x000000ac   Code   RO         2941    i.port2portsource   drv_gpio.o
    0x080072f8   0x080072f8   0x0000022c   Code   RO         4463    i.print_number      kstdio.o
    0x08007524   0x08007524   0x00000038   Code   RO         2146    i.rt_adc_disable    adc.o
    0x0800755c   0x0800755c   0x00000038   Code   RO         2147    i.rt_adc_enable     adc.o
    0x08007594   0x08007594   0x00000034   Code   RO         2148    i.rt_adc_read       adc.o
    0x080075c8   0x080075c8   0x00000084   Code   RO         2149    i.rt_adc_voltage    adc.o
    0x0800764c   0x0800764c   0x00000050   Code   RO         3691    i.rt_application_init  components.o
    0x0800769c   0x0800769c   0x00000078   Code   RO         4593    i.rt_assert_handler  kservice.o
    0x08007714   0x08007714   0x0000002e   Code   RO         4595    i.rt_backtrace      kservice.o
    0x08007742   0x08007742   0x00000002   PAD
    0x08007744   0x08007744   0x00000070   Code   RO         4597    i.rt_backtrace_frame  kservice.o
    0x080077b4   0x080077b4   0x00000026   Code   RO         4598    i.rt_backtrace_thread  kservice.o
    0x080077da   0x080077da   0x00000022   Code   RO         4600    i.rt_calloc         kservice.o
    0x080077fc   0x080077fc   0x00000010   Code   RO         1394    i.rt_completion_done  completion_comm.o
    0x0800780c   0x0800780c   0x00000034   Code   RO         1424    i.rt_completion_init  completion_up.o
    0x08007840   0x08007840   0x00000012   Code   RO         1395    i.rt_completion_wait  completion_comm.o
    0x08007852   0x08007852   0x00000002   PAD
    0x08007854   0x08007854   0x00000238   Code   RO         1425    i.rt_completion_wait_flags  completion_up.o
    0x08007a8c   0x08007a8c   0x00000088   Code   RO         1427    i.rt_completion_wakeup_by_errno  completion_up.o
    0x08007b14   0x08007b14   0x0000001c   Code   RO         3692    i.rt_components_board_init  components.o
    0x08007b30   0x08007b30   0x0000001c   Code   RO         3693    i.rt_components_init  components.o
    0x08007b4c   0x08007b4c   0x0000000c   Code   RO         4601    i.rt_console_get_device  kservice.o
    0x08007b58   0x08007b58   0x0000003c   Code   RO         4602    i.rt_console_set_device  kservice.o
    0x08007b94   0x08007b94   0x00000010   Code   RO         3757    i.rt_cpu_index      cpu_up.o
    0x08007ba4   0x08007ba4   0x00000008   Code   RO         3758    i.rt_cpu_self       cpu_up.o
    0x08007bac   0x08007bac   0x0000000c   Code   RO         5202    i.rt_critical_level  scheduler_up.o
    0x08007bb8   0x08007bb8   0x00000038   Code   RO         2203    i.rt_dac_disable    dac.o
    0x08007bf0   0x08007bf0   0x00000038   Code   RO         2204    i.rt_dac_enable     dac.o
    0x08007c28   0x08007c28   0x00000028   Code   RO         2205    i.rt_dac_write      dac.o
    0x08007c50   0x08007c50   0x0000008c   Code   RO         1594    i.rt_data_queue_deinit  dataqueue.o
    0x08007cdc   0x08007cdc   0x000000ac   Code   RO         1595    i.rt_data_queue_init  dataqueue.o
    0x08007d88   0x08007d88   0x000000bc   Code   RO         1596    i.rt_data_queue_len  dataqueue.o
    0x08007e44   0x08007e44   0x000000ac   Code   RO         1597    i.rt_data_queue_peek  dataqueue.o
    0x08007ef0   0x08007ef0   0x000002cc   Code   RO         1598    i.rt_data_queue_pop  dataqueue.o
    0x080081bc   0x080081bc   0x00000264   Code   RO         1599    i.rt_data_queue_push  dataqueue.o
    0x08008420   0x08008420   0x000000c4   Code   RO         1600    i.rt_data_queue_reset  dataqueue.o
    0x080084e4   0x080084e4   0x0000003e   Code   RO         3807    i.rt_defunct_execute  defunct.o
    0x08008522   0x08008522   0x00000002   PAD
    0x08008524   0x08008524   0x000000b0   Code   RO         1092    i.rt_device_close   device.o
    0x080085d4   0x080085d4   0x00000094   Code   RO         1093    i.rt_device_control  device.o
    0x08008668   0x08008668   0x0000000e   Code   RO         1096    i.rt_device_find    device.o
    0x08008676   0x08008676   0x00000002   PAD
    0x08008678   0x08008678   0x00000198   Code   RO         1098    i.rt_device_open    device.o
    0x08008810   0x08008810   0x00000048   Code   RO         2262    i.rt_device_pin_register  dev_pin.o
    0x08008858   0x08008858   0x000000b4   Code   RO         1099    i.rt_device_read    device.o
    0x0800890c   0x0800890c   0x00000034   Code   RO         1100    i.rt_device_register  device.o
    0x08008940   0x08008940   0x00000080   Code   RO         1101    i.rt_device_set_rx_indicate  device.o
    0x080089c0   0x080089c0   0x000000b4   Code   RO         1104    i.rt_device_write   device.o
    0x08008a74   0x08008a74   0x0000000c   Code   RO         2488    i.rt_dma_calc_recved_len  dev_serial.o
    0x08008a80   0x08008a80   0x0000009c   Code   RO         2489    i.rt_dma_recv_update_get_index  dev_serial.o
    0x08008b1c   0x08008b1c   0x000000a8   Code   RO         2490    i.rt_dma_recv_update_put_index  dev_serial.o
    0x08008bc4   0x08008bc4   0x00000028   Code   RO         5203    i.rt_enter_critical  scheduler_up.o
    0x08008bec   0x08008bec   0x00000040   Code   RO         5204    i.rt_exit_critical  scheduler_up.o
    0x08008c2c   0x08008c2c   0x0000000a   Code   RO         5205    i.rt_exit_critical_safe  scheduler_up.o
    0x08008c36   0x08008c36   0x00000002   PAD
    0x08008c38   0x08008c38   0x00000034   Code   RO         4603    i.rt_free           kservice.o
    0x08008c6c   0x08008c6c   0x00000016   Code   RO         5629    i.rt_hw_atomic_add  atomic_arm.o
    0x08008c82   0x08008c82   0x00000012   Code   RO         5635    i.rt_hw_atomic_load  atomic_arm.o
    0x08008c94   0x08008c94   0x00000016   Code   RO         5638    i.rt_hw_atomic_sub  atomic_arm.o
    0x08008caa   0x08008caa   0x00000002   PAD
    0x08008cac   0x08008cac   0x00000064   Code   RO         4606    i.rt_hw_backtrace_frame_get  kservice.o
    0x08008d10   0x08008d10   0x00000064   Code   RO         4607    i.rt_hw_backtrace_frame_unwind  kservice.o
    0x08008d74   0x08008d74   0x00000084   Code   RO         2812    i.rt_hw_board_init  board.o
    0x08008df8   0x08008df8   0x00000002   Code   RO         4608    i.rt_hw_console_output  kservice.o
    0x08008dfa   0x08008dfa   0x00000002   PAD
    0x08008dfc   0x08008dfc   0x0000022c   Code   RO         5733    i.rt_hw_hard_fault_exception  cpuport.o
    0x08009028   0x08009028   0x00000018   Code   RO         2942    i.rt_hw_pin_init    drv_gpio.o
    0x08009040   0x08009040   0x00000204   Code   RO         2491    i.rt_hw_serial_isr  dev_serial.o
    0x08009244   0x08009244   0x00000088   Code   RO         2492    i.rt_hw_serial_register  dev_serial.o
    0x080092cc   0x080092cc   0x000001a0   Code   RO         3099    i.rt_hw_spi_device_attach  drv_spi.o
    0x0800946c   0x0800946c   0x000000b4   Code   RO         3100    i.rt_hw_spi_init    drv_spi.o
    0x08009520   0x08009520   0x00000050   Code   RO         5734    i.rt_hw_stack_init  cpuport.o
    0x08009570   0x08009570   0x00000084   Code   RO         3151    i.rt_hw_usart_init  drv_usart.o
    0x080095f4   0x080095f4   0x00000070   Code   RO         2771    i.rt_hw_watchdog_register  dev_watchdog.o
    0x08009664   0x08009664   0x00000034   Code   RO         3229    i.rt_hw_wdt_init    drv_wdt.o
    0x08009698   0x08009698   0x00000024   Code   RO         4386    i.rt_interrupt_enter  irq.o
    0x080096bc   0x080096bc   0x00000020   Code   RO         4388    i.rt_interrupt_get_nest  irq.o
    0x080096dc   0x080096dc   0x00000024   Code   RO         4389    i.rt_interrupt_leave  irq.o
    0x08009700   0x08009700   0x00000038   Code   RO         4613    i.rt_kprintf        kservice.o
    0x08009738   0x08009738   0x00000006   Code   RO         1601    i.rt_list_init      dataqueue.o
    0x0800973e   0x0800973e   0x00000006   Code   RO         2016    i.rt_list_init      workqueue.o
    0x08009744   0x08009744   0x00000006   Code   RO         3903    i.rt_list_init      ipc.o
    0x0800974a   0x0800974a   0x00000006   Code   RO         5206    i.rt_list_init      scheduler_up.o
    0x08009750   0x08009750   0x00000006   Code   RO         5501    i.rt_list_init      timer.o
    0x08009756   0x08009756   0x0000000e   Code   RO         3904    i.rt_list_insert_after  ipc.o
    0x08009764   0x08009764   0x0000000e   Code   RO         4974    i.rt_list_insert_after  object.o
    0x08009772   0x08009772   0x0000000e   Code   RO         5502    i.rt_list_insert_after  timer.o
    0x08009780   0x08009780   0x0000000e   Code   RO         3905    i.rt_list_insert_before  ipc.o
    0x0800978e   0x0800978e   0x00000010   Code   RO         2018    i.rt_list_isempty   workqueue.o
    0x0800979e   0x0800979e   0x00000010   Code   RO         3291    i.rt_list_isempty   cmd.o
    0x080097ae   0x080097ae   0x00000010   Code   RO         3906    i.rt_list_isempty   ipc.o
    0x080097be   0x080097be   0x00000010   Code   RO         5503    i.rt_list_isempty   timer.o
    0x080097ce   0x080097ce   0x00000014   Code   RO         3292    i.rt_list_len       cmd.o
    0x080097e2   0x080097e2   0x00000012   Code   RO         2019    i.rt_list_remove    workqueue.o
    0x080097f4   0x080097f4   0x00000012   Code   RO         3907    i.rt_list_remove    ipc.o
    0x08009806   0x08009806   0x00000012   Code   RO         4975    i.rt_list_remove    object.o
    0x08009818   0x08009818   0x00000012   Code   RO         5504    i.rt_list_remove    timer.o
    0x0800982a   0x0800982a   0x00000002   PAD
    0x0800982c   0x0800982c   0x0000003c   Code   RO         4615    i.rt_malloc         kservice.o
    0x08009868   0x08009868   0x00000080   Code   RO         4505    i.rt_memcpy         kstring.o
    0x080098e8   0x080098e8   0x00000042   Code   RO         4506    i.rt_memmove        kstring.o
    0x0800992a   0x0800992a   0x00000002   PAD
    0x0800992c   0x0800992c   0x00000044   Code   RO         4618    i.rt_memory_info    kservice.o
    0x08009970   0x08009970   0x00000060   Code   RO         4507    i.rt_memset         kstring.o
    0x080099d0   0x080099d0   0x000001b4   Code   RO         3942    i.rt_mutex_drop_thread  ipc.o
    0x08009b84   0x08009b84   0x00000068   Code   RO         3944    i.rt_mutex_init     ipc.o
    0x08009bec   0x08009bec   0x00000230   Code   RO         3945    i.rt_mutex_release  ipc.o
    0x08009e1c   0x08009e1c   0x00000012   Code   RO         3947    i.rt_mutex_take     ipc.o
    0x08009e2e   0x08009e2e   0x00000002   PAD
    0x08009e30   0x08009e30   0x000000e8   Code   RO         4976    i.rt_object_allocate  object.o
    0x08009f18   0x08009f18   0x000000d8   Code   RO         4978    i.rt_object_delete  object.o
    0x08009ff0   0x08009ff0   0x00000090   Code   RO         4979    i.rt_object_detach  object.o
    0x0800a080   0x0800a080   0x00000074   Code   RO         4981    i.rt_object_find    object.o
    0x0800a0f4   0x0800a0f4   0x000000b8   Code   RO         4982    i.rt_object_for_each  object.o
    0x0800a1ac   0x0800a1ac   0x00000030   Code   RO         4983    i.rt_object_get_information  object.o
    0x0800a1dc   0x0800a1dc   0x00000034   Code   RO         4987    i.rt_object_get_type  object.o
    0x0800a210   0x0800a210   0x000000c8   Code   RO         4988    i.rt_object_init    object.o
    0x0800a2d8   0x0800a2d8   0x0000003c   Code   RO         4989    i.rt_object_is_systemobject  object.o
    0x0800a314   0x0800a314   0x00000050   Code   RO         2265    i.rt_pin_get        dev_pin.o
    0x0800a364   0x0800a364   0x00000048   Code   RO         2267    i.rt_pin_mode       dev_pin.o
    0x0800a3ac   0x0800a3ac   0x00000044   Code   RO         2268    i.rt_pin_read       dev_pin.o
    0x0800a3f0   0x0800a3f0   0x00000048   Code   RO         2269    i.rt_pin_write      dev_pin.o
    0x0800a438   0x0800a438   0x000000bc   Code   RO         5207    i.rt_sched_insert_thread  scheduler_up.o
    0x0800a4f4   0x0800a4f4   0x00000018   Code   RO         5208    i.rt_sched_lock     scheduler_up.o
    0x0800a50c   0x0800a50c   0x0000007c   Code   RO         5209    i.rt_sched_remove_thread  scheduler_up.o
    0x0800a588   0x0800a588   0x00000008   Code   RO         5210    i.rt_sched_thread_bind_cpu  scheduler_up.o
    0x0800a590   0x0800a590   0x0000007c   Code   RO         5113    i.rt_sched_thread_change_priority  scheduler_comm.o
    0x0800a60c   0x0800a60c   0x0000000c   Code   RO         5114    i.rt_sched_thread_close  scheduler_comm.o
    0x0800a618   0x0800a618   0x00000008   Code   RO         5115    i.rt_sched_thread_get_curr_prio  scheduler_comm.o
    0x0800a620   0x0800a620   0x00000008   Code   RO         5116    i.rt_sched_thread_get_init_prio  scheduler_comm.o
    0x0800a628   0x0800a628   0x0000000c   Code   RO         5117    i.rt_sched_thread_get_stat  scheduler_comm.o
    0x0800a634   0x0800a634   0x0000001a   Code   RO         5118    i.rt_sched_thread_init_ctx  scheduler_comm.o
    0x0800a64e   0x0800a64e   0x00000002   PAD
    0x0800a650   0x0800a650   0x0000005c   Code   RO         5211    i.rt_sched_thread_init_priv  scheduler_up.o
    0x0800a6ac   0x0800a6ac   0x0000000c   Code   RO         5119    i.rt_sched_thread_is_suspended  scheduler_comm.o
    0x0800a6b8   0x0800a6b8   0x0000004a   Code   RO         5120    i.rt_sched_thread_ready  scheduler_comm.o
    0x0800a702   0x0800a702   0x00000012   Code   RO         5212    i.rt_sched_thread_startup  scheduler_up.o
    0x0800a714   0x0800a714   0x00000014   Code   RO         5121    i.rt_sched_thread_timer_start  scheduler_comm.o
    0x0800a728   0x0800a728   0x0000002c   Code   RO         5122    i.rt_sched_thread_timer_stop  scheduler_comm.o
    0x0800a754   0x0800a754   0x00000016   Code   RO         5123    i.rt_sched_thread_yield  scheduler_comm.o
    0x0800a76a   0x0800a76a   0x0000003e   Code   RO         5124    i.rt_sched_tick_increase  scheduler_comm.o
    0x0800a7a8   0x0800a7a8   0x0000000e   Code   RO         5213    i.rt_sched_unlock   scheduler_up.o
    0x0800a7b6   0x0800a7b6   0x00000018   Code   RO         5214    i.rt_sched_unlock_n_resched  scheduler_up.o
    0x0800a7ce   0x0800a7ce   0x00000002   PAD
    0x0800a7d0   0x0800a7d0   0x00000148   Code   RO         5215    i.rt_schedule       scheduler_up.o
    0x0800a918   0x0800a918   0x00000118   Code   RO         5125    i.rt_scheduler_stack_check  scheduler_comm.o
    0x0800aa30   0x0800aa30   0x000000ac   Code   RO         3954    i.rt_sem_detach     ipc.o
    0x0800aadc   0x0800aadc   0x000000c0   Code   RO         3955    i.rt_sem_init       ipc.o
    0x0800ab9c   0x0800ab9c   0x000000b0   Code   RO         3956    i.rt_sem_release    ipc.o
    0x0800ac4c   0x0800ac4c   0x00000012   Code   RO         3957    i.rt_sem_take       ipc.o
    0x0800ac5e   0x0800ac5e   0x0000000e   Code   RO         3960    i.rt_sem_trytake    ipc.o
    0x0800ac6c   0x0800ac6c   0x000001ac   Code   RO         2493    i.rt_serial_close   dev_serial.o
    0x0800ae18   0x0800ae18   0x000000c4   Code   RO         2494    i.rt_serial_control  dev_serial.o
    0x0800aedc   0x0800aedc   0x00000054   Code   RO         2495    i.rt_serial_init    dev_serial.o
    0x0800af30   0x0800af30   0x000002ac   Code   RO         2496    i.rt_serial_open    dev_serial.o
    0x0800b1dc   0x0800b1dc   0x0000006c   Code   RO         2497    i.rt_serial_read    dev_serial.o
    0x0800b248   0x0800b248   0x0000006c   Code   RO         2498    i.rt_serial_write   dev_serial.o
    0x0800b2b4   0x0800b2b4   0x0000002c   Code   RO         4432    i.rt_set_errno      kerrno.o
    0x0800b2e0   0x0800b2e0   0x000000c4   Code   RO         4622    i.rt_show_version   kservice.o
    0x0800b3a4   0x0800b3a4   0x00000260   Code   RO         4819    i.rt_smem_alloc     mem.o
    0x0800b604   0x0800b604   0x000001a4   Code   RO         4821    i.rt_smem_free      mem.o
    0x0800b7a8   0x0800b7a8   0x000000f0   Code   RO         4822    i.rt_smem_init      mem.o
    0x0800b898   0x0800b898   0x00000028   Code   RO         4464    i.rt_snprintf       kstdio.o
    0x0800b8c0   0x0800b8c0   0x0000001c   Code   RO         2633    i.rt_spi_bus_attach_device  dev_spi_core.o
    0x0800b8dc   0x0800b8dc   0x0000005c   Code   RO         2634    i.rt_spi_bus_attach_device_cspin  dev_spi_core.o
    0x0800b938   0x0800b938   0x00000054   Code   RO         2591    i.rt_spi_bus_device_init  dev_spi.o
    0x0800b98c   0x0800b98c   0x0000003a   Code   RO         2636    i.rt_spi_bus_register  dev_spi_core.o
    0x0800b9c6   0x0800b9c6   0x00000002   PAD
    0x0800b9c8   0x0800b9c8   0x00000120   Code   RO         2637    i.rt_spi_configure  dev_spi_core.o
    0x0800bae8   0x0800bae8   0x00000174   Code   RO         2646    i.rt_spi_transfer   dev_spi_core.o
    0x0800bc5c   0x0800bc5c   0x00000058   Code   RO         2592    i.rt_spidev_device_init  dev_spi.o
    0x0800bcb4   0x0800bcb4   0x0000000e   Code   RO         3759    i.rt_spin_lock      cpu_up.o
    0x0800bcc2   0x0800bcc2   0x00000002   Code   RO         3760    i.rt_spin_lock_init  cpu_up.o
    0x0800bcc4   0x0800bcc4   0x00000016   Code   RO         3761    i.rt_spin_lock_irqsave  cpu_up.o
    0x0800bcda   0x0800bcda   0x00000016   Code   RO         3762    i.rt_spin_unlock    cpu_up.o
    0x0800bcf0   0x0800bcf0   0x0000001e   Code   RO         3763    i.rt_spin_unlock_irqrestore  cpu_up.o
    0x0800bd0e   0x0800bd0e   0x0000001c   Code   RO         4509    i.rt_strcmp         kstring.o
    0x0800bd2a   0x0800bd2a   0x00000002   PAD
    0x0800bd2c   0x0800bd2c   0x00000038   Code   RO         4433    i.rt_strerror       kerrno.o
    0x0800bd64   0x0800bd64   0x00000014   Code   RO         4512    i.rt_strlen         kstring.o
    0x0800bd78   0x0800bd78   0x00000028   Code   RO         4513    i.rt_strncmp        kstring.o
    0x0800bda0   0x0800bda0   0x00000034   Code   RO         4514    i.rt_strncpy        kstring.o
    0x0800bdd4   0x0800bdd4   0x00000064   Code   RO         3961    i.rt_susp_list_dequeue  ipc.o
    0x0800be38   0x0800be38   0x00000084   Code   RO         3962    i.rt_susp_list_enqueue  ipc.o
    0x0800bebc   0x0800bebc   0x00000044   Code   RO         3963    i.rt_susp_list_print  ipc.o
    0x0800bf00   0x0800bf00   0x00000024   Code   RO         3964    i.rt_susp_list_resume_all  ipc.o
    0x0800bf24   0x0800bf24   0x00000030   Code   RO         3965    i.rt_susp_list_resume_all_irq  ipc.o
    0x0800bf54   0x0800bf54   0x00000010   Code   RO         4623    i.rt_system_heap_init  kservice.o
    0x0800bf64   0x0800bf64   0x00000078   Code   RO         4624    i.rt_system_heap_init_generic  kservice.o
    0x0800bfdc   0x0800bfdc   0x00000030   Code   RO         5218    i.rt_system_scheduler_init  scheduler_up.o
    0x0800c00c   0x0800c00c   0x00000026   Code   RO         5219    i.rt_system_scheduler_start  scheduler_up.o
    0x0800c032   0x0800c032   0x00000002   PAD
    0x0800c034   0x0800c034   0x00000028   Code   RO         5505    i.rt_system_timer_init  timer.o
    0x0800c05c   0x0800c05c   0x00000002   Code   RO         5506    i.rt_system_timer_thread_init  timer.o
    0x0800c05e   0x0800c05e   0x00000002   PAD
    0x0800c060   0x0800c060   0x00000088   Code   RO         5335    i.rt_thread_close   thread.o
    0x0800c0e8   0x0800c0e8   0x000000b8   Code   RO         5336    i.rt_thread_control  thread.o
    0x0800c1a0   0x0800c1a0   0x00000074   Code   RO         5337    i.rt_thread_create  thread.o
    0x0800c214   0x0800c214   0x00000050   Code   RO         3808    i.rt_thread_defunct_dequeue  defunct.o
    0x0800c264   0x0800c264   0x00000034   Code   RO         3809    i.rt_thread_defunct_enqueue  defunct.o
    0x0800c298   0x0800c298   0x00000010   Code   RO         3810    i.rt_thread_defunct_init  defunct.o
    0x0800c2a8   0x0800c2a8   0x0000009c   Code   RO         5340    i.rt_thread_delete  thread.o
    0x0800c344   0x0800c344   0x00000090   Code   RO         5341    i.rt_thread_detach  thread.o
    0x0800c3d4   0x0800c3d4   0x00000090   Code   RO         3846    i.rt_thread_idle_init  idle.o
    0x0800c464   0x0800c464   0x000000a8   Code   RO         5344    i.rt_thread_init    thread.o
    0x0800c50c   0x0800c50c   0x00000088   Code   RO         5346    i.rt_thread_resume  thread.o
    0x0800c594   0x0800c594   0x0000000a   Code   RO         5348    i.rt_thread_self    thread.o
    0x0800c59e   0x0800c59e   0x00000002   PAD
    0x0800c5a0   0x0800c5a0   0x00000070   Code   RO         5349    i.rt_thread_startup  thread.o
    0x0800c610   0x0800c610   0x000000f8   Code   RO         5352    i.rt_thread_suspend_to_list  thread.o
    0x0800c708   0x0800c708   0x00000014   Code   RO         5353    i.rt_thread_suspend_with_flag  thread.o
    0x0800c71c   0x0800c71c   0x00000010   Code   RO         3639    i.rt_tick_get       clock.o
    0x0800c72c   0x0800c72c   0x00000060   Code   RO         3641    i.rt_tick_increase  clock.o
    0x0800c78c   0x0800c78c   0x00000048   Code   RO         5507    i.rt_timer_check    timer.o
    0x0800c7d4   0x0800c7d4   0x0000015c   Code   RO         5508    i.rt_timer_control  timer.o
    0x0800c930   0x0800c930   0x000000f0   Code   RO         5511    i.rt_timer_detach   timer.o
    0x0800ca20   0x0800ca20   0x000000a4   Code   RO         5514    i.rt_timer_init     timer.o
    0x0800cac4   0x0800cac4   0x00000128   Code   RO         5516    i.rt_timer_start    timer.o
    0x0800cbec   0x0800cbec   0x000000d4   Code   RO         5517    i.rt_timer_stop     timer.o
    0x0800ccc0   0x0800ccc0   0x0000000c   Code   RO          823    i.rt_tz_get         ctime.o
    0x0800cccc   0x0800cccc   0x00000004   Code   RO          824    i.rt_tz_is_dst      ctime.o
    0x0800ccd0   0x0800ccd0   0x00000428   Code   RO         4466    i.rt_vsnprintf      kstdio.o
    0x0800d0f8   0x0800d0f8   0x0000006c   Code   RO         2772    i.rt_watchdog_close  dev_watchdog.o
    0x0800d164   0x0800d164   0x0000003c   Code   RO         2773    i.rt_watchdog_control  dev_watchdog.o
    0x0800d1a0   0x0800d1a0   0x0000003c   Code   RO         2774    i.rt_watchdog_init  dev_watchdog.o
    0x0800d1dc   0x0800d1dc   0x00000006   Code   RO         2775    i.rt_watchdog_open  dev_watchdog.o
    0x0800d1e2   0x0800d1e2   0x00000002   PAD
    0x0800d1e4   0x0800d1e4   0x00000060   Code   RO         2023    i.rt_work_sys_workqueue_init  workqueue.o
    0x0800d244   0x0800d244   0x00000080   Code   RO         2028    i.rt_workqueue_create  workqueue.o
    0x0800d2c4   0x0800d2c4   0x00000004   Code   RO         3694    i.rti_board_end     components.o
    0x0800d2c8   0x0800d2c8   0x00000004   Code   RO         3695    i.rti_board_start   components.o
    0x0800d2cc   0x0800d2cc   0x00000004   Code   RO         3696    i.rti_end           components.o
    0x0800d2d0   0x0800d2d0   0x00000004   Code   RO         3697    i.rti_start         components.o
    0x0800d2d4   0x0800d2d4   0x0000002e   Code   RO         3698    i.rtthread_startup  components.o
    0x0800d302   0x0800d302   0x00000002   PAD
    0x0800d304   0x0800d304   0x00000038   Code   RO         2378    i.set_timestamp     dev_rtc.o
    0x0800d33c   0x0800d33c   0x00000034   Code   RO         3508    i.shell_auto_complete  shell.o
    0x0800d370   0x0800d370   0x00000030   Code   RO         3509    i.shell_handle_history  shell.o
    0x0800d3a0   0x0800d3a0   0x000000dc   Code   RO         3510    i.shell_push_history  shell.o
    0x0800d47c   0x0800d47c   0x00000026   Code   RO         4468    i.skip_atoi         kstdio.o
    0x0800d4a2   0x0800d4a2   0x00000020   Code   RO         3407    i.str_common        msh.o
    0x0800d4c2   0x0800d4c2   0x00000002   PAD
    0x0800d4c4   0x0800d4c4   0x0000018c   Code   RO          829    i.timegm            ctime.o
    0x0800d650   0x0800d650   0x00000030   Code   RO           14    i.transfer_command_lcd  lcd.o
    0x0800d680   0x0800d680   0x00000030   Code   RO           15    i.transfer_data_lcd  lcd.o
    0x0800d6b0   0x0800d6b0   0x00000068   Code   RO         3152    i.uart_isr          drv_usart.o
    0x0800d718   0x0800d718   0x000000e8   Code   RO         5735    i.usage_fault_track  cpuport.o
    0x0800d800   0x0800d800   0x0000000a   Code   RO         3293    i.version           cmd.o
    0x0800d80a   0x0800d80a   0x00000002   PAD
    0x0800d80c   0x0800d80c   0x00000138   Code   RO         3101    i.xfer              drv_spi.o
    0x0800d944   0x0800d944   0x0000002c   Code   RO         8635    locale$$code        c_w.l(lc_ctype_c.o)
    0x0800d970   0x0800d970   0x0000000a   Code   RO         8716    x$fpl$fpinit        fz_wm.l(fpinit.o)
    0x0800d97a   0x0800d97a   0x00000006   PAD
    0x0800d980   0x0800d980   0x00000071   Data   RO          831    .constdata          ctime.o
    0x0800d9f1   0x0800d9f1   0x000000ba   Data   RO         1105    .constdata          device.o
    0x0800daab   0x0800daab   0x0000004a   Data   RO         1428    .constdata          completion_up.o
    0x0800daf5   0x0800daf5   0x00000086   Data   RO         1602    .constdata          dataqueue.o
    0x0800db7b   0x0800db7b   0x0000010d   Data   RO         2033    .constdata          workqueue.o
    0x0800dc88   0x0800dc88   0x0000004b   Data   RO         2151    .constdata          adc.o
    0x0800dcd3   0x0800dcd3   0x0000003d   Data   RO         2207    .constdata          dac.o
    0x0800dd10   0x0800dd10   0x00000088   Data   RO         2271    .constdata          dev_pin.o
    0x0800dd98   0x0800dd98   0x0000012a   Data   RO         2499    .constdata          dev_serial.o
    0x0800dec2   0x0800dec2   0x00000081   Data   RO         2593    .constdata          dev_spi.o
    0x0800df43   0x0800df43   0x000000a3   Data   RO         2648    .constdata          dev_spi_core.o
    0x0800dfe6   0x0800dfe6   0x0000004f   Data   RO         2776    .constdata          dev_watchdog.o
    0x0800e035   0x0800e035   0x00000003   PAD
    0x0800e038   0x0800e038   0x0000059c   Data   RO         2943    .constdata          drv_gpio.o
    0x0800e5d4   0x0800e5d4   0x00000027   Data   RO         3103    .constdata          drv_spi.o
    0x0800e5fb   0x0800e5fb   0x00000001   PAD
    0x0800e5fc   0x0800e5fc   0x000000ac   Data   RO         3154    .constdata          drv_usart.o
    0x0800e6a8   0x0800e6a8   0x00000010   Data   RO         3231    .constdata          drv_wdt.o
    0x0800e6b8   0x0800e6b8   0x0000007c   Data   RO         3294    .constdata          cmd.o
    0x0800e734   0x0800e734   0x0000000e   Data   RO         3408    .constdata          msh.o
    0x0800e742   0x0800e742   0x00000087   Data   RO         3512    .constdata          shell.o
    0x0800e7c9   0x0800e7c9   0x00000027   Data   RO         3645    .constdata          clock.o
    0x0800e7f0   0x0800e7f0   0x00000014   Data   RO         3699    .constdata          components.o
    0x0800e804   0x0800e804   0x0000026e   Data   RO         3966    .constdata          ipc.o
    0x0800ea72   0x0800ea72   0x00000022   Data   RO         4469    .constdata          kstdio.o
    0x0800ea94   0x0800ea94   0x0000008a   Data   RO         4626    .constdata          kservice.o
    0x0800eb1e   0x0800eb1e   0x00000045   Data   RO         4824    .constdata          mem.o
    0x0800eb63   0x0800eb63   0x00000093   Data   RO         4993    .constdata          object.o
    0x0800ebf6   0x0800ebf6   0x00000039   Data   RO         5126    .constdata          scheduler_comm.o
    0x0800ec2f   0x0800ec2f   0x00000048   Data   RO         5221    .constdata          scheduler_up.o
    0x0800ec77   0x0800ec77   0x000000ef   Data   RO         5355    .constdata          thread.o
    0x0800ed66   0x0800ed66   0x0000007b   Data   RO         5518    .constdata          timer.o
    0x0800ede1   0x0800ede1   0x00000001   PAD
    0x0800ede2   0x0800ede2   0x00000040   Data   RO         6825    .constdata          n32g45x_rcc.o
    0x0800ee22   0x0800ee22   0x00000002   PAD
    0x0800ee24   0x0800ee24   0x00000045   Data   RO          832    .conststring        ctime.o
    0x0800ee69   0x0800ee69   0x00000003   PAD
    0x0800ee6c   0x0800ee6c   0x000001da   Data   RO         1006    .conststring        dev_can.o
    0x0800f046   0x0800f046   0x00000002   PAD
    0x0800f048   0x0800f048   0x00000085   Data   RO         2208    .conststring        dac.o
    0x0800f0cd   0x0800f0cd   0x00000003   PAD
    0x0800f0d0   0x0800f0d0   0x00000098   Data   RO         2272    .conststring        dev_pin.o
    0x0800f168   0x0800f168   0x00000063   Data   RO         2500    .conststring        dev_serial.o
    0x0800f1cb   0x0800f1cb   0x00000001   PAD
    0x0800f1cc   0x0800f1cc   0x0000000f   Data   RO         3155    .conststring        drv_usart.o
    0x0800f1db   0x0800f1db   0x00000001   PAD
    0x0800f1dc   0x0800f1dc   0x000002f0   Data   RO         3295    .conststring        cmd.o
    0x0800f4cc   0x0800f4cc   0x0000008b   Data   RO         3967    .conststring        ipc.o
    0x0800f557   0x0800f557   0x00000001   PAD
    0x0800f558   0x0800f558   0x00000078   Data   RO         4434    .conststring        kerrno.o
    0x0800f5d0   0x0800f5d0   0x00000072   Data   RO         4627    .conststring        kservice.o
    0x0800f642   0x0800f642   0x00000002   PAD
    0x0800f644   0x0800f644   0x000001ac   Data   RO         4825    .conststring        mem.o
    0x0800f7f0   0x0800f7f0   0x00000086   Data   RO         5356    .conststring        thread.o
    0x0800f876   0x0800f876   0x0000001f   Data   RO         1008    .rodata.name        dev_can.o
    0x0800f895   0x0800f895   0x00000011   Data   RO         2153    .rodata.name        adc.o
    0x0800f8a6   0x0800f8a6   0x00000011   Data   RO         2210    .rodata.name        dac.o
    0x0800f8b7   0x0800f8b7   0x00000011   Data   RO         2273    .rodata.name        dev_pin.o
    0x0800f8c8   0x0800f8c8   0x0000004d   Data   RO         2381    .rodata.name        dev_rtc.o
    0x0800f915   0x0800f915   0x0000005d   Data   RO         3297    .rodata.name        cmd.o
    0x0800f972   0x0800f972   0x00000061   Data   RO         3409    .rodata.name        msh.o
    0x0800f9d3   0x0800f9d3   0x00000026   Data   RO         4629    .rodata.name        kservice.o
    0x0800f9f9   0x0800f9f9   0x00000003   PAD
    0x0800f9fc   0x0800f9fc   0x00000004   Data   RO         3700    .rti_fn.0           components.o
    0x0800fa00   0x0800fa00   0x00000004   Data   RO         3701    .rti_fn.0.end       components.o
    0x0800fa04   0x0800fa04   0x00000004   Data   RO         2945    .rti_fn.1           drv_gpio.o
    0x0800fa08   0x0800fa08   0x00000004   Data   RO         3105    .rti_fn.1           drv_spi.o
    0x0800fa0c   0x0800fa0c   0x00000004   Data   RO         3156    .rti_fn.1           drv_usart.o
    0x0800fa10   0x0800fa10   0x00000004   Data   RO         3702    .rti_fn.1.end       components.o
    0x0800fa14   0x0800fa14   0x00000004   Data   RO         2035    .rti_fn.2           workqueue.o
    0x0800fa18   0x0800fa18   0x00000004   Data   RO         3233    .rti_fn.3           drv_wdt.o
    0x0800fa1c   0x0800fa1c   0x00000004   Data   RO         3514    .rti_fn.6           shell.o
    0x0800fa20   0x0800fa20   0x00000004   Data   RO         3703    .rti_fn.6.end       components.o
    0x0800fa24   0x0800fa24   0x00000010   Data   RO         1009    FSymTab             dev_can.o
    0x0800fa34   0x0800fa34   0x00000010   Data   RO         2154    FSymTab             adc.o
    0x0800fa44   0x0800fa44   0x00000010   Data   RO         2211    FSymTab             dac.o
    0x0800fa54   0x0800fa54   0x00000010   Data   RO         2274    FSymTab             dev_pin.o
    0x0800fa64   0x0800fa64   0x00000010   Data   RO         2382    FSymTab             dev_rtc.o
    0x0800fa74   0x0800fa74   0x00000030   Data   RO         3298    FSymTab             cmd.o
    0x0800faa4   0x0800faa4   0x00000030   Data   RO         3410    FSymTab             msh.o
    0x0800fad4   0x0800fad4   0x00000010   Data   RO         4630    FSymTab             kservice.o
    0x0800fae4   0x0800fae4   0x00000020   Data   RO         8784    Region$$Table       anon$$obj.o
    0x0800fb04   0x0800fb04   0x00000110   Data   RO         8634    locale$$data        c_w.l(lc_ctype_c.o)


    Execution Region RW_IRAM1 (Exec base: 0x20000000, Load base: 0x0800fc14, Size: 0x000031a8, Max: 0x00024000, ABSOLUTE, COMPRESSED[0x00000618])

    Exec Addr    Load Addr    Size         Type   Attr      Idx    E Section Name        Object

    0x20000000   COMPRESSED   0x000005f0   Data   RW           18    .data               lcd.o
    0x200005f0   COMPRESSED   0x000008e6   Data   RW          457    .data               main.o
    0x20000ed6   COMPRESSED   0x00000002   PAD
    0x20000ed8   COMPRESSED   0x00000008   Data   RW          833    .data               ctime.o
    0x20000ee0   COMPRESSED   0x00000010   Data   RW         1007    .data               dev_can.o
    0x20000ef0   COMPRESSED   0x00000008   Data   RW         1429    .data               completion_up.o
    0x20000ef8   COMPRESSED   0x00000004   Data   RW         2034    .data               workqueue.o
    0x20000efc   COMPRESSED   0x00000004   Data   RW         2152    .data               adc.o
    0x20000f00   COMPRESSED   0x00000004   Data   RW         2209    .data               dac.o
    0x20000f04   COMPRESSED   0x00000004   Data   RW         2380    .data               dev_rtc.o
    0x20000f08   COMPRESSED   0x00000004   Data   RW         2501    .data               dev_serial.o
    0x20000f0c   COMPRESSED   0x00000104   Data   RW         2944    .data               drv_gpio.o
    0x20001010   COMPRESSED   0x00000008   Data   RW         3104    .data               drv_spi.o
    0x20001018   COMPRESSED   0x00000010   Data   RW         3232    .data               drv_wdt.o
    0x20001028   COMPRESSED   0x00000084   Data   RW         3296    .data               cmd.o
    0x200010ac   COMPRESSED   0x00000014   Data   RW         3513    .data               shell.o
    0x200010c0   COMPRESSED   0x00000008   Data   RW         3646    .data               clock.o
    0x200010c8   COMPRESSED   0x00000008   Data   RW         3764    .data               cpu_up.o
    0x200010d0   COMPRESSED   0x00000010   Data   RW         3812    .data               defunct.o
    0x200010e0   COMPRESSED   0x00000008   Data   RW         3849    .data               idle.o
    0x200010e8   COMPRESSED   0x0000000c   Data   RW         4391    .data               irq.o
    0x200010f4   COMPRESSED   0x0000007c   Data   RW         4435    .data               kerrno.o
    0x20001170   COMPRESSED   0x0000001c   Data   RW         4628    .data               kservice.o
    0x2000118c   COMPRESSED   0x00000134   Data   RW         4994    .data               object.o
    0x200012c0   COMPRESSED   0x00000010   Data   RW         5222    .data               scheduler_up.o
    0x200012d0   COMPRESSED   0x00000008   Data   RW         5357    .data               thread.o
    0x200012d8   COMPRESSED   0x0000001c   Data   RW         5519    .data               timer.o
    0x200012f4   COMPRESSED   0x00000010   Data   RW         5736    .data               cpuport.o
    0x20001304   COMPRESSED   0x00000004   Data   RW         7564    .data               system_n32g45x.o
    0x20001308        -       0x00000072   Zero   RW          830    .bss                ctime.o
    0x2000137a   COMPRESSED   0x00000002   PAD
    0x2000137c        -       0x00000048   Zero   RW         2270    .bss                dev_pin.o
    0x200013c4        -       0x00000084   Zero   RW         3102    .bss                drv_spi.o
    0x20001448        -       0x000000d0   Zero   RW         3153    .bss                drv_usart.o
    0x20001518        -       0x00000048   Zero   RW         3230    .bss                drv_wdt.o
    0x20001560        -       0x00000081   Zero   RW         3511    .bss                shell.o
    0x200015e1   COMPRESSED   0x00000007   PAD
    0x200015e8        -       0x000001a8   Zero   RW         3848    .bss                idle.o
    0x20001790        -       0x000000b4   Zero   RW         4625    .bss                kservice.o
    0x20001844        -       0x00000100   Zero   RW         5220    .bss                scheduler_up.o
    0x20001944        -       0x00000060   Zero   RW         8640    .bss                c_w.l(libspace.o)
    0x200019a4   COMPRESSED   0x00000004   PAD
    0x200019a8        -       0x00000300   Zero   RW         2848    HEAP                startup_n32g45x.o
    0x20001ca8        -       0x00001500   Zero   RW         2847    STACK               startup_n32g45x.o


==============================================================================

Image component sizes


      Code (inc. data)   RO Data    RW Data    ZI Data      Debug   Object Name

      1576        842        108          4          0       5878   adc.o
        62          0          0          0          0       2538   atomic_arm.o
       162         28          0          0          0      31965   board.o
       112         46         39          8          0       2217   clock.o
      4330       1502       1017        132          0      19827   cmd.o
        34          0          0          0          0       1754   completion_comm.o
       756        306         74          8          0       3700   completion_up.o
       222         50         36          0          0       6088   components.o
       324         28          0          0          0        840   context_rvds.o
       114          8          0          8          0       4520   cpu_up.o
      1496        738          0         16          0       6954   cpuport.o
       100         50          0          0          0        689   cstdlib.o
      1442        130        182          8        114      11536   ctime.o
      1112        602        227          4          0       4826   dac.o
      2202        728        134          0          0      11036   dataqueue.o
       210         24          0         16          0       6226   defunct.o
       384        174        521         16          0       2011   dev_can.o
      1804        798        321          0         72      15446   dev_pin.o
       988        464         93          4          0      23322   dev_rtc.o
      3832        802        397          4          0      17783   dev_serial.o
       608        244        129          0          0       7741   dev_spi.o
       838        232        163          0          0      27803   dev_spi_core.o
       346        136         79          0          0       5106   dev_watchdog.o
      1286        596        186          0          0       8828   device.o
      1782        226       1440        260          0      44933   drv_gpio.o
      1344        310         43          8        132       4978   drv_spi.o
      1088        188        191          0        208      37624   drv_usart.o
       576        168         20         16         72       4768   drv_wdt.o
       180         32          0          8        424       1954   idle.o
      3860       1052        761          0          0      45849   ipc.o
       104         22          0         12          0       2314   irq.o
       100         18        120        124          0       1997   kerrno.o
      1552        636        306         28        180      16898   kservice.o
      1698         18         34          0          0       5469   kstdio.o
       430          0          0          0          0       5303   kstring.o
       634         36          0       1520          0     337173   lcd.o
        72         12          0       2278          0       1101   main.o
      1500        560        497          0          0       6661   mem.o
       152         30          0          0          0       2609   misc.o
      1536        294        159          0          0      14094   msh.o
        60          0          0          0          0        688   msh_parse.o
       200         18          0          0          0       2633   n32g45x_exti.o
       394          4          0          0          0       6666   n32g45x_gpio.o
        68         30          0          0          0       3130   n32g45x_iwdg.o
       452         60         64          0          0       8749   n32g45x_rcc.o
       112          0          0          0          0       4653   n32g45x_spi.o
       426         12          0          0          0       7182   n32g45x_usart.o
      1320        436        147        308          0      12903   object.o
       704        206         57          0          0      11274   scheduler_comm.o
      1078        168         72         16        256      15075   scheduler_up.o
      2404        312        139         20        129      13356   shell.o
       396        244          0          0          0      38430   spi.o
        64         26        408          0       6144        932   startup_n32g45x.o
         0          0          0          0          0      12349   syscall_mem.o
        12          0          0          0          0        604   syscalls.o
       440         52          0          4          0       2397   system_n32g45x.o
      2036        566        373          8          0      17842   thread.o
      1990        660        123         28          0      13225   timer.o
       452         84        273          4          0      13121   workqueue.o

    ----------------------------------------------------------------------
     53636      15008       8988       4872       7740     947568   Object Totals
         0          0         32          0          0          0   (incl. Generated)
        80          0         23          2          9          0   (incl. Padding)

    ----------------------------------------------------------------------

      Code (inc. data)   RO Data    RW Data    ZI Data      Debug   Library Member Name

        90          0          0          0          0          0   __dczerorl2.o
         8          0          0          0          0         68   __main.o
         0          0          0          0          0          0   __rtentry.o
        12          0          0          0          0          0   __rtentry2.o
         6          0          0          0          0          0   __rtentry4.o
        52          8          0          0          0          0   __scatter.o
        28          0          0          0          0          0   __scatter_zi.o
        28          0          0          0          0         68   _chval.o
       158          0          0          0          0         92   _strtoul.o
        26          0          0          0          0         80   atoi.o
        18          0          0          0          0         80   exit.o
         6          0          0          0          0        152   heapauxi.o
        44         10        272          0          0         76   lc_ctype_c.o
         2          0          0          0          0          0   libinit.o
        24          0          0          0          0          0   libinit2.o
         2          0          0          0          0          0   libshutdown.o
         2          0          0          0          0          0   libshutdown2.o
         8          4          0          0         96         68   libspace.o
        88          0          0          0          0         76   memcmp.o
        16          4          0          0          0         76   rt_ctype_table.o
         8          4          0          0          0         68   rt_errno_addr_intlibspace.o
         8          4          0          0          0         68   rt_locale_intlibspace.o
        68          0          0          0          0         68   rt_memclr.o
        78          0          0          0          0         80   rt_memclr_w.o
         2          0          0          0          0          0   rtexit.o
        10          0          0          0          0          0   rtexit2.o
        20          0          0          0          0         68   strchr.o
       128          0          0          0          0         68   strcmpv7m.o
        72          0          0          0          0         80   strcpy.o
        62          0          0          0          0         76   strlen.o
       150          0          0          0          0         80   strncmp.o
        86          0          0          0          0         76   strncpy.o
       112          0          0          0          0         88   strtol.o
       114          0          0          0          0         92   strtoul.o
        74          0          0          0          0         80   sys_stackheap_outer.o
         2          0          0          0          0         68   use_no_semi.o
        10          0          0          0          0        116   fpinit.o

    ----------------------------------------------------------------------
      1636         34        272          0        100       2012   Library Totals
        14          0          0          0          4          0   (incl. Padding)

    ----------------------------------------------------------------------

      Code (inc. data)   RO Data    RW Data    ZI Data      Debug   Library Name

      1612         34        272          0         96       1896   c_w.l
        10          0          0          0          0        116   fz_wm.l

    ----------------------------------------------------------------------
      1636         34        272          0        100       2012   Library Totals

    ----------------------------------------------------------------------

==============================================================================


      Code (inc. data)   RO Data    RW Data    ZI Data      Debug   

     55272      15042       9260       4872       7840     906740   Grand Totals
     55272      15042       9260       1560       7840     906740   ELF Image Totals (compressed)
     55272      15042       9260       1560          0          0   ROM Totals

==============================================================================

    Total RO  Size (Code + RO Data)                64532 (  63.02kB)
    Total RW  Size (RW Data + ZI Data)             12712 (  12.41kB)
    Total ROM Size (Code + RO Data + RW Data)      66092 (  64.54kB)

==============================================================================

