<!doctype html public "-//w3c//dtd html 4.0 transitional//en">
<html><head>
<title>Static Call Graph - [.\build\rtthread.axf]</title></head>
<body><HR>
<H1>Static Call Graph for image .\build\rtthread.axf</H1><HR>
<BR><P>#&#060CALLGRAPH&#062# ARM Linker, 5060750: Last Updated: Thu Nov 21 10:12:40 2024
<BR><P>
<H3>Maximum Stack Usage =        636 bytes + Unknown(Functions without stacksize, Cycles, Untraceable Function Pointers)</H3><H3>
Call chain for Maximum Stack Depth:</H3>
HardFault_Handler &rArr; rt_hw_hard_fault_exception &rArr; list_thread &rArr; list_get_next &rArr; rt_spin_unlock_irqrestore &rArr; rt_exit_critical_safe &rArr; rt_exit_critical &rArr; rt_schedule &rArr; rt_scheduler_stack_check &rArr; rt_kprintf &rArr; rt_vsnprintf &rArr; print_number &rArr; __aeabi_memclr4
<P>
<H3>
Functions with no stack information
</H3><UL>
 <LI><a href="#[c4]">__user_initial_stackheap</a>
</UL>
</UL>
<P>
<H3>
Mutually Recursive functions
</H3> <LI><a href="#[7]">NMI_Handler</a>&nbsp;&nbsp;&nbsp;&rArr;&nbsp;&nbsp;&nbsp;<a href="#[7]">NMI_Handler</a><BR>
 <LI><a href="#[9]">MemManage_Handler</a>&nbsp;&nbsp;&nbsp;&rArr;&nbsp;&nbsp;&nbsp;<a href="#[9]">MemManage_Handler</a><BR>
 <LI><a href="#[a]">BusFault_Handler</a>&nbsp;&nbsp;&nbsp;&rArr;&nbsp;&nbsp;&nbsp;<a href="#[a]">BusFault_Handler</a><BR>
 <LI><a href="#[b]">UsageFault_Handler</a>&nbsp;&nbsp;&nbsp;&rArr;&nbsp;&nbsp;&nbsp;<a href="#[b]">UsageFault_Handler</a><BR>
 <LI><a href="#[c]">SVC_Handler</a>&nbsp;&nbsp;&nbsp;&rArr;&nbsp;&nbsp;&nbsp;<a href="#[c]">SVC_Handler</a><BR>
 <LI><a href="#[d]">DebugMon_Handler</a>&nbsp;&nbsp;&nbsp;&rArr;&nbsp;&nbsp;&nbsp;<a href="#[d]">DebugMon_Handler</a><BR>
 <LI><a href="#[22]">ADC1_2_IRQHandler</a>&nbsp;&nbsp;&nbsp;&rArr;&nbsp;&nbsp;&nbsp;<a href="#[22]">ADC1_2_IRQHandler</a><BR>
 <LI><a href="#[ea]">rt_assert_handler</a>&nbsp;&nbsp;&nbsp;&rArr;&nbsp;&nbsp;&nbsp;<a href="#[d0]">rt_kprintf</a><BR>
 <LI><a href="#[1cc]">rt_hw_backtrace_frame_unwind</a>&nbsp;&nbsp;&nbsp;&rArr;&nbsp;&nbsp;&nbsp;<a href="#[d0]">rt_kprintf</a><BR>
 <LI><a href="#[1cd]">rt_backtrace_frame</a>&nbsp;&nbsp;&nbsp;&rArr;&nbsp;&nbsp;&nbsp;<a href="#[d0]">rt_kprintf</a><BR>
</UL>
<P>
<H3>
Function Pointers
</H3><UL>
 <LI><a href="#[22]">ADC1_2_IRQHandler</a> from startup_n32g45x.o(.text) referenced from startup_n32g45x.o(RESET)
 <LI><a href="#[3f]">ADC3_4_IRQHandler</a> from startup_n32g45x.o(.text) referenced from startup_n32g45x.o(RESET)
 <LI><a href="#[a]">BusFault_Handler</a> from startup_n32g45x.o(.text) referenced from startup_n32g45x.o(RESET)
 <LI><a href="#[25]">CAN1_RX1_IRQHandler</a> from startup_n32g45x.o(.text) referenced from startup_n32g45x.o(RESET)
 <LI><a href="#[26]">CAN1_SCE_IRQHandler</a> from startup_n32g45x.o(.text) referenced from startup_n32g45x.o(RESET)
 <LI><a href="#[50]">CAN2_RX0_IRQHandler</a> from startup_n32g45x.o(.text) referenced from startup_n32g45x.o(RESET)
 <LI><a href="#[51]">CAN2_RX1_IRQHandler</a> from startup_n32g45x.o(.text) referenced from startup_n32g45x.o(RESET)
 <LI><a href="#[52]">CAN2_SCE_IRQHandler</a> from startup_n32g45x.o(.text) referenced from startup_n32g45x.o(RESET)
 <LI><a href="#[4f]">CAN2_TX_IRQHandler</a> from startup_n32g45x.o(.text) referenced from startup_n32g45x.o(RESET)
 <LI><a href="#[64]">COMP7_IRQHandler</a> from startup_n32g45x.o(.text) referenced from startup_n32g45x.o(RESET)
 <LI><a href="#[62]">COMP_1_2_3_IRQHandler</a> from startup_n32g45x.o(.text) referenced from startup_n32g45x.o(RESET)
 <LI><a href="#[63]">COMP_4_5_6_IRQHandler</a> from startup_n32g45x.o(.text) referenced from startup_n32g45x.o(RESET)
 <LI><a href="#[1b]">DMA1_Channel1_IRQHandler</a> from startup_n32g45x.o(.text) referenced from startup_n32g45x.o(RESET)
 <LI><a href="#[1c]">DMA1_Channel2_IRQHandler</a> from startup_n32g45x.o(.text) referenced from startup_n32g45x.o(RESET)
 <LI><a href="#[1d]">DMA1_Channel3_IRQHandler</a> from startup_n32g45x.o(.text) referenced from startup_n32g45x.o(RESET)
 <LI><a href="#[1e]">DMA1_Channel4_IRQHandler</a> from startup_n32g45x.o(.text) referenced from startup_n32g45x.o(RESET)
 <LI><a href="#[1f]">DMA1_Channel5_IRQHandler</a> from startup_n32g45x.o(.text) referenced from startup_n32g45x.o(RESET)
 <LI><a href="#[20]">DMA1_Channel6_IRQHandler</a> from startup_n32g45x.o(.text) referenced from startup_n32g45x.o(RESET)
 <LI><a href="#[21]">DMA1_Channel7_IRQHandler</a> from startup_n32g45x.o(.text) referenced from startup_n32g45x.o(RESET)
 <LI><a href="#[5c]">DMA1_Channel8_IRQHandler</a> from startup_n32g45x.o(.text) referenced from startup_n32g45x.o(RESET)
 <LI><a href="#[48]">DMA2_Channel1_IRQHandler</a> from startup_n32g45x.o(.text) referenced from startup_n32g45x.o(RESET)
 <LI><a href="#[49]">DMA2_Channel2_IRQHandler</a> from startup_n32g45x.o(.text) referenced from startup_n32g45x.o(RESET)
 <LI><a href="#[4a]">DMA2_Channel3_IRQHandler</a> from startup_n32g45x.o(.text) referenced from startup_n32g45x.o(RESET)
 <LI><a href="#[4b]">DMA2_Channel4_IRQHandler</a> from startup_n32g45x.o(.text) referenced from startup_n32g45x.o(RESET)
 <LI><a href="#[4c]">DMA2_Channel5_IRQHandler</a> from startup_n32g45x.o(.text) referenced from startup_n32g45x.o(RESET)
 <LI><a href="#[54]">DMA2_Channel6_IRQHandler</a> from startup_n32g45x.o(.text) referenced from startup_n32g45x.o(RESET)
 <LI><a href="#[55]">DMA2_Channel7_IRQHandler</a> from startup_n32g45x.o(.text) referenced from startup_n32g45x.o(RESET)
 <LI><a href="#[5d]">DMA2_Channel8_IRQHandler</a> from startup_n32g45x.o(.text) referenced from startup_n32g45x.o(RESET)
 <LI><a href="#[5e]">DVP_IRQHandler</a> from startup_n32g45x.o(.text) referenced from startup_n32g45x.o(RESET)
 <LI><a href="#[d]">DebugMon_Handler</a> from startup_n32g45x.o(.text) referenced from startup_n32g45x.o(RESET)
 <LI><a href="#[4d]">ETH_IRQHandler</a> from startup_n32g45x.o(.text) referenced from startup_n32g45x.o(RESET)
 <LI><a href="#[4e]">ETH_WKUP_IRQHandler</a> from startup_n32g45x.o(.text) referenced from startup_n32g45x.o(RESET)
 <LI><a href="#[16]">EXTI0_IRQHandler</a> from drv_gpio.o(i.EXTI0_IRQHandler) referenced from startup_n32g45x.o(RESET)
 <LI><a href="#[38]">EXTI15_10_IRQHandler</a> from drv_gpio.o(i.EXTI15_10_IRQHandler) referenced from startup_n32g45x.o(RESET)
 <LI><a href="#[17]">EXTI1_IRQHandler</a> from drv_gpio.o(i.EXTI1_IRQHandler) referenced from startup_n32g45x.o(RESET)
 <LI><a href="#[18]">EXTI2_IRQHandler</a> from drv_gpio.o(i.EXTI2_IRQHandler) referenced from startup_n32g45x.o(RESET)
 <LI><a href="#[19]">EXTI3_IRQHandler</a> from drv_gpio.o(i.EXTI3_IRQHandler) referenced from startup_n32g45x.o(RESET)
 <LI><a href="#[1a]">EXTI4_IRQHandler</a> from drv_gpio.o(i.EXTI4_IRQHandler) referenced from startup_n32g45x.o(RESET)
 <LI><a href="#[27]">EXTI9_5_IRQHandler</a> from drv_gpio.o(i.EXTI9_5_IRQHandler) referenced from startup_n32g45x.o(RESET)
 <LI><a href="#[14]">FLASH_IRQHandler</a> from startup_n32g45x.o(.text) referenced from startup_n32g45x.o(RESET)
 <LI><a href="#[8]">HardFault_Handler</a> from context_rvds.o(.text) referenced from startup_n32g45x.o(RESET)
 <LI><a href="#[30]">I2C1_ER_IRQHandler</a> from startup_n32g45x.o(.text) referenced from startup_n32g45x.o(RESET)
 <LI><a href="#[2f]">I2C1_EV_IRQHandler</a> from startup_n32g45x.o(.text) referenced from startup_n32g45x.o(RESET)
 <LI><a href="#[32]">I2C2_ER_IRQHandler</a> from startup_n32g45x.o(.text) referenced from startup_n32g45x.o(RESET)
 <LI><a href="#[31]">I2C2_EV_IRQHandler</a> from startup_n32g45x.o(.text) referenced from startup_n32g45x.o(RESET)
 <LI><a href="#[57]">I2C3_ER_IRQHandler</a> from startup_n32g45x.o(.text) referenced from startup_n32g45x.o(RESET)
 <LI><a href="#[56]">I2C3_EV_IRQHandler</a> from startup_n32g45x.o(.text) referenced from startup_n32g45x.o(RESET)
 <LI><a href="#[59]">I2C4_ER_IRQHandler</a> from startup_n32g45x.o(.text) referenced from startup_n32g45x.o(RESET)
 <LI><a href="#[58]">I2C4_EV_IRQHandler</a> from startup_n32g45x.o(.text) referenced from startup_n32g45x.o(RESET)
 <LI><a href="#[60]">MMU_IRQHandler</a> from startup_n32g45x.o(.text) referenced from startup_n32g45x.o(RESET)
 <LI><a href="#[9]">MemManage_Handler</a> from startup_n32g45x.o(.text) referenced from startup_n32g45x.o(RESET)
 <LI><a href="#[7]">NMI_Handler</a> from startup_n32g45x.o(.text) referenced from startup_n32g45x.o(RESET)
 <LI><a href="#[11]">PVD_IRQHandler</a> from startup_n32g45x.o(.text) referenced from startup_n32g45x.o(RESET)
 <LI><a href="#[e]">PendSV_Handler</a> from context_rvds.o(.text) referenced from startup_n32g45x.o(RESET)
 <LI><a href="#[53]">QSPI_IRQHandler</a> from startup_n32g45x.o(.text) referenced from startup_n32g45x.o(RESET)
 <LI><a href="#[15]">RCC_IRQHandler</a> from startup_n32g45x.o(.text) referenced from startup_n32g45x.o(RESET)
 <LI><a href="#[40]">RESERVE48_IRQHandler</a> from startup_n32g45x.o(.text) referenced from startup_n32g45x.o(RESET)
 <LI><a href="#[65]">RSRAM_IRQHandler</a> from startup_n32g45x.o(.text) referenced from startup_n32g45x.o(RESET)
 <LI><a href="#[39]">RTCAlarm_IRQHandler</a> from startup_n32g45x.o(.text) referenced from startup_n32g45x.o(RESET)
 <LI><a href="#[13]">RTC_WKUP_IRQHandler</a> from startup_n32g45x.o(.text) referenced from startup_n32g45x.o(RESET)
 <LI><a href="#[6]">Reset_Handler</a> from startup_n32g45x.o(.text) referenced from startup_n32g45x.o(RESET)
 <LI><a href="#[5f]">SAC_IRQHandler</a> from startup_n32g45x.o(.text) referenced from startup_n32g45x.o(RESET)
 <LI><a href="#[41]">SDIO_IRQHandler</a> from startup_n32g45x.o(.text) referenced from startup_n32g45x.o(RESET)
 <LI><a href="#[33]">SPI1_IRQHandler</a> from startup_n32g45x.o(.text) referenced from startup_n32g45x.o(RESET)
 <LI><a href="#[34]">SPI2_IRQHandler</a> from startup_n32g45x.o(.text) referenced from startup_n32g45x.o(RESET)
 <LI><a href="#[43]">SPI3_IRQHandler</a> from startup_n32g45x.o(.text) referenced from startup_n32g45x.o(RESET)
 <LI><a href="#[c]">SVC_Handler</a> from startup_n32g45x.o(.text) referenced from startup_n32g45x.o(RESET)
 <LI><a href="#[f]">SysTick_Handler</a> from board.o(i.SysTick_Handler) referenced from startup_n32g45x.o(RESET)
 <LI><a href="#[66]">SystemInit</a> from system_n32g45x.o(i.SystemInit) referenced from startup_n32g45x.o(.text)
 <LI><a href="#[12]">TAMPER_IRQHandler</a> from startup_n32g45x.o(.text) referenced from startup_n32g45x.o(RESET)
 <LI><a href="#[28]">TIM1_BRK_IRQHandler</a> from startup_n32g45x.o(.text) referenced from startup_n32g45x.o(RESET)
 <LI><a href="#[2b]">TIM1_CC_IRQHandler</a> from startup_n32g45x.o(.text) referenced from startup_n32g45x.o(RESET)
 <LI><a href="#[2a]">TIM1_TRG_COM_IRQHandler</a> from startup_n32g45x.o(.text) referenced from startup_n32g45x.o(RESET)
 <LI><a href="#[29]">TIM1_UP_IRQHandler</a> from startup_n32g45x.o(.text) referenced from startup_n32g45x.o(RESET)
 <LI><a href="#[2c]">TIM2_IRQHandler</a> from startup_n32g45x.o(.text) referenced from startup_n32g45x.o(RESET)
 <LI><a href="#[2d]">TIM3_IRQHandler</a> from startup_n32g45x.o(.text) referenced from startup_n32g45x.o(RESET)
 <LI><a href="#[2e]">TIM4_IRQHandler</a> from startup_n32g45x.o(.text) referenced from startup_n32g45x.o(RESET)
 <LI><a href="#[42]">TIM5_IRQHandler</a> from startup_n32g45x.o(.text) referenced from startup_n32g45x.o(RESET)
 <LI><a href="#[46]">TIM6_IRQHandler</a> from startup_n32g45x.o(.text) referenced from startup_n32g45x.o(RESET)
 <LI><a href="#[47]">TIM7_IRQHandler</a> from startup_n32g45x.o(.text) referenced from startup_n32g45x.o(RESET)
 <LI><a href="#[3b]">TIM8_BRK_IRQHandler</a> from startup_n32g45x.o(.text) referenced from startup_n32g45x.o(RESET)
 <LI><a href="#[3e]">TIM8_CC_IRQHandler</a> from startup_n32g45x.o(.text) referenced from startup_n32g45x.o(RESET)
 <LI><a href="#[3d]">TIM8_TRG_COM_IRQHandler</a> from startup_n32g45x.o(.text) referenced from startup_n32g45x.o(RESET)
 <LI><a href="#[3c]">TIM8_UP_IRQHandler</a> from startup_n32g45x.o(.text) referenced from startup_n32g45x.o(RESET)
 <LI><a href="#[61]">TSC_IRQHandler</a> from startup_n32g45x.o(.text) referenced from startup_n32g45x.o(RESET)
 <LI><a href="#[44]">UART4_IRQHandler</a> from startup_n32g45x.o(.text) referenced from startup_n32g45x.o(RESET)
 <LI><a href="#[45]">UART5_IRQHandler</a> from startup_n32g45x.o(.text) referenced from startup_n32g45x.o(RESET)
 <LI><a href="#[5a]">UART6_IRQHandler</a> from startup_n32g45x.o(.text) referenced from startup_n32g45x.o(RESET)
 <LI><a href="#[5b]">UART7_IRQHandler</a> from startup_n32g45x.o(.text) referenced from startup_n32g45x.o(RESET)
 <LI><a href="#[35]">USART1_IRQHandler</a> from drv_usart.o(i.USART1_IRQHandler) referenced from startup_n32g45x.o(RESET)
 <LI><a href="#[36]">USART2_IRQHandler</a> from drv_usart.o(i.USART2_IRQHandler) referenced from startup_n32g45x.o(RESET)
 <LI><a href="#[37]">USART3_IRQHandler</a> from startup_n32g45x.o(.text) referenced from startup_n32g45x.o(RESET)
 <LI><a href="#[3a]">USBWakeUp_IRQHandler</a> from startup_n32g45x.o(.text) referenced from startup_n32g45x.o(RESET)
 <LI><a href="#[23]">USB_HP_CAN1_TX_IRQHandler</a> from startup_n32g45x.o(.text) referenced from startup_n32g45x.o(RESET)
 <LI><a href="#[24]">USB_LP_CAN1_RX0_IRQHandler</a> from startup_n32g45x.o(.text) referenced from startup_n32g45x.o(RESET)
 <LI><a href="#[b]">UsageFault_Handler</a> from startup_n32g45x.o(.text) referenced from startup_n32g45x.o(RESET)
 <LI><a href="#[10]">WWDG_IRQHandler</a> from startup_n32g45x.o(.text) referenced from startup_n32g45x.o(RESET)
 <LI><a href="#[a3]">__main</a> from __main.o(!!!main) referenced from startup_n32g45x.o(.text)
 <LI><a href="#[68]">_get_lc_ctype</a> from lc_ctype_c.o(locale$$code) referenced from rt_ctype_table.o(.text)
 <LI><a href="#[7b]">_match_name</a> from object.o(i._match_name) referenced from object.o(i.rt_object_find)
 <LI><a href="#[9a]">_pin_cmd</a> from dev_pin.o(i._pin_cmd) referenced from dev_pin.o(FSymTab)
 <LI><a href="#[70]">_pin_control</a> from dev_pin.o(i._pin_control) referenced from dev_pin.o(i.rt_device_pin_register)
 <LI><a href="#[6e]">_pin_read</a> from dev_pin.o(i._pin_read) referenced from dev_pin.o(i.rt_device_pin_register)
 <LI><a href="#[6f]">_pin_write</a> from dev_pin.o(i._pin_write) referenced from dev_pin.o(i.rt_device_pin_register)
 <LI><a href="#[7c]">_spi_bus_device_read</a> from dev_spi.o(i._spi_bus_device_read) referenced from dev_spi.o(i.rt_spi_bus_device_init)
 <LI><a href="#[7d]">_spi_bus_device_write</a> from dev_spi.o(i._spi_bus_device_write) referenced from dev_spi.o(i.rt_spi_bus_device_init)
 <LI><a href="#[80]">_spidev_device_control</a> from dev_spi.o(i._spidev_device_control) referenced from dev_spi.o(i.rt_spidev_device_init)
 <LI><a href="#[7e]">_spidev_device_read</a> from dev_spi.o(i._spidev_device_read) referenced from dev_spi.o(i.rt_spidev_device_init)
 <LI><a href="#[7f]">_spidev_device_write</a> from dev_spi.o(i._spidev_device_write) referenced from dev_spi.o(i.rt_spidev_device_init)
 <LI><a href="#[69]">_thread_exit</a> from thread.o(i._thread_exit) referenced from thread.o(i._thread_init)
 <LI><a href="#[6a]">_thread_timeout</a> from thread.o(i._thread_timeout) referenced from thread.o(i._thread_init)
 <LI><a href="#[82]">_workqueue_thread_entry</a> from workqueue.o(i._workqueue_thread_entry) referenced from workqueue.o(i.rt_workqueue_create)
 <LI><a href="#[98]">adc</a> from adc.o(i.adc) referenced from adc.o(FSymTab)
 <LI><a href="#[9c]">clear</a> from cmd.o(i.clear) referenced from cmd.o(FSymTab)
 <LI><a href="#[a2]">cmd_backtrace</a> from kservice.o(i.cmd_backtrace) referenced from kservice.o(FSymTab)
 <LI><a href="#[97]">cmd_canstat</a> from dev_can.o(i.cmd_canstat) referenced from dev_can.o(FSymTab)
 <LI><a href="#[a1]">cmd_free</a> from msh.o(i.cmd_free) referenced from msh.o(FSymTab)
 <LI><a href="#[9e]">cmd_list</a> from cmd.o(i.cmd_list) referenced from cmd.o(FSymTab)
 <LI><a href="#[a0]">cmd_ps</a> from msh.o(i.cmd_ps) referenced from msh.o(FSymTab)
 <LI><a href="#[2]">configure</a> from drv_spi.o(i.configure) referenced 2 times from drv_spi.o(.data)
 <LI><a href="#[99]">dac</a> from dac.o(i.dac) referenced from dac.o(FSymTab)
 <LI><a href="#[9b]">date</a> from dev_rtc.o(i.date) referenced from dev_rtc.o(FSymTab)
 <LI><a href="#[6b]">finsh_rx_ind</a> from shell.o(i.finsh_rx_ind) referenced from shell.o(i.finsh_set_device)
 <LI><a href="#[95]">finsh_system_init</a> from shell.o(i.finsh_system_init) referenced from shell.o(.rti_fn.6)
 <LI><a href="#[6c]">finsh_thread_entry</a> from shell.o(i.finsh_thread_entry) referenced from shell.o(i.finsh_system_init)
 <LI><a href="#[81]">idle_thread_entry</a> from idle.o(i.idle_thread_entry) referenced from idle.o(i.rt_thread_idle_init)
 <LI><a href="#[6d]">main_thread_entry</a> from components.o(i.main_thread_entry) referenced from components.o(i.rt_application_init)
 <LI><a href="#[9f]">msh_help</a> from msh.o(i.msh_help) referenced from msh.o(FSymTab)
 <LI><a href="#[89]">n32_configure</a> from drv_usart.o(i.n32_configure) referenced from drv_usart.o(.constdata)
 <LI><a href="#[8a]">n32_control</a> from drv_usart.o(i.n32_control) referenced from drv_usart.o(.constdata)
 <LI><a href="#[8c]">n32_getc</a> from drv_usart.o(i.n32_getc) referenced from drv_usart.o(.constdata)
 <LI><a href="#[86]">n32_pin_attach_irq</a> from drv_gpio.o(i.n32_pin_attach_irq) referenced from drv_gpio.o(.constdata)
 <LI><a href="#[87]">n32_pin_dettach_irq</a> from drv_gpio.o(i.n32_pin_dettach_irq) referenced from drv_gpio.o(.constdata)
 <LI><a href="#[88]">n32_pin_irq_enable</a> from drv_gpio.o(i.n32_pin_irq_enable) referenced from drv_gpio.o(.constdata)
 <LI><a href="#[83]">n32_pin_mode</a> from drv_gpio.o(i.n32_pin_mode) referenced from drv_gpio.o(.constdata)
 <LI><a href="#[85]">n32_pin_read</a> from drv_gpio.o(i.n32_pin_read) referenced from drv_gpio.o(.constdata)
 <LI><a href="#[84]">n32_pin_write</a> from drv_gpio.o(i.n32_pin_write) referenced from drv_gpio.o(.constdata)
 <LI><a href="#[8b]">n32_putc</a> from drv_usart.o(i.n32_putc) referenced from drv_usart.o(.constdata)
 <LI><a href="#[5]">n32_wdt_control</a> from drv_wdt.o(i.n32_wdt_control) referenced 2 times from drv_wdt.o(.data)
 <LI><a href="#[4]">n32_wdt_init</a> from drv_wdt.o(i.n32_wdt_init) referenced 2 times from drv_wdt.o(.data)
 <LI><a href="#[8f]">rt_hw_pin_init</a> from drv_gpio.o(i.rt_hw_pin_init) referenced from drv_gpio.o(.rti_fn.1)
 <LI><a href="#[90]">rt_hw_spi_init</a> from drv_spi.o(i.rt_hw_spi_init) referenced from drv_spi.o(.rti_fn.1)
 <LI><a href="#[91]">rt_hw_usart_init</a> from drv_usart.o(i.rt_hw_usart_init) referenced from drv_usart.o(.rti_fn.1)
 <LI><a href="#[94]">rt_hw_wdt_init</a> from drv_wdt.o(i.rt_hw_wdt_init) referenced from drv_wdt.o(.rti_fn.3)
 <LI><a href="#[73]">rt_serial_close</a> from dev_serial.o(i.rt_serial_close) referenced from dev_serial.o(i.rt_hw_serial_register)
 <LI><a href="#[76]">rt_serial_control</a> from dev_serial.o(i.rt_serial_control) referenced from dev_serial.o(i.rt_hw_serial_register)
 <LI><a href="#[71]">rt_serial_init</a> from dev_serial.o(i.rt_serial_init) referenced from dev_serial.o(i.rt_hw_serial_register)
 <LI><a href="#[72]">rt_serial_open</a> from dev_serial.o(i.rt_serial_open) referenced from dev_serial.o(i.rt_hw_serial_register)
 <LI><a href="#[74]">rt_serial_read</a> from dev_serial.o(i.rt_serial_read) referenced from dev_serial.o(i.rt_hw_serial_register)
 <LI><a href="#[75]">rt_serial_write</a> from dev_serial.o(i.rt_serial_write) referenced from dev_serial.o(i.rt_hw_serial_register)
 <LI><a href="#[79]">rt_watchdog_close</a> from dev_watchdog.o(i.rt_watchdog_close) referenced from dev_watchdog.o(i.rt_hw_watchdog_register)
 <LI><a href="#[7a]">rt_watchdog_control</a> from dev_watchdog.o(i.rt_watchdog_control) referenced from dev_watchdog.o(i.rt_hw_watchdog_register)
 <LI><a href="#[77]">rt_watchdog_init</a> from dev_watchdog.o(i.rt_watchdog_init) referenced from dev_watchdog.o(i.rt_hw_watchdog_register)
 <LI><a href="#[78]">rt_watchdog_open</a> from dev_watchdog.o(i.rt_watchdog_open) referenced from dev_watchdog.o(i.rt_hw_watchdog_register)
 <LI><a href="#[93]">rt_work_sys_workqueue_init</a> from workqueue.o(i.rt_work_sys_workqueue_init) referenced from workqueue.o(.rti_fn.2)
 <LI><a href="#[92]">rti_board_end</a> from components.o(i.rti_board_end) referenced from components.o(.rti_fn.1.end)
 <LI><a href="#[8e]">rti_board_start</a> from components.o(i.rti_board_start) referenced from components.o(.rti_fn.0.end)
 <LI><a href="#[96]">rti_end</a> from components.o(i.rti_end) referenced from components.o(.rti_fn.6.end)
 <LI><a href="#[8d]">rti_start</a> from components.o(i.rti_start) referenced from components.o(.rti_fn.0)
 <LI><a href="#[9d]">version</a> from cmd.o(i.version) referenced from cmd.o(FSymTab)
 <LI><a href="#[3]">xfer</a> from drv_spi.o(i.xfer) referenced 2 times from drv_spi.o(.data)
</UL>
<P>
<H3>
Global Symbols
</H3>
<P><STRONG><a name="[a3]"></a>__main</STRONG> (Thumb, 8 bytes, Stack size 0 bytes, __main.o(!!!main))
<BR><BR>[Calls]<UL><LI><a href="#[a4]">&gt;&gt;</a>&nbsp;&nbsp;&nbsp;__scatterload
<LI><a href="#[a5]">&gt;&gt;</a>&nbsp;&nbsp;&nbsp;__rt_entry
</UL>

<P><STRONG><a name="[a4]"></a>__scatterload</STRONG> (Thumb, 0 bytes, Stack size unknown bytes, __scatter.o(!!!scatter))
<BR><BR>[Called By]<UL><LI><a href="#[a3]">&gt;&gt;</a>&nbsp;&nbsp;&nbsp;__main
</UL>

<P><STRONG><a name="[a6]"></a>__scatterload_rt2</STRONG> (Thumb, 44 bytes, Stack size unknown bytes, __scatter.o(!!!scatter), UNUSED)
<BR><BR>[Calls]<UL><LI><a href="#[a5]">&gt;&gt;</a>&nbsp;&nbsp;&nbsp;__rt_entry
</UL>

<P><STRONG><a name="[22d]"></a>__scatterload_rt2_thumb_only</STRONG> (Thumb, 0 bytes, Stack size unknown bytes, __scatter.o(!!!scatter), UNUSED)

<P><STRONG><a name="[22e]"></a>__scatterload_null</STRONG> (Thumb, 0 bytes, Stack size unknown bytes, __scatter.o(!!!scatter), UNUSED)

<P><STRONG><a name="[22f]"></a>__decompress</STRONG> (Thumb, 90 bytes, Stack size unknown bytes, __dczerorl2.o(!!dczerorl2), UNUSED)

<P><STRONG><a name="[230]"></a>__decompress1</STRONG> (Thumb, 0 bytes, Stack size unknown bytes, __dczerorl2.o(!!dczerorl2), UNUSED)

<P><STRONG><a name="[231]"></a>__scatterload_zeroinit</STRONG> (Thumb, 28 bytes, Stack size unknown bytes, __scatter_zi.o(!!handler_zi), UNUSED)

<P><STRONG><a name="[af]"></a>__rt_lib_init</STRONG> (Thumb, 0 bytes, Stack size unknown bytes, libinit.o(.ARM.Collect$$libinit$$00000000))
<BR><BR>[Called By]<UL><LI><a href="#[ae]">&gt;&gt;</a>&nbsp;&nbsp;&nbsp;__rt_entry_li
</UL>

<P><STRONG><a name="[a7]"></a>__rt_lib_init_fp_1</STRONG> (Thumb, 0 bytes, Stack size unknown bytes, libinit2.o(.ARM.Collect$$libinit$$00000001))
<BR><BR>[Calls]<UL><LI><a href="#[a8]">&gt;&gt;</a>&nbsp;&nbsp;&nbsp;_fp_init
</UL>

<P><STRONG><a name="[232]"></a>__rt_lib_init_heap_1</STRONG> (Thumb, 0 bytes, Stack size unknown bytes, libinit2.o(.ARM.Collect$$libinit$$0000000A))

<P><STRONG><a name="[a9]"></a>__rt_lib_init_lc_common</STRONG> (Thumb, 0 bytes, Stack size unknown bytes, libinit2.o(.ARM.Collect$$libinit$$0000000F))
<BR><BR>[Calls]<UL><LI><a href="#[aa]">&gt;&gt;</a>&nbsp;&nbsp;&nbsp;__rt_locale
</UL>

<P><STRONG><a name="[233]"></a>__rt_lib_init_preinit_1</STRONG> (Thumb, 0 bytes, Stack size unknown bytes, libinit2.o(.ARM.Collect$$libinit$$00000004))

<P><STRONG><a name="[234]"></a>__rt_lib_init_rand_1</STRONG> (Thumb, 0 bytes, Stack size unknown bytes, libinit2.o(.ARM.Collect$$libinit$$0000000E))

<P><STRONG><a name="[235]"></a>__rt_lib_init_user_alloc_1</STRONG> (Thumb, 0 bytes, Stack size unknown bytes, libinit2.o(.ARM.Collect$$libinit$$0000000C))

<P><STRONG><a name="[236]"></a>__rt_lib_init_lc_collate_1</STRONG> (Thumb, 0 bytes, Stack size unknown bytes, libinit2.o(.ARM.Collect$$libinit$$00000011))

<P><STRONG><a name="[ab]"></a>__rt_lib_init_lc_ctype_2</STRONG> (Thumb, 0 bytes, Stack size unknown bytes, libinit2.o(.ARM.Collect$$libinit$$00000012))
<BR><BR>[Stack]<UL><LI>Max Depth = 8 + Unknown Stack Size
<LI>Call Chain = __rt_lib_init_lc_ctype_2 &rArr; _get_lc_ctype
</UL>
<BR>[Calls]<UL><LI><a href="#[68]">&gt;&gt;</a>&nbsp;&nbsp;&nbsp;_get_lc_ctype
</UL>

<P><STRONG><a name="[237]"></a>__rt_lib_init_alloca_1</STRONG> (Thumb, 0 bytes, Stack size unknown bytes, libinit2.o(.ARM.Collect$$libinit$$0000002E))

<P><STRONG><a name="[238]"></a>__rt_lib_init_argv_1</STRONG> (Thumb, 0 bytes, Stack size unknown bytes, libinit2.o(.ARM.Collect$$libinit$$0000002C))

<P><STRONG><a name="[239]"></a>__rt_lib_init_atexit_1</STRONG> (Thumb, 0 bytes, Stack size unknown bytes, libinit2.o(.ARM.Collect$$libinit$$0000001B))

<P><STRONG><a name="[23a]"></a>__rt_lib_init_clock_1</STRONG> (Thumb, 0 bytes, Stack size unknown bytes, libinit2.o(.ARM.Collect$$libinit$$00000021))

<P><STRONG><a name="[23b]"></a>__rt_lib_init_cpp_1</STRONG> (Thumb, 0 bytes, Stack size unknown bytes, libinit2.o(.ARM.Collect$$libinit$$00000032))

<P><STRONG><a name="[23c]"></a>__rt_lib_init_exceptions_1</STRONG> (Thumb, 0 bytes, Stack size unknown bytes, libinit2.o(.ARM.Collect$$libinit$$00000030))

<P><STRONG><a name="[23d]"></a>__rt_lib_init_fp_trap_1</STRONG> (Thumb, 0 bytes, Stack size unknown bytes, libinit2.o(.ARM.Collect$$libinit$$0000001F))

<P><STRONG><a name="[23e]"></a>__rt_lib_init_getenv_1</STRONG> (Thumb, 0 bytes, Stack size unknown bytes, libinit2.o(.ARM.Collect$$libinit$$00000023))

<P><STRONG><a name="[23f]"></a>__rt_lib_init_lc_ctype_1</STRONG> (Thumb, 0 bytes, Stack size unknown bytes, libinit2.o(.ARM.Collect$$libinit$$00000013))

<P><STRONG><a name="[240]"></a>__rt_lib_init_lc_monetary_1</STRONG> (Thumb, 0 bytes, Stack size unknown bytes, libinit2.o(.ARM.Collect$$libinit$$00000015))

<P><STRONG><a name="[241]"></a>__rt_lib_init_lc_numeric_1</STRONG> (Thumb, 0 bytes, Stack size unknown bytes, libinit2.o(.ARM.Collect$$libinit$$00000017))

<P><STRONG><a name="[242]"></a>__rt_lib_init_lc_time_1</STRONG> (Thumb, 0 bytes, Stack size unknown bytes, libinit2.o(.ARM.Collect$$libinit$$00000019))

<P><STRONG><a name="[243]"></a>__rt_lib_init_return</STRONG> (Thumb, 0 bytes, Stack size unknown bytes, libinit2.o(.ARM.Collect$$libinit$$00000033))

<P><STRONG><a name="[244]"></a>__rt_lib_init_signal_1</STRONG> (Thumb, 0 bytes, Stack size unknown bytes, libinit2.o(.ARM.Collect$$libinit$$0000001D))

<P><STRONG><a name="[245]"></a>__rt_lib_init_stdio_1</STRONG> (Thumb, 0 bytes, Stack size unknown bytes, libinit2.o(.ARM.Collect$$libinit$$00000025))

<P><STRONG><a name="[b4]"></a>__rt_lib_shutdown</STRONG> (Thumb, 0 bytes, Stack size unknown bytes, libshutdown.o(.ARM.Collect$$libshutdown$$00000000))
<BR><BR>[Called By]<UL><LI><a href="#[b3]">&gt;&gt;</a>&nbsp;&nbsp;&nbsp;__rt_exit_ls
</UL>

<P><STRONG><a name="[246]"></a>__rt_lib_shutdown_cpp_1</STRONG> (Thumb, 0 bytes, Stack size unknown bytes, libshutdown2.o(.ARM.Collect$$libshutdown$$00000002))

<P><STRONG><a name="[247]"></a>__rt_lib_shutdown_fp_trap_1</STRONG> (Thumb, 0 bytes, Stack size unknown bytes, libshutdown2.o(.ARM.Collect$$libshutdown$$00000007))

<P><STRONG><a name="[248]"></a>__rt_lib_shutdown_heap_1</STRONG> (Thumb, 0 bytes, Stack size unknown bytes, libshutdown2.o(.ARM.Collect$$libshutdown$$0000000F))

<P><STRONG><a name="[249]"></a>__rt_lib_shutdown_return</STRONG> (Thumb, 0 bytes, Stack size unknown bytes, libshutdown2.o(.ARM.Collect$$libshutdown$$00000010))

<P><STRONG><a name="[24a]"></a>__rt_lib_shutdown_signal_1</STRONG> (Thumb, 0 bytes, Stack size unknown bytes, libshutdown2.o(.ARM.Collect$$libshutdown$$0000000A))

<P><STRONG><a name="[24b]"></a>__rt_lib_shutdown_stdio_1</STRONG> (Thumb, 0 bytes, Stack size unknown bytes, libshutdown2.o(.ARM.Collect$$libshutdown$$00000004))

<P><STRONG><a name="[24c]"></a>__rt_lib_shutdown_user_alloc_1</STRONG> (Thumb, 0 bytes, Stack size unknown bytes, libshutdown2.o(.ARM.Collect$$libshutdown$$0000000C))

<P><STRONG><a name="[a5]"></a>__rt_entry</STRONG> (Thumb, 0 bytes, Stack size unknown bytes, __rtentry.o(.ARM.Collect$$rtentry$$00000000))
<BR><BR>[Called By]<UL><LI><a href="#[a6]">&gt;&gt;</a>&nbsp;&nbsp;&nbsp;__scatterload_rt2
<LI><a href="#[a3]">&gt;&gt;</a>&nbsp;&nbsp;&nbsp;__main
</UL>

<P><STRONG><a name="[24d]"></a>__rt_entry_presh_1</STRONG> (Thumb, 0 bytes, Stack size unknown bytes, __rtentry2.o(.ARM.Collect$$rtentry$$00000002))

<P><STRONG><a name="[ac]"></a>__rt_entry_sh</STRONG> (Thumb, 0 bytes, Stack size unknown bytes, __rtentry4.o(.ARM.Collect$$rtentry$$00000004))
<BR><BR>[Stack]<UL><LI>Max Depth = 8 + Unknown Stack Size
<LI>Call Chain = __rt_entry_sh &rArr; __user_setup_stackheap
</UL>
<BR>[Calls]<UL><LI><a href="#[ad]">&gt;&gt;</a>&nbsp;&nbsp;&nbsp;__user_setup_stackheap
</UL>

<P><STRONG><a name="[ae]"></a>__rt_entry_li</STRONG> (Thumb, 0 bytes, Stack size unknown bytes, __rtentry2.o(.ARM.Collect$$rtentry$$0000000A))
<BR><BR>[Calls]<UL><LI><a href="#[af]">&gt;&gt;</a>&nbsp;&nbsp;&nbsp;__rt_lib_init
</UL>

<P><STRONG><a name="[24e]"></a>__rt_entry_postsh_1</STRONG> (Thumb, 0 bytes, Stack size unknown bytes, __rtentry2.o(.ARM.Collect$$rtentry$$00000009))

<P><STRONG><a name="[b0]"></a>__rt_entry_main</STRONG> (Thumb, 0 bytes, Stack size unknown bytes, __rtentry2.o(.ARM.Collect$$rtentry$$0000000D))
<BR><BR>[Stack]<UL><LI>Max Depth = 556 + Unknown Stack Size
<LI>Call Chain = __rt_entry_main &rArr; main &rArr; rtthread_startup &rArr; rt_application_init &rArr; rt_thread_create &rArr; rt_object_allocate &rArr; rt_malloc &rArr; _heap_lock &rArr; rt_mutex_take &rArr; _rt_mutex_take &rArr; rt_thread_suspend_to_list &rArr; rt_sched_thread_timer_stop &rArr; rt_timer_stop &rArr; rt_spin_unlock_irqrestore &rArr; rt_exit_critical_safe &rArr; rt_exit_critical &rArr; rt_schedule &rArr; rt_scheduler_stack_check &rArr; rt_kprintf &rArr; rt_vsnprintf &rArr; print_number &rArr; __aeabi_memclr4
</UL>
<BR>[Calls]<UL><LI><a href="#[b1]">&gt;&gt;</a>&nbsp;&nbsp;&nbsp;main
<LI><a href="#[b2]">&gt;&gt;</a>&nbsp;&nbsp;&nbsp;exit
</UL>

<P><STRONG><a name="[24f]"></a>__rt_entry_postli_1</STRONG> (Thumb, 0 bytes, Stack size unknown bytes, __rtentry2.o(.ARM.Collect$$rtentry$$0000000C))

<P><STRONG><a name="[c5]"></a>__rt_exit</STRONG> (Thumb, 0 bytes, Stack size unknown bytes, rtexit.o(.ARM.Collect$$rtexit$$00000000))
<BR><BR>[Called By]<UL><LI><a href="#[b2]">&gt;&gt;</a>&nbsp;&nbsp;&nbsp;exit
</UL>

<P><STRONG><a name="[b3]"></a>__rt_exit_ls</STRONG> (Thumb, 0 bytes, Stack size unknown bytes, rtexit2.o(.ARM.Collect$$rtexit$$00000003))
<BR><BR>[Calls]<UL><LI><a href="#[b4]">&gt;&gt;</a>&nbsp;&nbsp;&nbsp;__rt_lib_shutdown
</UL>

<P><STRONG><a name="[250]"></a>__rt_exit_prels_1</STRONG> (Thumb, 0 bytes, Stack size unknown bytes, rtexit2.o(.ARM.Collect$$rtexit$$00000002))

<P><STRONG><a name="[b5]"></a>__rt_exit_exit</STRONG> (Thumb, 0 bytes, Stack size unknown bytes, rtexit2.o(.ARM.Collect$$rtexit$$00000004))
<BR><BR>[Stack]<UL><LI>Max Depth = 468 + Unknown Stack Size
<LI>Call Chain = __rt_exit_exit &rArr; _sys_exit &rArr; __rt_libc_exit &rArr; rt_thread_control &rArr; rt_thread_delete &rArr; _thread_detach &rArr; _thread_detach_from_mutex &rArr; rt_mutex_release &rArr; rt_sched_thread_ready &rArr; rt_sched_thread_timer_stop &rArr; rt_timer_stop &rArr; rt_spin_unlock_irqrestore &rArr; rt_exit_critical_safe &rArr; rt_exit_critical &rArr; rt_schedule &rArr; rt_scheduler_stack_check &rArr; rt_kprintf &rArr; rt_vsnprintf &rArr; print_number &rArr; __aeabi_memclr4
</UL>
<BR>[Calls]<UL><LI><a href="#[b6]">&gt;&gt;</a>&nbsp;&nbsp;&nbsp;_sys_exit
</UL>

<P><STRONG><a name="[115]"></a>__rt_ffs</STRONG> (Thumb, 16 bytes, Stack size 0 bytes, cpuport.o(.emb_text))
<BR><BR>[Called By]<UL><LI><a href="#[114]">&gt;&gt;</a>&nbsp;&nbsp;&nbsp;_scheduler_get_highest_priority_thread
</UL>

<P><STRONG><a name="[6]"></a>Reset_Handler</STRONG> (Thumb, 8 bytes, Stack size 0 bytes, startup_n32g45x.o(.text))
<BR>[Address Reference Count : 1]<UL><LI> startup_n32g45x.o(RESET)
</UL>
<P><STRONG><a name="[7]"></a>NMI_Handler</STRONG> (Thumb, 2 bytes, Stack size 0 bytes, startup_n32g45x.o(.text))
<BR><BR>[Calls]<UL><LI><a href="#[7]">&gt;&gt;</a>&nbsp;&nbsp;&nbsp;NMI_Handler
</UL>
<BR>[Called By]<UL><LI><a href="#[7]">&gt;&gt;</a>&nbsp;&nbsp;&nbsp;NMI_Handler
</UL>
<BR>[Address Reference Count : 1]<UL><LI> startup_n32g45x.o(RESET)
</UL>
<P><STRONG><a name="[9]"></a>MemManage_Handler</STRONG> (Thumb, 2 bytes, Stack size 0 bytes, startup_n32g45x.o(.text))
<BR><BR>[Calls]<UL><LI><a href="#[9]">&gt;&gt;</a>&nbsp;&nbsp;&nbsp;MemManage_Handler
</UL>
<BR>[Called By]<UL><LI><a href="#[9]">&gt;&gt;</a>&nbsp;&nbsp;&nbsp;MemManage_Handler
</UL>
<BR>[Address Reference Count : 1]<UL><LI> startup_n32g45x.o(RESET)
</UL>
<P><STRONG><a name="[a]"></a>BusFault_Handler</STRONG> (Thumb, 2 bytes, Stack size 0 bytes, startup_n32g45x.o(.text))
<BR><BR>[Calls]<UL><LI><a href="#[a]">&gt;&gt;</a>&nbsp;&nbsp;&nbsp;BusFault_Handler
</UL>
<BR>[Called By]<UL><LI><a href="#[a]">&gt;&gt;</a>&nbsp;&nbsp;&nbsp;BusFault_Handler
</UL>
<BR>[Address Reference Count : 1]<UL><LI> startup_n32g45x.o(RESET)
</UL>
<P><STRONG><a name="[b]"></a>UsageFault_Handler</STRONG> (Thumb, 2 bytes, Stack size 0 bytes, startup_n32g45x.o(.text))
<BR><BR>[Calls]<UL><LI><a href="#[b]">&gt;&gt;</a>&nbsp;&nbsp;&nbsp;UsageFault_Handler
</UL>
<BR>[Called By]<UL><LI><a href="#[b]">&gt;&gt;</a>&nbsp;&nbsp;&nbsp;UsageFault_Handler
</UL>
<BR>[Address Reference Count : 1]<UL><LI> startup_n32g45x.o(RESET)
</UL>
<P><STRONG><a name="[c]"></a>SVC_Handler</STRONG> (Thumb, 2 bytes, Stack size 0 bytes, startup_n32g45x.o(.text))
<BR><BR>[Calls]<UL><LI><a href="#[c]">&gt;&gt;</a>&nbsp;&nbsp;&nbsp;SVC_Handler
</UL>
<BR>[Called By]<UL><LI><a href="#[c]">&gt;&gt;</a>&nbsp;&nbsp;&nbsp;SVC_Handler
</UL>
<BR>[Address Reference Count : 1]<UL><LI> startup_n32g45x.o(RESET)
</UL>
<P><STRONG><a name="[d]"></a>DebugMon_Handler</STRONG> (Thumb, 2 bytes, Stack size 0 bytes, startup_n32g45x.o(.text))
<BR><BR>[Calls]<UL><LI><a href="#[d]">&gt;&gt;</a>&nbsp;&nbsp;&nbsp;DebugMon_Handler
</UL>
<BR>[Called By]<UL><LI><a href="#[d]">&gt;&gt;</a>&nbsp;&nbsp;&nbsp;DebugMon_Handler
</UL>
<BR>[Address Reference Count : 1]<UL><LI> startup_n32g45x.o(RESET)
</UL>
<P><STRONG><a name="[22]"></a>ADC1_2_IRQHandler</STRONG> (Thumb, 0 bytes, Stack size 0 bytes, startup_n32g45x.o(.text))
<BR><BR>[Calls]<UL><LI><a href="#[22]">&gt;&gt;</a>&nbsp;&nbsp;&nbsp;ADC1_2_IRQHandler
</UL>
<BR>[Called By]<UL><LI><a href="#[22]">&gt;&gt;</a>&nbsp;&nbsp;&nbsp;ADC1_2_IRQHandler
</UL>
<BR>[Address Reference Count : 1]<UL><LI> startup_n32g45x.o(RESET)
</UL>
<P><STRONG><a name="[3f]"></a>ADC3_4_IRQHandler</STRONG> (Thumb, 0 bytes, Stack size 0 bytes, startup_n32g45x.o(.text))
<BR>[Address Reference Count : 1]<UL><LI> startup_n32g45x.o(RESET)
</UL>
<P><STRONG><a name="[25]"></a>CAN1_RX1_IRQHandler</STRONG> (Thumb, 0 bytes, Stack size 0 bytes, startup_n32g45x.o(.text))
<BR>[Address Reference Count : 1]<UL><LI> startup_n32g45x.o(RESET)
</UL>
<P><STRONG><a name="[26]"></a>CAN1_SCE_IRQHandler</STRONG> (Thumb, 0 bytes, Stack size 0 bytes, startup_n32g45x.o(.text))
<BR>[Address Reference Count : 1]<UL><LI> startup_n32g45x.o(RESET)
</UL>
<P><STRONG><a name="[50]"></a>CAN2_RX0_IRQHandler</STRONG> (Thumb, 0 bytes, Stack size 0 bytes, startup_n32g45x.o(.text))
<BR>[Address Reference Count : 1]<UL><LI> startup_n32g45x.o(RESET)
</UL>
<P><STRONG><a name="[51]"></a>CAN2_RX1_IRQHandler</STRONG> (Thumb, 0 bytes, Stack size 0 bytes, startup_n32g45x.o(.text))
<BR>[Address Reference Count : 1]<UL><LI> startup_n32g45x.o(RESET)
</UL>
<P><STRONG><a name="[52]"></a>CAN2_SCE_IRQHandler</STRONG> (Thumb, 0 bytes, Stack size 0 bytes, startup_n32g45x.o(.text))
<BR>[Address Reference Count : 1]<UL><LI> startup_n32g45x.o(RESET)
</UL>
<P><STRONG><a name="[4f]"></a>CAN2_TX_IRQHandler</STRONG> (Thumb, 0 bytes, Stack size 0 bytes, startup_n32g45x.o(.text))
<BR>[Address Reference Count : 1]<UL><LI> startup_n32g45x.o(RESET)
</UL>
<P><STRONG><a name="[64]"></a>COMP7_IRQHandler</STRONG> (Thumb, 0 bytes, Stack size 0 bytes, startup_n32g45x.o(.text))
<BR>[Address Reference Count : 1]<UL><LI> startup_n32g45x.o(RESET)
</UL>
<P><STRONG><a name="[62]"></a>COMP_1_2_3_IRQHandler</STRONG> (Thumb, 0 bytes, Stack size 0 bytes, startup_n32g45x.o(.text))
<BR>[Address Reference Count : 1]<UL><LI> startup_n32g45x.o(RESET)
</UL>
<P><STRONG><a name="[63]"></a>COMP_4_5_6_IRQHandler</STRONG> (Thumb, 0 bytes, Stack size 0 bytes, startup_n32g45x.o(.text))
<BR>[Address Reference Count : 1]<UL><LI> startup_n32g45x.o(RESET)
</UL>
<P><STRONG><a name="[1b]"></a>DMA1_Channel1_IRQHandler</STRONG> (Thumb, 0 bytes, Stack size 0 bytes, startup_n32g45x.o(.text))
<BR>[Address Reference Count : 1]<UL><LI> startup_n32g45x.o(RESET)
</UL>
<P><STRONG><a name="[1c]"></a>DMA1_Channel2_IRQHandler</STRONG> (Thumb, 0 bytes, Stack size 0 bytes, startup_n32g45x.o(.text))
<BR>[Address Reference Count : 1]<UL><LI> startup_n32g45x.o(RESET)
</UL>
<P><STRONG><a name="[1d]"></a>DMA1_Channel3_IRQHandler</STRONG> (Thumb, 0 bytes, Stack size 0 bytes, startup_n32g45x.o(.text))
<BR>[Address Reference Count : 1]<UL><LI> startup_n32g45x.o(RESET)
</UL>
<P><STRONG><a name="[1e]"></a>DMA1_Channel4_IRQHandler</STRONG> (Thumb, 0 bytes, Stack size 0 bytes, startup_n32g45x.o(.text))
<BR>[Address Reference Count : 1]<UL><LI> startup_n32g45x.o(RESET)
</UL>
<P><STRONG><a name="[1f]"></a>DMA1_Channel5_IRQHandler</STRONG> (Thumb, 0 bytes, Stack size 0 bytes, startup_n32g45x.o(.text))
<BR>[Address Reference Count : 1]<UL><LI> startup_n32g45x.o(RESET)
</UL>
<P><STRONG><a name="[20]"></a>DMA1_Channel6_IRQHandler</STRONG> (Thumb, 0 bytes, Stack size 0 bytes, startup_n32g45x.o(.text))
<BR>[Address Reference Count : 1]<UL><LI> startup_n32g45x.o(RESET)
</UL>
<P><STRONG><a name="[21]"></a>DMA1_Channel7_IRQHandler</STRONG> (Thumb, 0 bytes, Stack size 0 bytes, startup_n32g45x.o(.text))
<BR>[Address Reference Count : 1]<UL><LI> startup_n32g45x.o(RESET)
</UL>
<P><STRONG><a name="[5c]"></a>DMA1_Channel8_IRQHandler</STRONG> (Thumb, 0 bytes, Stack size 0 bytes, startup_n32g45x.o(.text))
<BR>[Address Reference Count : 1]<UL><LI> startup_n32g45x.o(RESET)
</UL>
<P><STRONG><a name="[48]"></a>DMA2_Channel1_IRQHandler</STRONG> (Thumb, 0 bytes, Stack size 0 bytes, startup_n32g45x.o(.text))
<BR>[Address Reference Count : 1]<UL><LI> startup_n32g45x.o(RESET)
</UL>
<P><STRONG><a name="[49]"></a>DMA2_Channel2_IRQHandler</STRONG> (Thumb, 0 bytes, Stack size 0 bytes, startup_n32g45x.o(.text))
<BR>[Address Reference Count : 1]<UL><LI> startup_n32g45x.o(RESET)
</UL>
<P><STRONG><a name="[4a]"></a>DMA2_Channel3_IRQHandler</STRONG> (Thumb, 0 bytes, Stack size 0 bytes, startup_n32g45x.o(.text))
<BR>[Address Reference Count : 1]<UL><LI> startup_n32g45x.o(RESET)
</UL>
<P><STRONG><a name="[4b]"></a>DMA2_Channel4_IRQHandler</STRONG> (Thumb, 0 bytes, Stack size 0 bytes, startup_n32g45x.o(.text))
<BR>[Address Reference Count : 1]<UL><LI> startup_n32g45x.o(RESET)
</UL>
<P><STRONG><a name="[4c]"></a>DMA2_Channel5_IRQHandler</STRONG> (Thumb, 0 bytes, Stack size 0 bytes, startup_n32g45x.o(.text))
<BR>[Address Reference Count : 1]<UL><LI> startup_n32g45x.o(RESET)
</UL>
<P><STRONG><a name="[54]"></a>DMA2_Channel6_IRQHandler</STRONG> (Thumb, 0 bytes, Stack size 0 bytes, startup_n32g45x.o(.text))
<BR>[Address Reference Count : 1]<UL><LI> startup_n32g45x.o(RESET)
</UL>
<P><STRONG><a name="[55]"></a>DMA2_Channel7_IRQHandler</STRONG> (Thumb, 0 bytes, Stack size 0 bytes, startup_n32g45x.o(.text))
<BR>[Address Reference Count : 1]<UL><LI> startup_n32g45x.o(RESET)
</UL>
<P><STRONG><a name="[5d]"></a>DMA2_Channel8_IRQHandler</STRONG> (Thumb, 0 bytes, Stack size 0 bytes, startup_n32g45x.o(.text))
<BR>[Address Reference Count : 1]<UL><LI> startup_n32g45x.o(RESET)
</UL>
<P><STRONG><a name="[5e]"></a>DVP_IRQHandler</STRONG> (Thumb, 0 bytes, Stack size 0 bytes, startup_n32g45x.o(.text))
<BR>[Address Reference Count : 1]<UL><LI> startup_n32g45x.o(RESET)
</UL>
<P><STRONG><a name="[4d]"></a>ETH_IRQHandler</STRONG> (Thumb, 0 bytes, Stack size 0 bytes, startup_n32g45x.o(.text))
<BR>[Address Reference Count : 1]<UL><LI> startup_n32g45x.o(RESET)
</UL>
<P><STRONG><a name="[4e]"></a>ETH_WKUP_IRQHandler</STRONG> (Thumb, 0 bytes, Stack size 0 bytes, startup_n32g45x.o(.text))
<BR>[Address Reference Count : 1]<UL><LI> startup_n32g45x.o(RESET)
</UL>
<P><STRONG><a name="[14]"></a>FLASH_IRQHandler</STRONG> (Thumb, 0 bytes, Stack size 0 bytes, startup_n32g45x.o(.text))
<BR>[Address Reference Count : 1]<UL><LI> startup_n32g45x.o(RESET)
</UL>
<P><STRONG><a name="[30]"></a>I2C1_ER_IRQHandler</STRONG> (Thumb, 0 bytes, Stack size 0 bytes, startup_n32g45x.o(.text))
<BR>[Address Reference Count : 1]<UL><LI> startup_n32g45x.o(RESET)
</UL>
<P><STRONG><a name="[2f]"></a>I2C1_EV_IRQHandler</STRONG> (Thumb, 0 bytes, Stack size 0 bytes, startup_n32g45x.o(.text))
<BR>[Address Reference Count : 1]<UL><LI> startup_n32g45x.o(RESET)
</UL>
<P><STRONG><a name="[32]"></a>I2C2_ER_IRQHandler</STRONG> (Thumb, 0 bytes, Stack size 0 bytes, startup_n32g45x.o(.text))
<BR>[Address Reference Count : 1]<UL><LI> startup_n32g45x.o(RESET)
</UL>
<P><STRONG><a name="[31]"></a>I2C2_EV_IRQHandler</STRONG> (Thumb, 0 bytes, Stack size 0 bytes, startup_n32g45x.o(.text))
<BR>[Address Reference Count : 1]<UL><LI> startup_n32g45x.o(RESET)
</UL>
<P><STRONG><a name="[57]"></a>I2C3_ER_IRQHandler</STRONG> (Thumb, 0 bytes, Stack size 0 bytes, startup_n32g45x.o(.text))
<BR>[Address Reference Count : 1]<UL><LI> startup_n32g45x.o(RESET)
</UL>
<P><STRONG><a name="[56]"></a>I2C3_EV_IRQHandler</STRONG> (Thumb, 0 bytes, Stack size 0 bytes, startup_n32g45x.o(.text))
<BR>[Address Reference Count : 1]<UL><LI> startup_n32g45x.o(RESET)
</UL>
<P><STRONG><a name="[59]"></a>I2C4_ER_IRQHandler</STRONG> (Thumb, 0 bytes, Stack size 0 bytes, startup_n32g45x.o(.text))
<BR>[Address Reference Count : 1]<UL><LI> startup_n32g45x.o(RESET)
</UL>
<P><STRONG><a name="[58]"></a>I2C4_EV_IRQHandler</STRONG> (Thumb, 0 bytes, Stack size 0 bytes, startup_n32g45x.o(.text))
<BR>[Address Reference Count : 1]<UL><LI> startup_n32g45x.o(RESET)
</UL>
<P><STRONG><a name="[60]"></a>MMU_IRQHandler</STRONG> (Thumb, 0 bytes, Stack size 0 bytes, startup_n32g45x.o(.text))
<BR>[Address Reference Count : 1]<UL><LI> startup_n32g45x.o(RESET)
</UL>
<P><STRONG><a name="[11]"></a>PVD_IRQHandler</STRONG> (Thumb, 0 bytes, Stack size 0 bytes, startup_n32g45x.o(.text))
<BR>[Address Reference Count : 1]<UL><LI> startup_n32g45x.o(RESET)
</UL>
<P><STRONG><a name="[53]"></a>QSPI_IRQHandler</STRONG> (Thumb, 0 bytes, Stack size 0 bytes, startup_n32g45x.o(.text))
<BR>[Address Reference Count : 1]<UL><LI> startup_n32g45x.o(RESET)
</UL>
<P><STRONG><a name="[15]"></a>RCC_IRQHandler</STRONG> (Thumb, 0 bytes, Stack size 0 bytes, startup_n32g45x.o(.text))
<BR>[Address Reference Count : 1]<UL><LI> startup_n32g45x.o(RESET)
</UL>
<P><STRONG><a name="[65]"></a>RSRAM_IRQHandler</STRONG> (Thumb, 0 bytes, Stack size 0 bytes, startup_n32g45x.o(.text))
<BR>[Address Reference Count : 1]<UL><LI> startup_n32g45x.o(RESET)
</UL>
<P><STRONG><a name="[39]"></a>RTCAlarm_IRQHandler</STRONG> (Thumb, 0 bytes, Stack size 0 bytes, startup_n32g45x.o(.text))
<BR>[Address Reference Count : 1]<UL><LI> startup_n32g45x.o(RESET)
</UL>
<P><STRONG><a name="[13]"></a>RTC_WKUP_IRQHandler</STRONG> (Thumb, 0 bytes, Stack size 0 bytes, startup_n32g45x.o(.text))
<BR>[Address Reference Count : 1]<UL><LI> startup_n32g45x.o(RESET)
</UL>
<P><STRONG><a name="[5f]"></a>SAC_IRQHandler</STRONG> (Thumb, 0 bytes, Stack size 0 bytes, startup_n32g45x.o(.text))
<BR>[Address Reference Count : 1]<UL><LI> startup_n32g45x.o(RESET)
</UL>
<P><STRONG><a name="[41]"></a>SDIO_IRQHandler</STRONG> (Thumb, 0 bytes, Stack size 0 bytes, startup_n32g45x.o(.text))
<BR>[Address Reference Count : 1]<UL><LI> startup_n32g45x.o(RESET)
</UL>
<P><STRONG><a name="[33]"></a>SPI1_IRQHandler</STRONG> (Thumb, 0 bytes, Stack size 0 bytes, startup_n32g45x.o(.text))
<BR>[Address Reference Count : 1]<UL><LI> startup_n32g45x.o(RESET)
</UL>
<P><STRONG><a name="[34]"></a>SPI2_IRQHandler</STRONG> (Thumb, 0 bytes, Stack size 0 bytes, startup_n32g45x.o(.text))
<BR>[Address Reference Count : 1]<UL><LI> startup_n32g45x.o(RESET)
</UL>
<P><STRONG><a name="[43]"></a>SPI3_IRQHandler</STRONG> (Thumb, 0 bytes, Stack size 0 bytes, startup_n32g45x.o(.text))
<BR>[Address Reference Count : 1]<UL><LI> startup_n32g45x.o(RESET)
</UL>
<P><STRONG><a name="[12]"></a>TAMPER_IRQHandler</STRONG> (Thumb, 0 bytes, Stack size 0 bytes, startup_n32g45x.o(.text))
<BR>[Address Reference Count : 1]<UL><LI> startup_n32g45x.o(RESET)
</UL>
<P><STRONG><a name="[28]"></a>TIM1_BRK_IRQHandler</STRONG> (Thumb, 0 bytes, Stack size 0 bytes, startup_n32g45x.o(.text))
<BR>[Address Reference Count : 1]<UL><LI> startup_n32g45x.o(RESET)
</UL>
<P><STRONG><a name="[2b]"></a>TIM1_CC_IRQHandler</STRONG> (Thumb, 0 bytes, Stack size 0 bytes, startup_n32g45x.o(.text))
<BR>[Address Reference Count : 1]<UL><LI> startup_n32g45x.o(RESET)
</UL>
<P><STRONG><a name="[2a]"></a>TIM1_TRG_COM_IRQHandler</STRONG> (Thumb, 0 bytes, Stack size 0 bytes, startup_n32g45x.o(.text))
<BR>[Address Reference Count : 1]<UL><LI> startup_n32g45x.o(RESET)
</UL>
<P><STRONG><a name="[29]"></a>TIM1_UP_IRQHandler</STRONG> (Thumb, 0 bytes, Stack size 0 bytes, startup_n32g45x.o(.text))
<BR>[Address Reference Count : 1]<UL><LI> startup_n32g45x.o(RESET)
</UL>
<P><STRONG><a name="[2c]"></a>TIM2_IRQHandler</STRONG> (Thumb, 0 bytes, Stack size 0 bytes, startup_n32g45x.o(.text))
<BR>[Address Reference Count : 1]<UL><LI> startup_n32g45x.o(RESET)
</UL>
<P><STRONG><a name="[2d]"></a>TIM3_IRQHandler</STRONG> (Thumb, 0 bytes, Stack size 0 bytes, startup_n32g45x.o(.text))
<BR>[Address Reference Count : 1]<UL><LI> startup_n32g45x.o(RESET)
</UL>
<P><STRONG><a name="[2e]"></a>TIM4_IRQHandler</STRONG> (Thumb, 0 bytes, Stack size 0 bytes, startup_n32g45x.o(.text))
<BR>[Address Reference Count : 1]<UL><LI> startup_n32g45x.o(RESET)
</UL>
<P><STRONG><a name="[42]"></a>TIM5_IRQHandler</STRONG> (Thumb, 0 bytes, Stack size 0 bytes, startup_n32g45x.o(.text))
<BR>[Address Reference Count : 1]<UL><LI> startup_n32g45x.o(RESET)
</UL>
<P><STRONG><a name="[46]"></a>TIM6_IRQHandler</STRONG> (Thumb, 0 bytes, Stack size 0 bytes, startup_n32g45x.o(.text))
<BR>[Address Reference Count : 1]<UL><LI> startup_n32g45x.o(RESET)
</UL>
<P><STRONG><a name="[47]"></a>TIM7_IRQHandler</STRONG> (Thumb, 0 bytes, Stack size 0 bytes, startup_n32g45x.o(.text))
<BR>[Address Reference Count : 1]<UL><LI> startup_n32g45x.o(RESET)
</UL>
<P><STRONG><a name="[3b]"></a>TIM8_BRK_IRQHandler</STRONG> (Thumb, 0 bytes, Stack size 0 bytes, startup_n32g45x.o(.text))
<BR>[Address Reference Count : 1]<UL><LI> startup_n32g45x.o(RESET)
</UL>
<P><STRONG><a name="[3e]"></a>TIM8_CC_IRQHandler</STRONG> (Thumb, 0 bytes, Stack size 0 bytes, startup_n32g45x.o(.text))
<BR>[Address Reference Count : 1]<UL><LI> startup_n32g45x.o(RESET)
</UL>
<P><STRONG><a name="[3d]"></a>TIM8_TRG_COM_IRQHandler</STRONG> (Thumb, 0 bytes, Stack size 0 bytes, startup_n32g45x.o(.text))
<BR>[Address Reference Count : 1]<UL><LI> startup_n32g45x.o(RESET)
</UL>
<P><STRONG><a name="[3c]"></a>TIM8_UP_IRQHandler</STRONG> (Thumb, 0 bytes, Stack size 0 bytes, startup_n32g45x.o(.text))
<BR>[Address Reference Count : 1]<UL><LI> startup_n32g45x.o(RESET)
</UL>
<P><STRONG><a name="[61]"></a>TSC_IRQHandler</STRONG> (Thumb, 0 bytes, Stack size 0 bytes, startup_n32g45x.o(.text))
<BR>[Address Reference Count : 1]<UL><LI> startup_n32g45x.o(RESET)
</UL>
<P><STRONG><a name="[44]"></a>UART4_IRQHandler</STRONG> (Thumb, 0 bytes, Stack size 0 bytes, startup_n32g45x.o(.text))
<BR>[Address Reference Count : 1]<UL><LI> startup_n32g45x.o(RESET)
</UL>
<P><STRONG><a name="[45]"></a>UART5_IRQHandler</STRONG> (Thumb, 0 bytes, Stack size 0 bytes, startup_n32g45x.o(.text))
<BR>[Address Reference Count : 1]<UL><LI> startup_n32g45x.o(RESET)
</UL>
<P><STRONG><a name="[5a]"></a>UART6_IRQHandler</STRONG> (Thumb, 0 bytes, Stack size 0 bytes, startup_n32g45x.o(.text))
<BR>[Address Reference Count : 1]<UL><LI> startup_n32g45x.o(RESET)
</UL>
<P><STRONG><a name="[5b]"></a>UART7_IRQHandler</STRONG> (Thumb, 0 bytes, Stack size 0 bytes, startup_n32g45x.o(.text))
<BR>[Address Reference Count : 1]<UL><LI> startup_n32g45x.o(RESET)
</UL>
<P><STRONG><a name="[37]"></a>USART3_IRQHandler</STRONG> (Thumb, 0 bytes, Stack size 0 bytes, startup_n32g45x.o(.text))
<BR>[Address Reference Count : 1]<UL><LI> startup_n32g45x.o(RESET)
</UL>
<P><STRONG><a name="[3a]"></a>USBWakeUp_IRQHandler</STRONG> (Thumb, 0 bytes, Stack size 0 bytes, startup_n32g45x.o(.text))
<BR>[Address Reference Count : 1]<UL><LI> startup_n32g45x.o(RESET)
</UL>
<P><STRONG><a name="[23]"></a>USB_HP_CAN1_TX_IRQHandler</STRONG> (Thumb, 0 bytes, Stack size 0 bytes, startup_n32g45x.o(.text))
<BR>[Address Reference Count : 1]<UL><LI> startup_n32g45x.o(RESET)
</UL>
<P><STRONG><a name="[24]"></a>USB_LP_CAN1_RX0_IRQHandler</STRONG> (Thumb, 0 bytes, Stack size 0 bytes, startup_n32g45x.o(.text))
<BR>[Address Reference Count : 1]<UL><LI> startup_n32g45x.o(RESET)
</UL>
<P><STRONG><a name="[10]"></a>WWDG_IRQHandler</STRONG> (Thumb, 0 bytes, Stack size 0 bytes, startup_n32g45x.o(.text))
<BR>[Address Reference Count : 1]<UL><LI> startup_n32g45x.o(RESET)
</UL>
<P><STRONG><a name="[c4]"></a>__user_initial_stackheap</STRONG> (Thumb, 0 bytes, Stack size unknown bytes, startup_n32g45x.o(.text))
<BR><BR>[Called By]<UL><LI><a href="#[ad]">&gt;&gt;</a>&nbsp;&nbsp;&nbsp;__user_setup_stackheap
</UL>

<P><STRONG><a name="[1b4]"></a>rt_hw_interrupt_disable</STRONG> (Thumb, 8 bytes, Stack size 0 bytes, context_rvds.o(.text))
<BR><BR>[Called By]<UL><LI><a href="#[112]">&gt;&gt;</a>&nbsp;&nbsp;&nbsp;rt_spin_lock_irqsave
<LI><a href="#[10f]">&gt;&gt;</a>&nbsp;&nbsp;&nbsp;rt_schedule
<LI><a href="#[104]">&gt;&gt;</a>&nbsp;&nbsp;&nbsp;rt_interrupt_get_nest
<LI><a href="#[1de]">&gt;&gt;</a>&nbsp;&nbsp;&nbsp;rt_exit_critical
<LI><a href="#[127]">&gt;&gt;</a>&nbsp;&nbsp;&nbsp;rt_enter_critical
<LI><a href="#[1c4]">&gt;&gt;</a>&nbsp;&nbsp;&nbsp;n32_wdt_refresh
<LI><a href="#[1c5]">&gt;&gt;</a>&nbsp;&nbsp;&nbsp;n32_wdt_open
<LI><a href="#[1bf]">&gt;&gt;</a>&nbsp;&nbsp;&nbsp;n32_wdt_close
<LI><a href="#[88]">&gt;&gt;</a>&nbsp;&nbsp;&nbsp;n32_pin_irq_enable
<LI><a href="#[87]">&gt;&gt;</a>&nbsp;&nbsp;&nbsp;n32_pin_dettach_irq
<LI><a href="#[86]">&gt;&gt;</a>&nbsp;&nbsp;&nbsp;n32_pin_attach_irq
<LI><a href="#[10b]">&gt;&gt;</a>&nbsp;&nbsp;&nbsp;rt_sched_lock
<LI><a href="#[c6]">&gt;&gt;</a>&nbsp;&nbsp;&nbsp;rtthread_startup
<LI><a href="#[1fe]">&gt;&gt;</a>&nbsp;&nbsp;&nbsp;rt_sched_remove_thread
<LI><a href="#[134]">&gt;&gt;</a>&nbsp;&nbsp;&nbsp;rt_sched_insert_thread
</UL>

<P><STRONG><a name="[1b5]"></a>rt_hw_interrupt_enable</STRONG> (Thumb, 6 bytes, Stack size 0 bytes, context_rvds.o(.text))
<BR><BR>[Called By]<UL><LI><a href="#[113]">&gt;&gt;</a>&nbsp;&nbsp;&nbsp;rt_spin_unlock_irqrestore
<LI><a href="#[10f]">&gt;&gt;</a>&nbsp;&nbsp;&nbsp;rt_schedule
<LI><a href="#[104]">&gt;&gt;</a>&nbsp;&nbsp;&nbsp;rt_interrupt_get_nest
<LI><a href="#[1de]">&gt;&gt;</a>&nbsp;&nbsp;&nbsp;rt_exit_critical
<LI><a href="#[127]">&gt;&gt;</a>&nbsp;&nbsp;&nbsp;rt_enter_critical
<LI><a href="#[1c4]">&gt;&gt;</a>&nbsp;&nbsp;&nbsp;n32_wdt_refresh
<LI><a href="#[1c5]">&gt;&gt;</a>&nbsp;&nbsp;&nbsp;n32_wdt_open
<LI><a href="#[1bf]">&gt;&gt;</a>&nbsp;&nbsp;&nbsp;n32_wdt_close
<LI><a href="#[88]">&gt;&gt;</a>&nbsp;&nbsp;&nbsp;n32_pin_irq_enable
<LI><a href="#[87]">&gt;&gt;</a>&nbsp;&nbsp;&nbsp;n32_pin_dettach_irq
<LI><a href="#[86]">&gt;&gt;</a>&nbsp;&nbsp;&nbsp;n32_pin_attach_irq
<LI><a href="#[135]">&gt;&gt;</a>&nbsp;&nbsp;&nbsp;rt_sched_unlock_n_resched
<LI><a href="#[10c]">&gt;&gt;</a>&nbsp;&nbsp;&nbsp;rt_sched_unlock
<LI><a href="#[1fe]">&gt;&gt;</a>&nbsp;&nbsp;&nbsp;rt_sched_remove_thread
<LI><a href="#[134]">&gt;&gt;</a>&nbsp;&nbsp;&nbsp;rt_sched_insert_thread
</UL>

<P><STRONG><a name="[207]"></a>rt_hw_context_switch</STRONG> (Thumb, 32 bytes, Stack size 0 bytes, context_rvds.o(.text))
<BR><BR>[Called By]<UL><LI><a href="#[10f]">&gt;&gt;</a>&nbsp;&nbsp;&nbsp;rt_schedule
</UL>

<P><STRONG><a name="[208]"></a>rt_hw_context_switch_interrupt</STRONG> (Thumb, 0 bytes, Stack size 0 bytes, context_rvds.o(.text))
<BR><BR>[Called By]<UL><LI><a href="#[10f]">&gt;&gt;</a>&nbsp;&nbsp;&nbsp;rt_schedule
</UL>

<P><STRONG><a name="[e]"></a>PendSV_Handler</STRONG> (Thumb, 108 bytes, Stack size 0 bytes, context_rvds.o(.text))
<BR>[Address Reference Count : 1]<UL><LI> startup_n32g45x.o(RESET)
</UL>
<P><STRONG><a name="[215]"></a>rt_hw_context_switch_to</STRONG> (Thumb, 84 bytes, Stack size 0 bytes, context_rvds.o(.text))
<BR><BR>[Called By]<UL><LI><a href="#[214]">&gt;&gt;</a>&nbsp;&nbsp;&nbsp;rt_system_scheduler_start
</UL>

<P><STRONG><a name="[251]"></a>rt_hw_interrupt_thread_switch</STRONG> (Thumb, 2 bytes, Stack size 0 bytes, context_rvds.o(.text), UNUSED)

<P><STRONG><a name="[8]"></a>HardFault_Handler</STRONG> (Thumb, 56 bytes, Stack size 0 bytes, context_rvds.o(.text))
<BR><BR>[Stack]<UL><LI>Max Depth = 636<LI>Call Chain = HardFault_Handler &rArr; rt_hw_hard_fault_exception &rArr; list_thread &rArr; list_get_next &rArr; rt_spin_unlock_irqrestore &rArr; rt_exit_critical_safe &rArr; rt_exit_critical &rArr; rt_schedule &rArr; rt_scheduler_stack_check &rArr; rt_kprintf &rArr; rt_vsnprintf &rArr; print_number &rArr; __aeabi_memclr4
</UL>
<BR>[Calls]<UL><LI><a href="#[b7]">&gt;&gt;</a>&nbsp;&nbsp;&nbsp;rt_hw_hard_fault_exception
</UL>
<BR>[Address Reference Count : 1]<UL><LI> startup_n32g45x.o(RESET)
</UL>
<P><STRONG><a name="[252]"></a>__semihosting$guard</STRONG> (Thumb, 0 bytes, Stack size 0 bytes, use_no_semi.o(.text), UNUSED)

<P><STRONG><a name="[253]"></a>__use_no_semihosting_swi</STRONG> (Thumb, 2 bytes, Stack size 0 bytes, use_no_semi.o(.text), UNUSED)

<P><STRONG><a name="[b8]"></a>__rt_ctype_table</STRONG> (Thumb, 16 bytes, Stack size 8 bytes, rt_ctype_table.o(.text))
<BR><BR>[Stack]<UL><LI>Max Depth = 8<LI>Call Chain = __rt_ctype_table
</UL>
<BR>[Calls]<UL><LI><a href="#[aa]">&gt;&gt;</a>&nbsp;&nbsp;&nbsp;__rt_locale
</UL>
<BR>[Called By]<UL><LI><a href="#[fe]">&gt;&gt;</a>&nbsp;&nbsp;&nbsp;msh_isint
<LI><a href="#[bc]">&gt;&gt;</a>&nbsp;&nbsp;&nbsp;strtoul
<LI><a href="#[bb]">&gt;&gt;</a>&nbsp;&nbsp;&nbsp;strtol
</UL>

<P><STRONG><a name="[b9]"></a>atoi</STRONG> (Thumb, 26 bytes, Stack size 16 bytes, atoi.o(.text))
<BR><BR>[Stack]<UL><LI>Max Depth = 88<LI>Call Chain = atoi &rArr; strtol &rArr; _strtoul
</UL>
<BR>[Calls]<UL><LI><a href="#[bb]">&gt;&gt;</a>&nbsp;&nbsp;&nbsp;strtol
<LI><a href="#[ba]">&gt;&gt;</a>&nbsp;&nbsp;&nbsp;__aeabi_errno_addr
</UL>
<BR>[Called By]<UL><LI><a href="#[99]">&gt;&gt;</a>&nbsp;&nbsp;&nbsp;dac
<LI><a href="#[98]">&gt;&gt;</a>&nbsp;&nbsp;&nbsp;adc
<LI><a href="#[9b]">&gt;&gt;</a>&nbsp;&nbsp;&nbsp;date
<LI><a href="#[fb]">&gt;&gt;</a>&nbsp;&nbsp;&nbsp;_pin_cmd_write
<LI><a href="#[fa]">&gt;&gt;</a>&nbsp;&nbsp;&nbsp;_pin_cmd_read
<LI><a href="#[f9]">&gt;&gt;</a>&nbsp;&nbsp;&nbsp;_pin_cmd_mode
</UL>

<P><STRONG><a name="[bc]"></a>strtoul</STRONG> (Thumb, 114 bytes, Stack size 40 bytes, strtoul.o(.text))
<BR><BR>[Stack]<UL><LI>Max Depth = 80<LI>Call Chain = strtoul &rArr; _strtoul
</UL>
<BR>[Calls]<UL><LI><a href="#[b8]">&gt;&gt;</a>&nbsp;&nbsp;&nbsp;__rt_ctype_table
<LI><a href="#[bd]">&gt;&gt;</a>&nbsp;&nbsp;&nbsp;_strtoul
<LI><a href="#[ba]">&gt;&gt;</a>&nbsp;&nbsp;&nbsp;__aeabi_errno_addr
</UL>
<BR>[Called By]<UL><LI><a href="#[a2]">&gt;&gt;</a>&nbsp;&nbsp;&nbsp;cmd_backtrace
</UL>

<P><STRONG><a name="[1a5]"></a>strchr</STRONG> (Thumb, 20 bytes, Stack size 0 bytes, strchr.o(.text))
<BR><BR>[Called By]<UL><LI><a href="#[1a4]">&gt;&gt;</a>&nbsp;&nbsp;&nbsp;msh_get_cmd_opt
</UL>

<P><STRONG><a name="[228]"></a>memcmp</STRONG> (Thumb, 88 bytes, Stack size 8 bytes, memcmp.o(.text))
<BR><BR>[Stack]<UL><LI>Max Depth = 8<LI>Call Chain = memcmp
</UL>
<BR>[Called By]<UL><LI><a href="#[184]">&gt;&gt;</a>&nbsp;&nbsp;&nbsp;shell_push_history
</UL>

<P><STRONG><a name="[173]"></a>strcpy</STRONG> (Thumb, 72 bytes, Stack size 12 bytes, strcpy.o(.text))
<BR><BR>[Stack]<UL><LI>Max Depth = 12<LI>Call Chain = strcpy
</UL>
<BR>[Called By]<UL><LI><a href="#[172]">&gt;&gt;</a>&nbsp;&nbsp;&nbsp;finsh_get_prompt
</UL>

<P><STRONG><a name="[180]"></a>strlen</STRONG> (Thumb, 62 bytes, Stack size 8 bytes, strlen.o(.text))
<BR><BR>[Stack]<UL><LI>Max Depth = 8<LI>Call Chain = strlen
</UL>
<BR>[Called By]<UL><LI><a href="#[6c]">&gt;&gt;</a>&nbsp;&nbsp;&nbsp;finsh_thread_entry
<LI><a href="#[1a6]">&gt;&gt;</a>&nbsp;&nbsp;&nbsp;msh_opt_auto_complete
<LI><a href="#[1a0]">&gt;&gt;</a>&nbsp;&nbsp;&nbsp;msh_auto_complete
<LI><a href="#[1a9]">&gt;&gt;</a>&nbsp;&nbsp;&nbsp;msh_opt_complete
<LI><a href="#[1a4]">&gt;&gt;</a>&nbsp;&nbsp;&nbsp;msh_get_cmd_opt
</UL>

<P><STRONG><a name="[1a1]"></a>strncmp</STRONG> (Thumb, 150 bytes, Stack size 16 bytes, strncmp.o(.text))
<BR><BR>[Stack]<UL><LI>Max Depth = 16<LI>Call Chain = strncmp
</UL>
<BR>[Called By]<UL><LI><a href="#[1a0]">&gt;&gt;</a>&nbsp;&nbsp;&nbsp;msh_auto_complete
<LI><a href="#[1a9]">&gt;&gt;</a>&nbsp;&nbsp;&nbsp;msh_opt_complete
<LI><a href="#[1a4]">&gt;&gt;</a>&nbsp;&nbsp;&nbsp;msh_get_cmd_opt
<LI><a href="#[f3]">&gt;&gt;</a>&nbsp;&nbsp;&nbsp;msh_get_cmd
</UL>

<P><STRONG><a name="[16b]"></a>__aeabi_memclr4</STRONG> (Thumb, 0 bytes, Stack size 4 bytes, rt_memclr_w.o(.text))
<BR><BR>[Stack]<UL><LI>Max Depth = 4<LI>Call Chain = __aeabi_memclr4
</UL>
<BR>[Called By]<UL><LI><a href="#[9b]">&gt;&gt;</a>&nbsp;&nbsp;&nbsp;date
<LI><a href="#[1ca]">&gt;&gt;</a>&nbsp;&nbsp;&nbsp;print_number
</UL>

<P><STRONG><a name="[254]"></a>__aeabi_memclr8</STRONG> (Thumb, 0 bytes, Stack size 4 bytes, rt_memclr_w.o(.text), UNUSED)

<P><STRONG><a name="[255]"></a>__rt_memclr_w</STRONG> (Thumb, 78 bytes, Stack size 4 bytes, rt_memclr_w.o(.text), UNUSED)

<P><STRONG><a name="[c2]"></a>_memset_w</STRONG> (Thumb, 0 bytes, Stack size unknown bytes, rt_memclr_w.o(.text), UNUSED)
<BR><BR>[Called By]<UL><LI><a href="#[c1]">&gt;&gt;</a>&nbsp;&nbsp;&nbsp;__rt_memclr
</UL>

<P><STRONG><a name="[be]"></a>strncpy</STRONG> (Thumb, 86 bytes, Stack size 8 bytes, strncpy.o(.text))
<BR><BR>[Stack]<UL><LI>Max Depth = 8<LI>Call Chain = strncpy
</UL>
<BR>[Calls]<UL><LI><a href="#[bf]">&gt;&gt;</a>&nbsp;&nbsp;&nbsp;__aeabi_memclr
</UL>
<BR>[Called By]<UL><LI><a href="#[172]">&gt;&gt;</a>&nbsp;&nbsp;&nbsp;finsh_get_prompt
<LI><a href="#[1a9]">&gt;&gt;</a>&nbsp;&nbsp;&nbsp;msh_opt_complete
</UL>

<P><STRONG><a name="[146]"></a>strcmp</STRONG> (Thumb, 128 bytes, Stack size 0 bytes, strcmpv7m.o(.text))
<BR><BR>[Called By]<UL><LI><a href="#[99]">&gt;&gt;</a>&nbsp;&nbsp;&nbsp;dac
<LI><a href="#[98]">&gt;&gt;</a>&nbsp;&nbsp;&nbsp;adc
<LI><a href="#[156]">&gt;&gt;</a>&nbsp;&nbsp;&nbsp;msh_cmd_opt_id_get
<LI><a href="#[68]">&gt;&gt;</a>&nbsp;&nbsp;&nbsp;_get_lc_ctype
</UL>

<P><STRONG><a name="[256]"></a>__use_two_region_memory</STRONG> (Thumb, 2 bytes, Stack size 0 bytes, heapauxi.o(.text), UNUSED)

<P><STRONG><a name="[257]"></a>__rt_heap_escrow$2region</STRONG> (Thumb, 2 bytes, Stack size 0 bytes, heapauxi.o(.text), UNUSED)

<P><STRONG><a name="[258]"></a>__rt_heap_expand$2region</STRONG> (Thumb, 2 bytes, Stack size 0 bytes, heapauxi.o(.text), UNUSED)

<P><STRONG><a name="[aa]"></a>__rt_locale</STRONG> (Thumb, 8 bytes, Stack size 0 bytes, rt_locale_intlibspace.o(.text))
<BR><BR>[Called By]<UL><LI><a href="#[b8]">&gt;&gt;</a>&nbsp;&nbsp;&nbsp;__rt_ctype_table
<LI><a href="#[a9]">&gt;&gt;</a>&nbsp;&nbsp;&nbsp;__rt_lib_init_lc_common
</UL>

<P><STRONG><a name="[ba]"></a>__aeabi_errno_addr</STRONG> (Thumb, 8 bytes, Stack size 0 bytes, rt_errno_addr_intlibspace.o(.text))
<BR><BR>[Called By]<UL><LI><a href="#[bc]">&gt;&gt;</a>&nbsp;&nbsp;&nbsp;strtoul
<LI><a href="#[b9]">&gt;&gt;</a>&nbsp;&nbsp;&nbsp;atoi
<LI><a href="#[bb]">&gt;&gt;</a>&nbsp;&nbsp;&nbsp;strtol
<LI><a href="#[bd]">&gt;&gt;</a>&nbsp;&nbsp;&nbsp;_strtoul
</UL>

<P><STRONG><a name="[259]"></a>__errno$intlibspace</STRONG> (Thumb, 0 bytes, Stack size 0 bytes, rt_errno_addr_intlibspace.o(.text), UNUSED)

<P><STRONG><a name="[25a]"></a>__rt_errno_addr$intlibspace</STRONG> (Thumb, 0 bytes, Stack size 0 bytes, rt_errno_addr_intlibspace.o(.text), UNUSED)

<P><STRONG><a name="[bd]"></a>_strtoul</STRONG> (Thumb, 158 bytes, Stack size 40 bytes, _strtoul.o(.text))
<BR><BR>[Stack]<UL><LI>Max Depth = 40<LI>Call Chain = _strtoul
</UL>
<BR>[Calls]<UL><LI><a href="#[c0]">&gt;&gt;</a>&nbsp;&nbsp;&nbsp;_chval
<LI><a href="#[ba]">&gt;&gt;</a>&nbsp;&nbsp;&nbsp;__aeabi_errno_addr
</UL>
<BR>[Called By]<UL><LI><a href="#[bc]">&gt;&gt;</a>&nbsp;&nbsp;&nbsp;strtoul
<LI><a href="#[bb]">&gt;&gt;</a>&nbsp;&nbsp;&nbsp;strtol
</UL>

<P><STRONG><a name="[bb]"></a>strtol</STRONG> (Thumb, 112 bytes, Stack size 32 bytes, strtol.o(.text))
<BR><BR>[Stack]<UL><LI>Max Depth = 72<LI>Call Chain = strtol &rArr; _strtoul
</UL>
<BR>[Calls]<UL><LI><a href="#[b8]">&gt;&gt;</a>&nbsp;&nbsp;&nbsp;__rt_ctype_table
<LI><a href="#[bd]">&gt;&gt;</a>&nbsp;&nbsp;&nbsp;_strtoul
<LI><a href="#[ba]">&gt;&gt;</a>&nbsp;&nbsp;&nbsp;__aeabi_errno_addr
</UL>
<BR>[Called By]<UL><LI><a href="#[b9]">&gt;&gt;</a>&nbsp;&nbsp;&nbsp;atoi
</UL>

<P><STRONG><a name="[bf]"></a>__aeabi_memclr</STRONG> (Thumb, 0 bytes, Stack size 0 bytes, rt_memclr.o(.text))
<BR><BR>[Called By]<UL><LI><a href="#[be]">&gt;&gt;</a>&nbsp;&nbsp;&nbsp;strncpy
</UL>

<P><STRONG><a name="[c1]"></a>__rt_memclr</STRONG> (Thumb, 68 bytes, Stack size 0 bytes, rt_memclr.o(.text), UNUSED)
<BR><BR>[Calls]<UL><LI><a href="#[c2]">&gt;&gt;</a>&nbsp;&nbsp;&nbsp;_memset_w
</UL>

<P><STRONG><a name="[25b]"></a>_memset</STRONG> (Thumb, 0 bytes, Stack size unknown bytes, rt_memclr.o(.text), UNUSED)

<P><STRONG><a name="[25c]"></a>__user_libspace</STRONG> (Thumb, 8 bytes, Stack size 0 bytes, libspace.o(.text), UNUSED)

<P><STRONG><a name="[c3]"></a>__user_perproc_libspace</STRONG> (Thumb, 0 bytes, Stack size 0 bytes, libspace.o(.text))
<BR><BR>[Called By]<UL><LI><a href="#[ad]">&gt;&gt;</a>&nbsp;&nbsp;&nbsp;__user_setup_stackheap
</UL>

<P><STRONG><a name="[25d]"></a>__user_perthread_libspace</STRONG> (Thumb, 0 bytes, Stack size 0 bytes, libspace.o(.text), UNUSED)

<P><STRONG><a name="[c0]"></a>_chval</STRONG> (Thumb, 28 bytes, Stack size 0 bytes, _chval.o(.text))
<BR><BR>[Called By]<UL><LI><a href="#[bd]">&gt;&gt;</a>&nbsp;&nbsp;&nbsp;_strtoul
</UL>

<P><STRONG><a name="[ad]"></a>__user_setup_stackheap</STRONG> (Thumb, 74 bytes, Stack size 8 bytes, sys_stackheap_outer.o(.text))
<BR><BR>[Stack]<UL><LI>Max Depth = 8 + Unknown Stack Size
<LI>Call Chain = __user_setup_stackheap
</UL>
<BR>[Calls]<UL><LI><a href="#[c4]">&gt;&gt;</a>&nbsp;&nbsp;&nbsp;__user_initial_stackheap
<LI><a href="#[c3]">&gt;&gt;</a>&nbsp;&nbsp;&nbsp;__user_perproc_libspace
</UL>
<BR>[Called By]<UL><LI><a href="#[ac]">&gt;&gt;</a>&nbsp;&nbsp;&nbsp;__rt_entry_sh
</UL>

<P><STRONG><a name="[b2]"></a>exit</STRONG> (Thumb, 18 bytes, Stack size 8 bytes, exit.o(.text))
<BR><BR>[Stack]<UL><LI>Max Depth = 8 + Unknown Stack Size
<LI>Call Chain = exit
</UL>
<BR>[Calls]<UL><LI><a href="#[c5]">&gt;&gt;</a>&nbsp;&nbsp;&nbsp;__rt_exit
</UL>
<BR>[Called By]<UL><LI><a href="#[b0]">&gt;&gt;</a>&nbsp;&nbsp;&nbsp;__rt_entry_main
</UL>

<P><STRONG><a name="[b1]"></a>main</STRONG> (Thumb, 10 bytes, Stack size 8 bytes, components.o(i.$Sub$$main))
<BR><BR>[Stack]<UL><LI>Max Depth = 556<LI>Call Chain = main &rArr; rtthread_startup &rArr; rt_application_init &rArr; rt_thread_create &rArr; rt_object_allocate &rArr; rt_malloc &rArr; _heap_lock &rArr; rt_mutex_take &rArr; _rt_mutex_take &rArr; rt_thread_suspend_to_list &rArr; rt_sched_thread_timer_stop &rArr; rt_timer_stop &rArr; rt_spin_unlock_irqrestore &rArr; rt_exit_critical_safe &rArr; rt_exit_critical &rArr; rt_schedule &rArr; rt_scheduler_stack_check &rArr; rt_kprintf &rArr; rt_vsnprintf &rArr; print_number &rArr; __aeabi_memclr4
</UL>
<BR>[Calls]<UL><LI><a href="#[c6]">&gt;&gt;</a>&nbsp;&nbsp;&nbsp;rtthread_startup
</UL>
<BR>[Called By]<UL><LI><a href="#[b0]">&gt;&gt;</a>&nbsp;&nbsp;&nbsp;__rt_entry_main
</UL>

<P><STRONG><a name="[16]"></a>EXTI0_IRQHandler</STRONG> (Thumb, 18 bytes, Stack size 8 bytes, drv_gpio.o(i.EXTI0_IRQHandler))
<BR><BR>[Stack]<UL><LI>Max Depth = 24<LI>Call Chain = EXTI0_IRQHandler &rArr; rt_interrupt_leave &rArr; rt_hw_atomic_sub
</UL>
<BR>[Calls]<UL><LI><a href="#[c9]">&gt;&gt;</a>&nbsp;&nbsp;&nbsp;rt_interrupt_leave
<LI><a href="#[c7]">&gt;&gt;</a>&nbsp;&nbsp;&nbsp;rt_interrupt_enter
<LI><a href="#[c8]">&gt;&gt;</a>&nbsp;&nbsp;&nbsp;N32_GPIO_EXTI_IRQHandler
</UL>
<BR>[Address Reference Count : 1]<UL><LI> startup_n32g45x.o(RESET)
</UL>
<P><STRONG><a name="[38]"></a>EXTI15_10_IRQHandler</STRONG> (Thumb, 48 bytes, Stack size 8 bytes, drv_gpio.o(i.EXTI15_10_IRQHandler))
<BR><BR>[Stack]<UL><LI>Max Depth = 24<LI>Call Chain = EXTI15_10_IRQHandler &rArr; rt_interrupt_leave &rArr; rt_hw_atomic_sub
</UL>
<BR>[Calls]<UL><LI><a href="#[c9]">&gt;&gt;</a>&nbsp;&nbsp;&nbsp;rt_interrupt_leave
<LI><a href="#[c7]">&gt;&gt;</a>&nbsp;&nbsp;&nbsp;rt_interrupt_enter
<LI><a href="#[c8]">&gt;&gt;</a>&nbsp;&nbsp;&nbsp;N32_GPIO_EXTI_IRQHandler
</UL>
<BR>[Address Reference Count : 1]<UL><LI> startup_n32g45x.o(RESET)
</UL>
<P><STRONG><a name="[17]"></a>EXTI1_IRQHandler</STRONG> (Thumb, 18 bytes, Stack size 8 bytes, drv_gpio.o(i.EXTI1_IRQHandler))
<BR><BR>[Stack]<UL><LI>Max Depth = 24<LI>Call Chain = EXTI1_IRQHandler &rArr; rt_interrupt_leave &rArr; rt_hw_atomic_sub
</UL>
<BR>[Calls]<UL><LI><a href="#[c9]">&gt;&gt;</a>&nbsp;&nbsp;&nbsp;rt_interrupt_leave
<LI><a href="#[c7]">&gt;&gt;</a>&nbsp;&nbsp;&nbsp;rt_interrupt_enter
<LI><a href="#[c8]">&gt;&gt;</a>&nbsp;&nbsp;&nbsp;N32_GPIO_EXTI_IRQHandler
</UL>
<BR>[Address Reference Count : 1]<UL><LI> startup_n32g45x.o(RESET)
</UL>
<P><STRONG><a name="[18]"></a>EXTI2_IRQHandler</STRONG> (Thumb, 18 bytes, Stack size 8 bytes, drv_gpio.o(i.EXTI2_IRQHandler))
<BR><BR>[Stack]<UL><LI>Max Depth = 24<LI>Call Chain = EXTI2_IRQHandler &rArr; rt_interrupt_leave &rArr; rt_hw_atomic_sub
</UL>
<BR>[Calls]<UL><LI><a href="#[c9]">&gt;&gt;</a>&nbsp;&nbsp;&nbsp;rt_interrupt_leave
<LI><a href="#[c7]">&gt;&gt;</a>&nbsp;&nbsp;&nbsp;rt_interrupt_enter
<LI><a href="#[c8]">&gt;&gt;</a>&nbsp;&nbsp;&nbsp;N32_GPIO_EXTI_IRQHandler
</UL>
<BR>[Address Reference Count : 1]<UL><LI> startup_n32g45x.o(RESET)
</UL>
<P><STRONG><a name="[19]"></a>EXTI3_IRQHandler</STRONG> (Thumb, 18 bytes, Stack size 8 bytes, drv_gpio.o(i.EXTI3_IRQHandler))
<BR><BR>[Stack]<UL><LI>Max Depth = 24<LI>Call Chain = EXTI3_IRQHandler &rArr; rt_interrupt_leave &rArr; rt_hw_atomic_sub
</UL>
<BR>[Calls]<UL><LI><a href="#[c9]">&gt;&gt;</a>&nbsp;&nbsp;&nbsp;rt_interrupt_leave
<LI><a href="#[c7]">&gt;&gt;</a>&nbsp;&nbsp;&nbsp;rt_interrupt_enter
<LI><a href="#[c8]">&gt;&gt;</a>&nbsp;&nbsp;&nbsp;N32_GPIO_EXTI_IRQHandler
</UL>
<BR>[Address Reference Count : 1]<UL><LI> startup_n32g45x.o(RESET)
</UL>
<P><STRONG><a name="[1a]"></a>EXTI4_IRQHandler</STRONG> (Thumb, 18 bytes, Stack size 8 bytes, drv_gpio.o(i.EXTI4_IRQHandler))
<BR><BR>[Stack]<UL><LI>Max Depth = 24<LI>Call Chain = EXTI4_IRQHandler &rArr; rt_interrupt_leave &rArr; rt_hw_atomic_sub
</UL>
<BR>[Calls]<UL><LI><a href="#[c9]">&gt;&gt;</a>&nbsp;&nbsp;&nbsp;rt_interrupt_leave
<LI><a href="#[c7]">&gt;&gt;</a>&nbsp;&nbsp;&nbsp;rt_interrupt_enter
<LI><a href="#[c8]">&gt;&gt;</a>&nbsp;&nbsp;&nbsp;N32_GPIO_EXTI_IRQHandler
</UL>
<BR>[Address Reference Count : 1]<UL><LI> startup_n32g45x.o(RESET)
</UL>
<P><STRONG><a name="[27]"></a>EXTI9_5_IRQHandler</STRONG> (Thumb, 42 bytes, Stack size 8 bytes, drv_gpio.o(i.EXTI9_5_IRQHandler))
<BR><BR>[Stack]<UL><LI>Max Depth = 24<LI>Call Chain = EXTI9_5_IRQHandler &rArr; rt_interrupt_leave &rArr; rt_hw_atomic_sub
</UL>
<BR>[Calls]<UL><LI><a href="#[c9]">&gt;&gt;</a>&nbsp;&nbsp;&nbsp;rt_interrupt_leave
<LI><a href="#[c7]">&gt;&gt;</a>&nbsp;&nbsp;&nbsp;rt_interrupt_enter
<LI><a href="#[c8]">&gt;&gt;</a>&nbsp;&nbsp;&nbsp;N32_GPIO_EXTI_IRQHandler
</UL>
<BR>[Address Reference Count : 1]<UL><LI> startup_n32g45x.o(RESET)
</UL>
<P><STRONG><a name="[cb]"></a>EXTI_ClrITPendBit</STRONG> (Thumb, 6 bytes, Stack size 0 bytes, n32g45x_exti.o(i.EXTI_ClrITPendBit))
<BR><BR>[Called By]<UL><LI><a href="#[c8]">&gt;&gt;</a>&nbsp;&nbsp;&nbsp;N32_GPIO_EXTI_IRQHandler
<LI><a href="#[88]">&gt;&gt;</a>&nbsp;&nbsp;&nbsp;n32_pin_irq_enable
</UL>

<P><STRONG><a name="[ca]"></a>EXTI_GetITStatus</STRONG> (Thumb, 34 bytes, Stack size 0 bytes, n32g45x_exti.o(i.EXTI_GetITStatus))
<BR><BR>[Called By]<UL><LI><a href="#[c8]">&gt;&gt;</a>&nbsp;&nbsp;&nbsp;N32_GPIO_EXTI_IRQHandler
</UL>

<P><STRONG><a name="[1b8]"></a>EXTI_InitPeripheral</STRONG> (Thumb, 142 bytes, Stack size 0 bytes, n32g45x_exti.o(i.EXTI_InitPeripheral))
<BR><BR>[Called By]<UL><LI><a href="#[88]">&gt;&gt;</a>&nbsp;&nbsp;&nbsp;n32_pin_irq_enable
</UL>

<P><STRONG><a name="[1b7]"></a>GPIO_ConfigEXTILine</STRONG> (Thumb, 60 bytes, Stack size 12 bytes, n32g45x_gpio.o(i.GPIO_ConfigEXTILine))
<BR><BR>[Stack]<UL><LI>Max Depth = 12<LI>Call Chain = GPIO_ConfigEXTILine
</UL>
<BR>[Called By]<UL><LI><a href="#[88]">&gt;&gt;</a>&nbsp;&nbsp;&nbsp;n32_pin_irq_enable
</UL>

<P><STRONG><a name="[18b]"></a>GPIO_InitPeripheral</STRONG> (Thumb, 278 bytes, Stack size 24 bytes, n32g45x_gpio.o(i.GPIO_InitPeripheral))
<BR><BR>[Stack]<UL><LI>Max Depth = 24<LI>Call Chain = GPIO_InitPeripheral
</UL>
<BR>[Called By]<UL><LI><a href="#[d1]">&gt;&gt;</a>&nbsp;&nbsp;&nbsp;rt_hw_spi_device_attach
<LI><a href="#[189]">&gt;&gt;</a>&nbsp;&nbsp;&nbsp;gpio_Init
<LI><a href="#[1aa]">&gt;&gt;</a>&nbsp;&nbsp;&nbsp;n32_uart_gpio_init
<LI><a href="#[90]">&gt;&gt;</a>&nbsp;&nbsp;&nbsp;rt_hw_spi_init
<LI><a href="#[83]">&gt;&gt;</a>&nbsp;&nbsp;&nbsp;n32_pin_mode
</UL>

<P><STRONG><a name="[1ba]"></a>GPIO_InitStruct</STRONG> (Thumb, 16 bytes, Stack size 0 bytes, n32g45x_gpio.o(i.GPIO_InitStruct))
<BR><BR>[Called By]<UL><LI><a href="#[1aa]">&gt;&gt;</a>&nbsp;&nbsp;&nbsp;n32_uart_gpio_init
<LI><a href="#[90]">&gt;&gt;</a>&nbsp;&nbsp;&nbsp;rt_hw_spi_init
<LI><a href="#[83]">&gt;&gt;</a>&nbsp;&nbsp;&nbsp;n32_pin_mode
</UL>

<P><STRONG><a name="[1bb]"></a>GPIO_ReadInputDataBit</STRONG> (Thumb, 18 bytes, Stack size 0 bytes, n32g45x_gpio.o(i.GPIO_ReadInputDataBit))
<BR><BR>[Called By]<UL><LI><a href="#[85]">&gt;&gt;</a>&nbsp;&nbsp;&nbsp;n32_pin_read
</UL>

<P><STRONG><a name="[191]"></a>GPIO_ResetBits</STRONG> (Thumb, 4 bytes, Stack size 0 bytes, n32g45x_gpio.o(i.GPIO_ResetBits))
<BR><BR>[Called By]<UL><LI><a href="#[152]">&gt;&gt;</a>&nbsp;&nbsp;&nbsp;transfer_data_lcd
<LI><a href="#[151]">&gt;&gt;</a>&nbsp;&nbsp;&nbsp;transfer_command_lcd
<LI><a href="#[190]">&gt;&gt;</a>&nbsp;&nbsp;&nbsp;initial_lcd
<LI><a href="#[19d]">&gt;&gt;</a>&nbsp;&nbsp;&nbsp;$Super$$main
</UL>

<P><STRONG><a name="[193]"></a>GPIO_SetBits</STRONG> (Thumb, 4 bytes, Stack size 0 bytes, n32g45x_gpio.o(i.GPIO_SetBits))
<BR><BR>[Called By]<UL><LI><a href="#[152]">&gt;&gt;</a>&nbsp;&nbsp;&nbsp;transfer_data_lcd
<LI><a href="#[151]">&gt;&gt;</a>&nbsp;&nbsp;&nbsp;transfer_command_lcd
<LI><a href="#[190]">&gt;&gt;</a>&nbsp;&nbsp;&nbsp;initial_lcd
<LI><a href="#[19d]">&gt;&gt;</a>&nbsp;&nbsp;&nbsp;$Super$$main
</UL>

<P><STRONG><a name="[1bc]"></a>GPIO_WriteBit</STRONG> (Thumb, 10 bytes, Stack size 0 bytes, n32g45x_gpio.o(i.GPIO_WriteBit))
<BR><BR>[Called By]<UL><LI><a href="#[84]">&gt;&gt;</a>&nbsp;&nbsp;&nbsp;n32_pin_write
</UL>

<P><STRONG><a name="[1c3]"></a>IWDG_CntReload</STRONG> (Thumb, 6 bytes, Stack size 0 bytes, n32g45x_iwdg.o(i.IWDG_CntReload))
<BR><BR>[Called By]<UL><LI><a href="#[5]">&gt;&gt;</a>&nbsp;&nbsp;&nbsp;n32_wdt_control
</UL>

<P><STRONG><a name="[1c8]"></a>IWDG_Enable</STRONG> (Thumb, 10 bytes, Stack size 0 bytes, n32g45x_iwdg.o(i.IWDG_Enable))
<BR><BR>[Called By]<UL><LI><a href="#[1c5]">&gt;&gt;</a>&nbsp;&nbsp;&nbsp;n32_wdt_open
</UL>

<P><STRONG><a name="[1c7]"></a>IWDG_ReloadKey</STRONG> (Thumb, 10 bytes, Stack size 0 bytes, n32g45x_iwdg.o(i.IWDG_ReloadKey))
<BR><BR>[Called By]<UL><LI><a href="#[1c4]">&gt;&gt;</a>&nbsp;&nbsp;&nbsp;n32_wdt_refresh
<LI><a href="#[1c5]">&gt;&gt;</a>&nbsp;&nbsp;&nbsp;n32_wdt_open
</UL>

<P><STRONG><a name="[1c2]"></a>IWDG_SetPrescalerDiv</STRONG> (Thumb, 6 bytes, Stack size 0 bytes, n32g45x_iwdg.o(i.IWDG_SetPrescalerDiv))
<BR><BR>[Called By]<UL><LI><a href="#[5]">&gt;&gt;</a>&nbsp;&nbsp;&nbsp;n32_wdt_control
</UL>

<P><STRONG><a name="[1c1]"></a>IWDG_WriteConfig</STRONG> (Thumb, 6 bytes, Stack size 0 bytes, n32g45x_iwdg.o(i.IWDG_WriteConfig))
<BR><BR>[Called By]<UL><LI><a href="#[5]">&gt;&gt;</a>&nbsp;&nbsp;&nbsp;n32_wdt_control
</UL>

<P><STRONG><a name="[c8]"></a>N32_GPIO_EXTI_IRQHandler</STRONG> (Thumb, 60 bytes, Stack size 16 bytes, drv_gpio.o(i.N32_GPIO_EXTI_IRQHandler))
<BR><BR>[Stack]<UL><LI>Max Depth = 16<LI>Call Chain = N32_GPIO_EXTI_IRQHandler
</UL>
<BR>[Calls]<UL><LI><a href="#[ca]">&gt;&gt;</a>&nbsp;&nbsp;&nbsp;EXTI_GetITStatus
<LI><a href="#[cb]">&gt;&gt;</a>&nbsp;&nbsp;&nbsp;EXTI_ClrITPendBit
</UL>
<BR>[Called By]<UL><LI><a href="#[27]">&gt;&gt;</a>&nbsp;&nbsp;&nbsp;EXTI9_5_IRQHandler
<LI><a href="#[1a]">&gt;&gt;</a>&nbsp;&nbsp;&nbsp;EXTI4_IRQHandler
<LI><a href="#[19]">&gt;&gt;</a>&nbsp;&nbsp;&nbsp;EXTI3_IRQHandler
<LI><a href="#[18]">&gt;&gt;</a>&nbsp;&nbsp;&nbsp;EXTI2_IRQHandler
<LI><a href="#[17]">&gt;&gt;</a>&nbsp;&nbsp;&nbsp;EXTI1_IRQHandler
<LI><a href="#[38]">&gt;&gt;</a>&nbsp;&nbsp;&nbsp;EXTI15_10_IRQHandler
<LI><a href="#[16]">&gt;&gt;</a>&nbsp;&nbsp;&nbsp;EXTI0_IRQHandler
</UL>

<P><STRONG><a name="[cc]"></a>NVIC_Configuration</STRONG> (Thumb, 14 bytes, Stack size 8 bytes, board.o(i.NVIC_Configuration))
<BR><BR>[Stack]<UL><LI>Max Depth = 8<LI>Call Chain = NVIC_Configuration
</UL>
<BR>[Calls]<UL><LI><a href="#[cd]">&gt;&gt;</a>&nbsp;&nbsp;&nbsp;NVIC_SetVectorTable
</UL>
<BR>[Called By]<UL><LI><a href="#[1e9]">&gt;&gt;</a>&nbsp;&nbsp;&nbsp;rt_hw_board_init
</UL>

<P><STRONG><a name="[1ad]"></a>NVIC_Init</STRONG> (Thumb, 100 bytes, Stack size 16 bytes, misc.o(i.NVIC_Init))
<BR><BR>[Stack]<UL><LI>Max Depth = 16<LI>Call Chain = NVIC_Init
</UL>
<BR>[Called By]<UL><LI><a href="#[8a]">&gt;&gt;</a>&nbsp;&nbsp;&nbsp;n32_control
</UL>

<P><STRONG><a name="[1ac]"></a>NVIC_PriorityGroupConfig</STRONG> (Thumb, 10 bytes, Stack size 0 bytes, misc.o(i.NVIC_PriorityGroupConfig))
<BR><BR>[Called By]<UL><LI><a href="#[8a]">&gt;&gt;</a>&nbsp;&nbsp;&nbsp;n32_control
</UL>

<P><STRONG><a name="[cd]"></a>NVIC_SetVectorTable</STRONG> (Thumb, 12 bytes, Stack size 0 bytes, misc.o(i.NVIC_SetVectorTable))
<BR><BR>[Called By]<UL><LI><a href="#[cc]">&gt;&gt;</a>&nbsp;&nbsp;&nbsp;NVIC_Configuration
</UL>

<P><STRONG><a name="[1f0]"></a>RCC_ConfigPclk1</STRONG> (Thumb, 18 bytes, Stack size 0 bytes, n32g45x_rcc.o(i.RCC_ConfigPclk1))
<BR><BR>[Called By]<UL><LI><a href="#[90]">&gt;&gt;</a>&nbsp;&nbsp;&nbsp;rt_hw_spi_init
</UL>

<P><STRONG><a name="[1f1]"></a>RCC_ConfigPclk2</STRONG> (Thumb, 20 bytes, Stack size 0 bytes, n32g45x_rcc.o(i.RCC_ConfigPclk2))
<BR><BR>[Called By]<UL><LI><a href="#[90]">&gt;&gt;</a>&nbsp;&nbsp;&nbsp;rt_hw_spi_init
</UL>

<P><STRONG><a name="[1be]"></a>RCC_EnableAPB1PeriphClk</STRONG> (Thumb, 26 bytes, Stack size 0 bytes, n32g45x_rcc.o(i.RCC_EnableAPB1PeriphClk))
<BR><BR>[Called By]<UL><LI><a href="#[1aa]">&gt;&gt;</a>&nbsp;&nbsp;&nbsp;n32_uart_gpio_init
<LI><a href="#[90]">&gt;&gt;</a>&nbsp;&nbsp;&nbsp;rt_hw_spi_init
</UL>

<P><STRONG><a name="[18a]"></a>RCC_EnableAPB2PeriphClk</STRONG> (Thumb, 26 bytes, Stack size 0 bytes, n32g45x_rcc.o(i.RCC_EnableAPB2PeriphClk))
<BR><BR>[Called By]<UL><LI><a href="#[d1]">&gt;&gt;</a>&nbsp;&nbsp;&nbsp;rt_hw_spi_device_attach
<LI><a href="#[189]">&gt;&gt;</a>&nbsp;&nbsp;&nbsp;gpio_Init
<LI><a href="#[1aa]">&gt;&gt;</a>&nbsp;&nbsp;&nbsp;n32_uart_gpio_init
<LI><a href="#[90]">&gt;&gt;</a>&nbsp;&nbsp;&nbsp;rt_hw_spi_init
<LI><a href="#[88]">&gt;&gt;</a>&nbsp;&nbsp;&nbsp;n32_pin_irq_enable
<LI><a href="#[1b1]">&gt;&gt;</a>&nbsp;&nbsp;&nbsp;n32_gpio_clock_enable
</UL>

<P><STRONG><a name="[1c0]"></a>RCC_EnableLsi</STRONG> (Thumb, 6 bytes, Stack size 0 bytes, n32g45x_rcc.o(i.RCC_EnableLsi))
<BR><BR>[Called By]<UL><LI><a href="#[94]">&gt;&gt;</a>&nbsp;&nbsp;&nbsp;rt_hw_wdt_init
<LI><a href="#[1c5]">&gt;&gt;</a>&nbsp;&nbsp;&nbsp;n32_wdt_open
<LI><a href="#[1bf]">&gt;&gt;</a>&nbsp;&nbsp;&nbsp;n32_wdt_close
</UL>

<P><STRONG><a name="[db]"></a>RCC_GetClocksFreqValue</STRONG> (Thumb, 240 bytes, Stack size 20 bytes, n32g45x_rcc.o(i.RCC_GetClocksFreqValue))
<BR><BR>[Stack]<UL><LI>Max Depth = 20<LI>Call Chain = RCC_GetClocksFreqValue
</UL>
<BR>[Called By]<UL><LI><a href="#[da]">&gt;&gt;</a>&nbsp;&nbsp;&nbsp;USART_Init
<LI><a href="#[2]">&gt;&gt;</a>&nbsp;&nbsp;&nbsp;configure
</UL>

<P><STRONG><a name="[1c6]"></a>RCC_GetFlagStatus</STRONG> (Thumb, 56 bytes, Stack size 8 bytes, n32g45x_rcc.o(i.RCC_GetFlagStatus))
<BR><BR>[Stack]<UL><LI>Max Depth = 8<LI>Call Chain = RCC_GetFlagStatus
</UL>
<BR>[Called By]<UL><LI><a href="#[1c5]">&gt;&gt;</a>&nbsp;&nbsp;&nbsp;n32_wdt_open
</UL>

<P><STRONG><a name="[163]"></a>SPI_Enable</STRONG> (Thumb, 24 bytes, Stack size 0 bytes, n32g45x_spi.o(i.SPI_Enable))
<BR><BR>[Called By]<UL><LI><a href="#[2]">&gt;&gt;</a>&nbsp;&nbsp;&nbsp;configure
</UL>

<P><STRONG><a name="[22a]"></a>SPI_I2S_GetStatus</STRONG> (Thumb, 18 bytes, Stack size 0 bytes, n32g45x_spi.o(i.SPI_I2S_GetStatus))
<BR><BR>[Called By]<UL><LI><a href="#[3]">&gt;&gt;</a>&nbsp;&nbsp;&nbsp;xfer
</UL>

<P><STRONG><a name="[22c]"></a>SPI_I2S_ReceiveData</STRONG> (Thumb, 6 bytes, Stack size 0 bytes, n32g45x_spi.o(i.SPI_I2S_ReceiveData))
<BR><BR>[Called By]<UL><LI><a href="#[3]">&gt;&gt;</a>&nbsp;&nbsp;&nbsp;xfer
</UL>

<P><STRONG><a name="[22b]"></a>SPI_I2S_TransmitData</STRONG> (Thumb, 4 bytes, Stack size 0 bytes, n32g45x_spi.o(i.SPI_I2S_TransmitData))
<BR><BR>[Called By]<UL><LI><a href="#[3]">&gt;&gt;</a>&nbsp;&nbsp;&nbsp;xfer
</UL>

<P><STRONG><a name="[162]"></a>SPI_Init</STRONG> (Thumb, 60 bytes, Stack size 8 bytes, n32g45x_spi.o(i.SPI_Init))
<BR><BR>[Stack]<UL><LI>Max Depth = 8<LI>Call Chain = SPI_Init
</UL>
<BR>[Called By]<UL><LI><a href="#[2]">&gt;&gt;</a>&nbsp;&nbsp;&nbsp;configure
</UL>

<P><STRONG><a name="[ce]"></a>SPI_init</STRONG> (Thumb, 114 bytes, Stack size 16 bytes, spi.o(i.SPI_init))
<BR><BR>[Stack]<UL><LI>Max Depth = 508<LI>Call Chain = SPI_init &rArr; rt_hw_spi_device_attach &rArr; rt_spi_bus_attach_device &rArr; rt_spi_bus_attach_device_cspin &rArr; rt_spidev_device_init &rArr; rt_device_register &rArr; rt_device_find &rArr; rt_object_find &rArr; rt_object_for_each &rArr; rt_spin_unlock_irqrestore &rArr; rt_exit_critical_safe &rArr; rt_exit_critical &rArr; rt_schedule &rArr; rt_scheduler_stack_check &rArr; rt_kprintf &rArr; rt_vsnprintf &rArr; print_number &rArr; __aeabi_memclr4
</UL>
<BR>[Calls]<UL><LI><a href="#[d4]">&gt;&gt;</a>&nbsp;&nbsp;&nbsp;rt_spi_configure
<LI><a href="#[cf]">&gt;&gt;</a>&nbsp;&nbsp;&nbsp;rt_malloc
<LI><a href="#[d0]">&gt;&gt;</a>&nbsp;&nbsp;&nbsp;rt_kprintf
<LI><a href="#[d1]">&gt;&gt;</a>&nbsp;&nbsp;&nbsp;rt_hw_spi_device_attach
<LI><a href="#[d3]">&gt;&gt;</a>&nbsp;&nbsp;&nbsp;rt_free
<LI><a href="#[d2]">&gt;&gt;</a>&nbsp;&nbsp;&nbsp;rt_device_find
</UL>
<BR>[Called By]<UL><LI><a href="#[19d]">&gt;&gt;</a>&nbsp;&nbsp;&nbsp;$Super$$main
</UL>

<P><STRONG><a name="[d5]"></a>SPI_output</STRONG> (Thumb, 38 bytes, Stack size 16 bytes, spi.o(i.SPI_output))
<BR><BR>[Stack]<UL><LI>Max Depth = 484<LI>Call Chain = SPI_output &rArr; rt_spi_transfer &rArr; rt_mutex_take &rArr; _rt_mutex_take &rArr; rt_thread_suspend_to_list &rArr; rt_sched_thread_timer_stop &rArr; rt_timer_stop &rArr; rt_spin_unlock_irqrestore &rArr; rt_exit_critical_safe &rArr; rt_exit_critical &rArr; rt_schedule &rArr; rt_scheduler_stack_check &rArr; rt_kprintf &rArr; rt_vsnprintf &rArr; print_number &rArr; __aeabi_memclr4
</UL>
<BR>[Calls]<UL><LI><a href="#[d6]">&gt;&gt;</a>&nbsp;&nbsp;&nbsp;rt_spi_transfer
<LI><a href="#[d0]">&gt;&gt;</a>&nbsp;&nbsp;&nbsp;rt_kprintf
<LI><a href="#[d2]">&gt;&gt;</a>&nbsp;&nbsp;&nbsp;rt_device_find
</UL>
<BR>[Called By]<UL><LI><a href="#[152]">&gt;&gt;</a>&nbsp;&nbsp;&nbsp;transfer_data_lcd
<LI><a href="#[151]">&gt;&gt;</a>&nbsp;&nbsp;&nbsp;transfer_command_lcd
</UL>

<P><STRONG><a name="[f]"></a>SysTick_Handler</STRONG> (Thumb, 16 bytes, Stack size 8 bytes, board.o(i.SysTick_Handler))
[...]
<LI><a href="#[110]">&gt;&gt;</a>&nbsp;&nbsp;&nbsp;rt_list_isempty
<LI><a href="#[e1]">&gt;&gt;</a>&nbsp;&nbsp;&nbsp;_thread_get_mutex_priority
</UL>
<BR>[Called By]<UL><LI><a href="#[12c]">&gt;&gt;</a>&nbsp;&nbsp;&nbsp;rt_mutex_drop_thread
<LI><a href="#[102]">&gt;&gt;</a>&nbsp;&nbsp;&nbsp;_rt_mutex_take
</UL>

<P><STRONG><a name="[ed]"></a>rt_list_init</STRONG> (Thumb, 6 bytes, Stack size 0 bytes, ipc.o(i.rt_list_init))
<BR><BR>[Called By]<UL><LI><a href="#[1f8]">&gt;&gt;</a>&nbsp;&nbsp;&nbsp;rt_mutex_init
<LI><a href="#[ec]">&gt;&gt;</a>&nbsp;&nbsp;&nbsp;_ipc_object_init
</UL>

<P><STRONG><a name="[109]"></a>rt_list_insert_after</STRONG> (Thumb, 14 bytes, Stack size 0 bytes, ipc.o(i.rt_list_insert_after))
<BR><BR>[Called By]<UL><LI><a href="#[eb]">&gt;&gt;</a>&nbsp;&nbsp;&nbsp;rt_mutex_release
<LI><a href="#[102]">&gt;&gt;</a>&nbsp;&nbsp;&nbsp;_rt_mutex_take
</UL>

<P><STRONG><a name="[211]"></a>rt_list_insert_before</STRONG> (Thumb, 14 bytes, Stack size 0 bytes, ipc.o(i.rt_list_insert_before))
<BR><BR>[Called By]<UL><LI><a href="#[137]">&gt;&gt;</a>&nbsp;&nbsp;&nbsp;rt_susp_list_enqueue
</UL>

<P><STRONG><a name="[110]"></a>rt_list_isempty</STRONG> (Thumb, 16 bytes, Stack size 0 bytes, ipc.o(i.rt_list_isempty))
<BR><BR>[Called By]<UL><LI><a href="#[145]">&gt;&gt;</a>&nbsp;&nbsp;&nbsp;rt_sem_release
<LI><a href="#[eb]">&gt;&gt;</a>&nbsp;&nbsp;&nbsp;rt_mutex_release
<LI><a href="#[1dc]">&gt;&gt;</a>&nbsp;&nbsp;&nbsp;rt_susp_list_dequeue
<LI><a href="#[12c]">&gt;&gt;</a>&nbsp;&nbsp;&nbsp;rt_mutex_drop_thread
<LI><a href="#[108]">&gt;&gt;</a>&nbsp;&nbsp;&nbsp;_thread_update_priority
<LI><a href="#[102]">&gt;&gt;</a>&nbsp;&nbsp;&nbsp;_rt_mutex_take
</UL>

<P><STRONG><a name="[136]"></a>rt_list_remove</STRONG> (Thumb, 18 bytes, Stack size 0 bytes, ipc.o(i.rt_list_remove))
<BR><BR>[Called By]<UL><LI><a href="#[eb]">&gt;&gt;</a>&nbsp;&nbsp;&nbsp;rt_mutex_release
<LI><a href="#[12c]">&gt;&gt;</a>&nbsp;&nbsp;&nbsp;rt_mutex_drop_thread
<LI><a href="#[108]">&gt;&gt;</a>&nbsp;&nbsp;&nbsp;_thread_update_priority
</UL>

<P><STRONG><a name="[1ca]"></a>print_number</STRONG> (Thumb, 548 bytes, Stack size 88 bytes, kstdio.o(i.print_number))
<BR><BR>[Stack]<UL><LI>Max Depth = 92<LI>Call Chain = print_number &rArr; __aeabi_memclr4
</UL>
<BR>[Calls]<UL><LI><a href="#[16b]">&gt;&gt;</a>&nbsp;&nbsp;&nbsp;__aeabi_memclr4
</UL>
<BR>[Called By]<UL><LI><a href="#[1f6]">&gt;&gt;</a>&nbsp;&nbsp;&nbsp;rt_vsnprintf
</UL>

<P><STRONG><a name="[224]"></a>skip_atoi</STRONG> (Thumb, 38 bytes, Stack size 0 bytes, kstdio.o(i.skip_atoi))
<BR><BR>[Called By]<UL><LI><a href="#[1f6]">&gt;&gt;</a>&nbsp;&nbsp;&nbsp;rt_vsnprintf
</UL>

<P><STRONG><a name="[e7]"></a>_heap_lock</STRONG> (Thumb, 24 bytes, Stack size 8 bytes, kservice.o(i._heap_lock))
<BR><BR>[Stack]<UL><LI>Max Depth = 428<LI>Call Chain = _heap_lock &rArr; rt_mutex_take &rArr; _rt_mutex_take &rArr; rt_thread_suspend_to_list &rArr; rt_sched_thread_timer_stop &rArr; rt_timer_stop &rArr; rt_spin_unlock_irqrestore &rArr; rt_exit_critical_safe &rArr; rt_exit_critical &rArr; rt_schedule &rArr; rt_scheduler_stack_check &rArr; rt_kprintf &rArr; rt_vsnprintf &rArr; print_number &rArr; __aeabi_memclr4
</UL>
<BR>[Calls]<UL><LI><a href="#[dd]">&gt;&gt;</a>&nbsp;&nbsp;&nbsp;rt_thread_self
<LI><a href="#[e8]">&gt;&gt;</a>&nbsp;&nbsp;&nbsp;rt_mutex_take
</UL>
<BR>[Called By]<UL><LI><a href="#[cf]">&gt;&gt;</a>&nbsp;&nbsp;&nbsp;rt_malloc
<LI><a href="#[d3]">&gt;&gt;</a>&nbsp;&nbsp;&nbsp;rt_free
<LI><a href="#[155]">&gt;&gt;</a>&nbsp;&nbsp;&nbsp;rt_memory_info
</UL>

<P><STRONG><a name="[e9]"></a>_heap_unlock</STRONG> (Thumb, 32 bytes, Stack size 8 bytes, kservice.o(i._heap_unlock))
<BR><BR>[Stack]<UL><LI>Max Depth = 380<LI>Call Chain = _heap_unlock &rArr; rt_mutex_release &rArr; rt_sched_thread_ready &rArr; rt_sched_thread_timer_stop &rArr; rt_timer_stop &rArr; rt_spin_unlock_irqrestore &rArr; rt_exit_critical_safe &rArr; rt_exit_critical &rArr; rt_schedule &rArr; rt_scheduler_stack_check &rArr; rt_kprintf &rArr; rt_vsnprintf &rArr; print_number &rArr; __aeabi_memclr4
</UL>
<BR>[Calls]<UL><LI><a href="#[dd]">&gt;&gt;</a>&nbsp;&nbsp;&nbsp;rt_thread_self
<LI><a href="#[eb]">&gt;&gt;</a>&nbsp;&nbsp;&nbsp;rt_mutex_release
<LI><a href="#[ea]">&gt;&gt;</a>&nbsp;&nbsp;&nbsp;rt_assert_handler
</UL>
<BR>[Called By]<UL><LI><a href="#[cf]">&gt;&gt;</a>&nbsp;&nbsp;&nbsp;rt_malloc
<LI><a href="#[d3]">&gt;&gt;</a>&nbsp;&nbsp;&nbsp;rt_free
<LI><a href="#[155]">&gt;&gt;</a>&nbsp;&nbsp;&nbsp;rt_memory_info
</UL>

<P><STRONG><a name="[ee]"></a>_kputs</STRONG> (Thumb, 36 bytes, Stack size 16 bytes, kservice.o(i._kputs))
<BR><BR>[Stack]<UL><LI>Max Depth = 120<LI>Call Chain = _kputs &rArr; rt_device_write &rArr; rt_object_get_type &rArr; rt_assert_handler &rArr;  rt_kprintf (Cycle)
</UL>
<BR>[Calls]<UL><LI><a href="#[f0]">&gt;&gt;</a>&nbsp;&nbsp;&nbsp;rt_device_write
<LI><a href="#[ef]">&gt;&gt;</a>&nbsp;&nbsp;&nbsp;rt_hw_console_output
</UL>
<BR>[Called By]<UL><LI><a href="#[d0]">&gt;&gt;</a>&nbsp;&nbsp;&nbsp;rt_kprintf
</UL>

<P><STRONG><a name="[a2]"></a>cmd_backtrace</STRONG> (Thumb, 118 bytes, Stack size 24 bytes, kservice.o(i.cmd_backtrace))
<BR><BR>[Stack]<UL><LI>Max Depth = 276<LI>Call Chain = cmd_backtrace &rArr; rt_backtrace_thread &rArr; rt_hw_backtrace_frame_get &rArr; rt_kprintf &rArr; rt_vsnprintf &rArr; print_number &rArr; __aeabi_memclr4
</UL>
<BR>[Calls]<UL><LI><a href="#[dd]">&gt;&gt;</a>&nbsp;&nbsp;&nbsp;rt_thread_self
<LI><a href="#[d0]">&gt;&gt;</a>&nbsp;&nbsp;&nbsp;rt_kprintf
<LI><a href="#[105]">&gt;&gt;</a>&nbsp;&nbsp;&nbsp;rt_object_get_type
<LI><a href="#[153]">&gt;&gt;</a>&nbsp;&nbsp;&nbsp;rt_backtrace
<LI><a href="#[154]">&gt;&gt;</a>&nbsp;&nbsp;&nbsp;rt_backtrace_thread
<LI><a href="#[bc]">&gt;&gt;</a>&nbsp;&nbsp;&nbsp;strtoul
</UL>
<BR>[Address Reference Count : 1]<UL><LI> kservice.o(FSymTab)
</UL>
<P><STRONG><a name="[1c9]"></a>plug_holes</STRONG> (Thumb, 142 bytes, Stack size 24 bytes, mem.o(i.plug_holes))
<BR><BR>[Stack]<UL><LI>Max Depth = 96<LI>Call Chain = plug_holes &rArr; rt_assert_handler &rArr;  rt_kprintf (Cycle)
</UL>
<BR>[Calls]<UL><LI><a href="#[ea]">&gt;&gt;</a>&nbsp;&nbsp;&nbsp;rt_assert_handler
</UL>
<BR>[Called By]<UL><LI><a href="#[1e8]">&gt;&gt;</a>&nbsp;&nbsp;&nbsp;rt_smem_free
</UL>

<P><STRONG><a name="[7b]"></a>_match_name</STRONG> (Thumb, 36 bytes, Stack size 24 bytes, object.o(i._match_name))
<BR><BR>[Stack]<UL><LI>Max Depth = 36<LI>Call Chain = _match_name &rArr; rt_strncmp
</UL>
<BR>[Calls]<UL><LI><a href="#[f1]">&gt;&gt;</a>&nbsp;&nbsp;&nbsp;rt_strncmp
</UL>
<BR>[Address Reference Count : 1]<UL><LI> object.o(i.rt_object_find)
</UL>
<P><STRONG><a name="[1fb]"></a>rt_list_insert_after</STRONG> (Thumb, 14 bytes, Stack size 0 bytes, object.o(i.rt_list_insert_after))
<BR><BR>[Called By]<UL><LI><a href="#[1e6]">&gt;&gt;</a>&nbsp;&nbsp;&nbsp;rt_object_init
<LI><a href="#[1fa]">&gt;&gt;</a>&nbsp;&nbsp;&nbsp;rt_object_allocate
</UL>

<P><STRONG><a name="[1fc]"></a>rt_list_remove</STRONG> (Thumb, 18 bytes, Stack size 0 bytes, object.o(i.rt_list_remove))
<BR><BR>[Called By]<UL><LI><a href="#[1e1]">&gt;&gt;</a>&nbsp;&nbsp;&nbsp;rt_object_detach
<LI><a href="#[1e2]">&gt;&gt;</a>&nbsp;&nbsp;&nbsp;rt_object_delete
</UL>

<P><STRONG><a name="[114]"></a>_scheduler_get_highest_priority_thread</STRONG> (Thumb, 30 bytes, Stack size 16 bytes, scheduler_up.o(i._scheduler_get_highest_priority_thread))
<BR><BR>[Stack]<UL><LI>Max Depth = 16<LI>Call Chain = _scheduler_get_highest_priority_thread
</UL>
<BR>[Calls]<UL><LI><a href="#[115]">&gt;&gt;</a>&nbsp;&nbsp;&nbsp;__rt_ffs
</UL>
<BR>[Called By]<UL><LI><a href="#[10f]">&gt;&gt;</a>&nbsp;&nbsp;&nbsp;rt_schedule
<LI><a href="#[214]">&gt;&gt;</a>&nbsp;&nbsp;&nbsp;rt_system_scheduler_start
</UL>

<P><STRONG><a name="[200]"></a>rt_list_init</STRONG> (Thumb, 6 bytes, Stack size 0 bytes, scheduler_up.o(i.rt_list_init))
<BR><BR>[Called By]<UL><LI><a href="#[213]">&gt;&gt;</a>&nbsp;&nbsp;&nbsp;rt_system_scheduler_init
<LI><a href="#[1ff]">&gt;&gt;</a>&nbsp;&nbsp;&nbsp;rt_sched_thread_init_priv
</UL>

<P><STRONG><a name="[126]"></a>_thread_detach</STRONG> (Thumb, 40 bytes, Stack size 16 bytes, thread.o(i._thread_detach))
<BR><BR>[Stack]<UL><LI>Max Depth = 420<LI>Call Chain = _thread_detach &rArr; _thread_detach_from_mutex &rArr; rt_mutex_release &rArr; rt_sched_thread_ready &rArr; rt_sched_thread_timer_stop &rArr; rt_timer_stop &rArr; rt_spin_unlock_irqrestore &rArr; rt_exit_critical_safe &rArr; rt_exit_critical &rArr; rt_schedule &rArr; rt_scheduler_stack_check &rArr; rt_kprintf &rArr; rt_vsnprintf &rArr; print_number &rArr; __aeabi_memclr4
</UL>
<BR>[Calls]<UL><LI><a href="#[127]">&gt;&gt;</a>&nbsp;&nbsp;&nbsp;rt_enter_critical
<LI><a href="#[12a]">&gt;&gt;</a>&nbsp;&nbsp;&nbsp;rt_thread_defunct_enqueue
<LI><a href="#[12b]">&gt;&gt;</a>&nbsp;&nbsp;&nbsp;rt_exit_critical_safe
<LI><a href="#[128]">&gt;&gt;</a>&nbsp;&nbsp;&nbsp;rt_thread_close
<LI><a href="#[129]">&gt;&gt;</a>&nbsp;&nbsp;&nbsp;_thread_detach_from_mutex
</UL>
<BR>[Called By]<UL><LI><a href="#[21b]">&gt;&gt;</a>&nbsp;&nbsp;&nbsp;rt_thread_delete
<LI><a href="#[21a]">&gt;&gt;</a>&nbsp;&nbsp;&nbsp;rt_thread_detach
</UL>

<P><STRONG><a name="[129]"></a>_thread_detach_from_mutex</STRONG> (Thumb, 98 bytes, Stack size 32 bytes, thread.o(i._thread_detach_from_mutex))
<BR><BR>[Stack]<UL><LI>Max Depth = 404<LI>Call Chain = _thread_detach_from_mutex &rArr; rt_mutex_release &rArr; rt_sched_thread_ready &rArr; rt_sched_thread_timer_stop &rArr; rt_timer_stop &rArr; rt_spin_unlock_irqrestore &rArr; rt_exit_critical_safe &rArr; rt_exit_critical &rArr; rt_schedule &rArr; rt_scheduler_stack_check &rArr; rt_kprintf &rArr; rt_vsnprintf &rArr; print_number &rArr; __aeabi_memclr4
</UL>
<BR>[Calls]<UL><LI><a href="#[113]">&gt;&gt;</a>&nbsp;&nbsp;&nbsp;rt_spin_unlock_irqrestore
<LI><a href="#[112]">&gt;&gt;</a>&nbsp;&nbsp;&nbsp;rt_spin_lock_irqsave
<LI><a href="#[105]">&gt;&gt;</a>&nbsp;&nbsp;&nbsp;rt_object_get_type
<LI><a href="#[eb]">&gt;&gt;</a>&nbsp;&nbsp;&nbsp;rt_mutex_release
<LI><a href="#[12c]">&gt;&gt;</a>&nbsp;&nbsp;&nbsp;rt_mutex_drop_thread
</UL>
<BR>[Called By]<UL><LI><a href="#[69]">&gt;&gt;</a>&nbsp;&nbsp;&nbsp;_thread_exit
<LI><a href="#[126]">&gt;&gt;</a>&nbsp;&nbsp;&nbsp;_thread_detach
</UL>

<P><STRONG><a name="[69]"></a>_thread_exit</STRONG> (Thumb, 44 bytes, Stack size 16 bytes, thread.o(i._thread_exit))
<BR><BR>[Stack]<UL><LI>Max Depth = 420<LI>Call Chain = _thread_exit &rArr; _thread_detach_from_mutex &rArr; rt_mutex_release &rArr; rt_sched_thread_ready &rArr; rt_sched_thread_timer_stop &rArr; rt_timer_stop &rArr; rt_spin_unlock_irqrestore &rArr; rt_exit_critical_safe &rArr; rt_exit_critical &rArr; rt_schedule &rArr; rt_scheduler_stack_check &rArr; rt_kprintf &rArr; rt_vsnprintf &rArr; print_number &rArr; __aeabi_memclr4
</UL>
<BR>[Calls]<UL><LI><a href="#[dd]">&gt;&gt;</a>&nbsp;&nbsp;&nbsp;rt_thread_self
<LI><a href="#[10f]">&gt;&gt;</a>&nbsp;&nbsp;&nbsp;rt_schedule
<LI><a href="#[127]">&gt;&gt;</a>&nbsp;&nbsp;&nbsp;rt_enter_critical
<LI><a href="#[12a]">&gt;&gt;</a>&nbsp;&nbsp;&nbsp;rt_thread_defunct_enqueue
<LI><a href="#[12b]">&gt;&gt;</a>&nbsp;&nbsp;&nbsp;rt_exit_critical_safe
<LI><a href="#[128]">&gt;&gt;</a>&nbsp;&nbsp;&nbsp;rt_thread_close
<LI><a href="#[129]">&gt;&gt;</a>&nbsp;&nbsp;&nbsp;_thread_detach_from_mutex
</UL>
<BR>[Address Reference Count : 1]<UL><LI> thread.o(i._thread_init)
</UL>
<P><STRONG><a name="[12e]"></a>_thread_init</STRONG> (Thumb, 134 bytes, Stack size 48 bytes, thread.o(i._thread_init))
<BR><BR>[Stack]<UL><LI>Max Depth = 404<LI>Call Chain = _thread_init &rArr; rt_timer_init &rArr; rt_object_init &rArr; rt_spin_unlock_irqrestore &rArr; rt_exit_critical_safe &rArr; rt_exit_critical &rArr; rt_schedule &rArr; rt_scheduler_stack_check &rArr; rt_kprintf &rArr; rt_vsnprintf &rArr; print_number &rArr; __aeabi_memclr4
</UL>
<BR>[Calls]<UL><LI><a href="#[131]">&gt;&gt;</a>&nbsp;&nbsp;&nbsp;rt_timer_init
<LI><a href="#[f4]">&gt;&gt;</a>&nbsp;&nbsp;&nbsp;rt_memset
<LI><a href="#[117]">&gt;&gt;</a>&nbsp;&nbsp;&nbsp;rt_spin_lock_init
<LI><a href="#[12f]">&gt;&gt;</a>&nbsp;&nbsp;&nbsp;rt_sched_thread_init_ctx
<LI><a href="#[130]">&gt;&gt;</a>&nbsp;&nbsp;&nbsp;rt_hw_stack_init
</UL>
<BR>[Called By]<UL><LI><a href="#[17c]">&gt;&gt;</a>&nbsp;&nbsp;&nbsp;rt_thread_create
<LI><a href="#[21f]">&gt;&gt;</a>&nbsp;&nbsp;&nbsp;rt_thread_init
</UL>

<P><STRONG><a name="[132]"></a>_thread_set_suspend_state</STRONG> (Thumb, 78 bytes, Stack size 16 bytes, thread.o(i._thread_set_suspend_state))
<BR><BR>[Stack]<UL><LI>Max Depth = 88<LI>Call Chain = _thread_set_suspend_state &rArr; rt_assert_handler &rArr;  rt_kprintf (Cycle)
</UL>
<BR>[Calls]<UL><LI><a href="#[ea]">&gt;&gt;</a>&nbsp;&nbsp;&nbsp;rt_assert_handler
</UL>
<BR>[Called By]<UL><LI><a href="#[10a]">&gt;&gt;</a>&nbsp;&nbsp;&nbsp;rt_thread_suspend_to_list
</UL>

<P><STRONG><a name="[6a]"></a>_thread_timeout</STRONG> (Thumb, 104 bytes, Stack size 16 bytes, thread.o(i._thread_timeout))
<BR><BR>[Stack]<UL><LI>Max Depth = 284<LI>Call Chain = _thread_timeout &rArr; rt_sched_unlock_n_resched &rArr; rt_schedule &rArr; rt_scheduler_stack_check &rArr; rt_kprintf &rArr; rt_vsnprintf &rArr; print_number &rArr; __aeabi_memclr4
</UL>
<BR>[Calls]<UL><LI><a href="#[105]">&gt;&gt;</a>&nbsp;&nbsp;&nbsp;rt_object_get_type
<LI><a href="#[ea]">&gt;&gt;</a>&nbsp;&nbsp;&nbsp;rt_assert_handler
<LI><a href="#[135]">&gt;&gt;</a>&nbsp;&nbsp;&nbsp;rt_sched_unlock_n_resched
<LI><a href="#[133]">&gt;&gt;</a>&nbsp;&nbsp;&nbsp;rt_sched_thread_is_suspended
<LI><a href="#[10b]">&gt;&gt;</a>&nbsp;&nbsp;&nbsp;rt_sched_lock
<LI><a href="#[134]">&gt;&gt;</a>&nbsp;&nbsp;&nbsp;rt_sched_insert_thread
</UL>
<BR>[Address Reference Count : 1]<UL><LI> thread.o(i._thread_init)
</UL>
<P><STRONG><a name="[138]"></a>_timer_check</STRONG> (Thumb, 224 bytes, Stack size 32 bytes, timer.o(i._timer_check))
<BR><BR>[Stack]<UL><LI>Max Depth = 324<LI>Call Chain = _timer_check &rArr; rt_spin_unlock_irqrestore &rArr; rt_exit_critical_safe &rArr; rt_exit_critical &rArr; rt_schedule &rArr; rt_scheduler_stack_check &rArr; rt_kprintf &rArr; rt_vsnprintf &rArr; print_number &rArr; __aeabi_memclr4
</UL>
<BR>[Calls]<UL><LI><a href="#[113]">&gt;&gt;</a>&nbsp;&nbsp;&nbsp;rt_spin_unlock_irqrestore
<LI><a href="#[112]">&gt;&gt;</a>&nbsp;&nbsp;&nbsp;rt_spin_lock_irqsave
<LI><a href="#[139]">&gt;&gt;</a>&nbsp;&nbsp;&nbsp;rt_tick_get
<LI><a href="#[13e]">&gt;&gt;</a>&nbsp;&nbsp;&nbsp;rt_list_remove
<LI><a href="#[13d]">&gt;&gt;</a>&nbsp;&nbsp;&nbsp;rt_list_isempty
<LI><a href="#[13c]">&gt;&gt;</a>&nbsp;&nbsp;&nbsp;rt_list_insert_after
<LI><a href="#[13a]">&gt;&gt;</a>&nbsp;&nbsp;&nbsp;rt_list_init
<LI><a href="#[13f]">&gt;&gt;</a>&nbsp;&nbsp;&nbsp;_timer_start
<LI><a href="#[13b]">&gt;&gt;</a>&nbsp;&nbsp;&nbsp;_timer_remove
</UL>
<BR>[Called By]<UL><LI><a href="#[222]">&gt;&gt;</a>&nbsp;&nbsp;&nbsp;rt_timer_check
</UL>

<P><STRONG><a name="[140]"></a>_timer_init</STRONG> (Thumb, 66 bytes, Stack size 32 bytes, timer.o(i._timer_init))
<BR><BR>[Stack]<UL><LI>Max Depth = 32<LI>Call Chain = _timer_init
</UL>
<BR>[Calls]<UL><LI><a href="#[13a]">&gt;&gt;</a>&nbsp;&nbsp;&nbsp;rt_list_init
</UL>
<BR>[Called By]<UL><LI><a href="#[131]">&gt;&gt;</a>&nbsp;&nbsp;&nbsp;rt_timer_init
</UL>

<P><STRONG><a name="[13b]"></a>_timer_remove</STRONG> (Thumb, 28 bytes, Stack size 16 bytes, timer.o(i._timer_remove))
<BR><BR>[Stack]<UL><LI>Max Depth = 16<LI>Call Chain = _timer_remove
</UL>
<BR>[Calls]<UL><LI><a href="#[13e]">&gt;&gt;</a>&nbsp;&nbsp;&nbsp;rt_list_remove
</UL>
<BR>[Called By]<UL><LI><a href="#[10d]">&gt;&gt;</a>&nbsp;&nbsp;&nbsp;rt_timer_control
<LI><a href="#[202]">&gt;&gt;</a>&nbsp;&nbsp;&nbsp;rt_timer_stop
<LI><a href="#[218]">&gt;&gt;</a>&nbsp;&nbsp;&nbsp;rt_timer_detach
<LI><a href="#[13f]">&gt;&gt;</a>&nbsp;&nbsp;&nbsp;_timer_start
<LI><a href="#[138]">&gt;&gt;</a>&nbsp;&nbsp;&nbsp;_timer_check
</UL>

<P><STRONG><a name="[13f]"></a>_timer_start</STRONG> (Thumb, 228 bytes, Stack size 24 bytes, timer.o(i._timer_start))
<BR><BR>[Stack]<UL><LI>Max Depth = 40<LI>Call Chain = _timer_start &rArr; _timer_remove
</UL>
<BR>[Calls]<UL><LI><a href="#[139]">&gt;&gt;</a>&nbsp;&nbsp;&nbsp;rt_tick_get
<LI><a href="#[13c]">&gt;&gt;</a>&nbsp;&nbsp;&nbsp;rt_list_insert_after
<LI><a href="#[13b]">&gt;&gt;</a>&nbsp;&nbsp;&nbsp;_timer_remove
</UL>
<BR>[Called By]<UL><LI><a href="#[10e]">&gt;&gt;</a>&nbsp;&nbsp;&nbsp;rt_timer_start
<LI><a href="#[138]">&gt;&gt;</a>&nbsp;&nbsp;&nbsp;_timer_check
</UL>

<P><STRONG><a name="[13a]"></a>rt_list_init</STRONG> (Thumb, 6 bytes, Stack size 0 bytes, timer.o(i.rt_list_init))
<BR><BR>[Called By]<UL><LI><a href="#[216]">&gt;&gt;</a>&nbsp;&nbsp;&nbsp;rt_system_timer_init
<LI><a href="#[140]">&gt;&gt;</a>&nbsp;&nbsp;&nbsp;_timer_init
<LI><a href="#[138]">&gt;&gt;</a>&nbsp;&nbsp;&nbsp;_timer_check
</UL>

<P><STRONG><a name="[13c]"></a>rt_list_insert_after</STRONG> (Thumb, 14 bytes, Stack size 0 bytes, timer.o(i.rt_list_insert_after))
<BR><BR>[Called By]<UL><LI><a href="#[13f]">&gt;&gt;</a>&nbsp;&nbsp;&nbsp;_timer_start
<LI><a href="#[138]">&gt;&gt;</a>&nbsp;&nbsp;&nbsp;_timer_check
</UL>

<P><STRONG><a name="[13d]"></a>rt_list_isempty</STRONG> (Thumb, 16 bytes, Stack size 0 bytes, timer.o(i.rt_list_isempty))
<BR><BR>[Called By]<UL><LI><a href="#[138]">&gt;&gt;</a>&nbsp;&nbsp;&nbsp;_timer_check
</UL>

<P><STRONG><a name="[13e]"></a>rt_list_remove</STRONG> (Thumb, 18 bytes, Stack size 0 bytes, timer.o(i.rt_list_remove))
<BR><BR>[Called By]<UL><LI><a href="#[13b]">&gt;&gt;</a>&nbsp;&nbsp;&nbsp;_timer_remove
<LI><a href="#[138]">&gt;&gt;</a>&nbsp;&nbsp;&nbsp;_timer_check
</UL>

<P><STRONG><a name="[14f]"></a>bus_fault_track</STRONG> (Thumb, 130 bytes, Stack size 8 bytes, cpuport.o(i.bus_fault_track))
<BR><BR>[Stack]<UL><LI>Max Depth = 220<LI>Call Chain = bus_fault_track &rArr; rt_kprintf &rArr; rt_vsnprintf &rArr; print_number &rArr; __aeabi_memclr4
</UL>
<BR>[Calls]<UL><LI><a href="#[d0]">&gt;&gt;</a>&nbsp;&nbsp;&nbsp;rt_kprintf
</UL>
<BR>[Called By]<UL><LI><a href="#[18c]">&gt;&gt;</a>&nbsp;&nbsp;&nbsp;hard_fault_track
</UL>

<P><STRONG><a name="[18c]"></a>hard_fault_track</STRONG> (Thumb, 82 bytes, Stack size 8 bytes, cpuport.o(i.hard_fault_track))
<BR><BR>[Stack]<UL><LI>Max Depth = 228<LI>Call Chain = hard_fault_track &rArr; usage_fault_track &rArr; rt_kprintf &rArr; rt_vsnprintf &rArr; print_number &rArr; __aeabi_memclr4
</UL>
<BR>[Calls]<UL><LI><a href="#[d0]">&gt;&gt;</a>&nbsp;&nbsp;&nbsp;rt_kprintf
<LI><a href="#[18e]">&gt;&gt;</a>&nbsp;&nbsp;&nbsp;usage_fault_track
<LI><a href="#[18d]">&gt;&gt;</a>&nbsp;&nbsp;&nbsp;mem_manage_fault_track
<LI><a href="#[14f]">&gt;&gt;</a>&nbsp;&nbsp;&nbsp;bus_fault_track
</UL>
<BR>[Called By]<UL><LI><a href="#[b7]">&gt;&gt;</a>&nbsp;&nbsp;&nbsp;rt_hw_hard_fault_exception
</UL>

<P><STRONG><a name="[18d]"></a>mem_manage_fault_track</STRONG> (Thumb, 114 bytes, Stack size 8 bytes, cpuport.o(i.mem_manage_fault_track))
<BR><BR>[Stack]<UL><LI>Max Depth = 220<LI>Call Chain = mem_manage_fault_track &rArr; rt_kprintf &rArr; rt_vsnprintf &rArr; print_number &rArr; __aeabi_memclr4
</UL>
<BR>[Calls]<UL><LI><a href="#[d0]">&gt;&gt;</a>&nbsp;&nbsp;&nbsp;rt_kprintf
</UL>
<BR>[Called By]<UL><LI><a href="#[18c]">&gt;&gt;</a>&nbsp;&nbsp;&nbsp;hard_fault_track
</UL>

<P><STRONG><a name="[18e]"></a>usage_fault_track</STRONG> (Thumb, 122 bytes, Stack size 8 bytes, cpuport.o(i.usage_fault_track))
<BR><BR>[Stack]<UL><LI>Max Depth = 220<LI>Call Chain = usage_fault_track &rArr; rt_kprintf &rArr; rt_vsnprintf &rArr; print_number &rArr; __aeabi_memclr4
</UL>
<BR>[Calls]<UL><LI><a href="#[d0]">&gt;&gt;</a>&nbsp;&nbsp;&nbsp;rt_kprintf
</UL>
<BR>[Called By]<UL><LI><a href="#[18c]">&gt;&gt;</a>&nbsp;&nbsp;&nbsp;hard_fault_track
</UL>

<P><STRONG><a name="[d8]"></a>SetSysClock</STRONG> (Thumb, 236 bytes, Stack size 16 bytes, system_n32g45x.o(i.SetSysClock))
<BR><BR>[Stack]<UL><LI>Max Depth = 16<LI>Call Chain = SetSysClock
</UL>
<BR>[Called By]<UL><LI><a href="#[66]">&gt;&gt;</a>&nbsp;&nbsp;&nbsp;SystemInit
</UL>
<P>
<H3>
Undefined Global Symbols
</H3><HR></body></html>
